 testttt_sfun

 Timestamp is 552691dd (Thu Apr 09 16:51:09 2015)

 Preferred load address is 0000000180000000

 Start         Length     Name                   Class
 0001:00000000 00034a84H .text                   CODE
 0001:00034a90 00000092H .text$x                 CODE
 0002:00000000 00000488H .idata$5                DATA
 0002:00000488 00000008H .CRT$XCA                DATA
 0002:00000490 00000008H .CRT$XCZ                DATA
 0002:00000498 00000008H .CRT$XIA                DATA
 0002:000004a0 00000008H .CRT$XIAA               DATA
 0002:000004a8 00000008H .CRT$XIZ                DATA
 0002:000004b0 00004b0cH .rdata                  DATA
 0002:00004fc0 00000008H .rtc$IAA                DATA
 0002:00004fc8 00000008H .rtc$IZZ                DATA
 0002:00004fd0 00000008H .rtc$TAA                DATA
 0002:00004fd8 00000008H .rtc$TZZ                DATA
 0002:00004fe0 0000414cH .xdata                  DATA
 0002:0000912c 0000008cH .idata$2                DATA
 0002:000091b8 00000014H .idata$3                DATA
 0002:000091d0 00000488H .idata$4                DATA
 0002:00009658 00000a9eH .idata$6                DATA
 0002:0000a100 00000052H .edata                  DATA
 0003:00000000 00001438H .data                   DATA
 0003:00001440 00002418H .bss                    DATA
 0004:00000000 000030fcH .pdata                  DATA

  Address         Publics by Value              Rva+Base               Lib:Object

 0000:00000000       ___safe_se_handler_table   0000000000000000     <absolute>
 0000:00000000       ___safe_se_handler_count   0000000000000000     <absolute>
 0000:00000000       __ImageBase                0000000180000000     <linker-defined>
 0001:00000000       sf_c2_testttt_get_eml_resolved_functions_info 0000000180001000 f   c2_testttt.obj
 0001:00000080       sf_c2_testttt_get_check_sum 0000000180001080 f   c2_testttt.obj
 0001:00000100       sf_c2_testttt_get_autoinheritance_info 0000000180001100 f   c2_testttt.obj
 0001:00000520       sf_c2_testttt_third_party_uses_info 0000000180001520 f   c2_testttt.obj
 0001:00000550       sf_internal_get_sim_state_c2_testttt 0000000180001550 f   c2_testttt.obj
 0001:000008a0       sf_internal_set_sim_state_c2_testttt 00000001800018a0 f   c2_testttt.obj
 0001:00000ca0       c2_testttt_method_dispatcher 0000000180001ca0 f   c2_testttt.obj
 0001:00002910       sf_process_check_sum_call  0000000180003910 f   testttt_sfun_registry.obj
 0001:00002960       sf_process_autoinheritance_call 0000000180003960 f   testttt_sfun_registry.obj
 0001:00002b00       sf_process_get_third_party_uses_info_call 0000000180003b00 f   testttt_sfun_registry.obj
 0001:00002ca0       sf_process_get_eml_resolved_functions_info_call 0000000180003ca0 f   testttt_sfun_registry.obj
 0001:00002e20       sf_mex_unlock_call         0000000180003e20 f   testttt_sfun_registry.obj
 0001:00002ed0       sf_machine_global_initializer_called 0000000180003ed0 f   testttt_sfun_registry.obj
 0001:00002f00       sf_machine_global_method_dispatcher 0000000180003f00 f   testttt_sfun_registry.obj
 0001:00002f60       sf_machine_global_terminator 0000000180003f60 f   testttt_sfun_registry.obj
 0001:00002fb0       sf_register_machine_exported_symbols 0000000180003fb0 f   testttt_sfun_registry.obj
 0001:00002fd0       callCustomFcn              0000000180003fd0 f   testttt_sfun_registry.obj
 0001:00002fe0       sf_machine_global_initializer 0000000180003fe0 f   testttt_sfun_registry.obj
 0001:00003060       _ssSetStateAbsTol          0000000180004060 f   testttt_sfun_registry.obj
 0001:00003140       _ssGetAbsTol               0000000180004140 f   testttt_sfun_registry.obj
 0001:000031b0       _ssSetInputPortMatrixDimensions 00000001800041b0 f   testttt_sfun_registry.obj
 0001:000032c0       _ssSetOutputPortMatrixDimensions 00000001800042c0 f   testttt_sfun_registry.obj
 0001:000033d0       _ssSetInputPortVectorDimension 00000001800043d0 f   testttt_sfun_registry.obj
 0001:000034a0       _ssSetOutputPortVectorDimension 00000001800044a0 f   testttt_sfun_registry.obj
 0001:00003570       ssIsRunTimeParamTunable    0000000180004570 f   testttt_sfun_registry.obj
 0001:000035e0       ssGetSFuncBlockHandle      00000001800045e0 f   testttt_sfun_registry.obj
 0001:00003650       _ssGetCurrentInputPortWidth 0000000180004650 f   testttt_sfun_registry.obj
 0001:00003770       _ssGetCurrentOutputPortWidth 0000000180004770 f   testttt_sfun_registry.obj
 0001:00003890       _ssGetCallSystemNumFcnCallDestinations 0000000180004890 f   testttt_sfun_registry.obj
 0001:00003900       ssWarning                  0000000180004900 f   testttt_sfun_registry.obj
 0001:00003a10       ssGetIsZeroCrossControlDisabled 0000000180004a10 f   testttt_sfun_registry.obj
 0001:00003a80       ssSetIsInputPortUsedForContZcSignal 0000000180004a80 f   testttt_sfun_registry.obj
 0001:00003af0       ssSetZcSignalIsZcElementDisc 0000000180004af0 f   testttt_sfun_registry.obj
 0001:00003ba0       ssSetZcSignalName          0000000180004ba0 f   testttt_sfun_registry.obj
 0001:00003c10       ssSetZcSignalWidth         0000000180004c10 f   testttt_sfun_registry.obj
 0001:00003c80       ssSetZcSignalZcEventType   0000000180004c80 f   testttt_sfun_registry.obj
 0001:00003cf0       ssSetZcSignalType          0000000180004cf0 f   testttt_sfun_registry.obj
 0001:00003d60       ssSetZcSignalZcTol         0000000180004d60 f   testttt_sfun_registry.obj
 0001:00003dd0       ssSetZcSignalNeedsEventNotification 0000000180004dd0 f   testttt_sfun_registry.obj
 0001:00003e40       ssCreateAndAddZcSignalInfo 0000000180004e40 f   testttt_sfun_registry.obj
 0001:00003eb0       ssCloneAndAddZcSignalInfo  0000000180004eb0 f   testttt_sfun_registry.obj
 0001:00003f20       ssGetNumZcSignals          0000000180004f20 f   testttt_sfun_registry.obj
 0001:00003f90       ssGetZcSignalVector        0000000180004f90 f   testttt_sfun_registry.obj
 0001:00004000       ssGetZcSignalZcEvents      0000000180005000 f   testttt_sfun_registry.obj
 0001:00004070       ssGetZcSignalName          0000000180005070 f   testttt_sfun_registry.obj
 0001:000040e0       ssGetZcSignalWidth         00000001800050e0 f   testttt_sfun_registry.obj
 0001:00004150       ssGetZcSignalZcEventType   0000000180005150 f   testttt_sfun_registry.obj
 0001:000041c0       ssGetZcSignalType          00000001800051c0 f   testttt_sfun_registry.obj
 0001:00004230       ssGetZcSignalZcTol         0000000180005230 f   testttt_sfun_registry.obj
 0001:000042b0       ssGetZcSignalNeedsEventNotification 00000001800052b0 f   testttt_sfun_registry.obj
 0001:00004320       ssGetZcSignalIsZcElementDisc 0000000180005320 f   testttt_sfun_registry.obj
 0001:000043c0       ssGetIsInputPortElementContinuous 00000001800053c0 f   testttt_sfun_registry.obj
 0001:00004460       _ssGetInputPortSignalPtrsFcn 0000000180005460 f   testttt_sfun_registry.obj
 0001:00004720       _ssGetInputPortSignalFcn   0000000180005720 f   testttt_sfun_registry.obj
 0001:00004940       _ssSetInputPortDirectFeedThroughFcn 0000000180005940 f   testttt_sfun_registry.obj
 0001:00004aa0       _ssSetInputPortReusableFcn 0000000180005aa0 f   testttt_sfun_registry.obj
 0001:00004b90       _ssSetOutputPortReusableFcn 0000000180005b90 f   testttt_sfun_registry.obj
 0001:00004c70       ssGetDTypeIdFromMxArray    0000000180005c70 f   testttt_sfun_registry.obj
 0001:00004d90       ssWriteRTWStr              0000000180005d90 f   testttt_sfun_registry.obj
 0001:00004df0       ssWriteRTWMxVectParam      0000000180005df0 f   testttt_sfun_registry.obj
 0001:00004e50       ssWriteRTWMx2dMatParam     0000000180005e50 f   testttt_sfun_registry.obj
 0001:00004ed0       ssWriteRTWNameValuePair    0000000180005ed0 f   testttt_sfun_registry.obj
 0001:000053c0       ssWriteRTWParameters       00000001800063c0 f   testttt_sfun_registry.obj
 0001:000059c0       ssWriteRTWParamSettings    00000001800069c0 f   testttt_sfun_registry.obj
 0001:00006090       ssWriteRTWWorkVect         0000000180007090 f   testttt_sfun_registry.obj
 0001:00006590       mexFunction                0000000180007590 f   testttt_sfun_registry.obj
 0001:000082c0       ProcessMexSfunctionEveryCall 00000001800092c0 f   testttt_sfun_registry.obj
 0001:00008430       testttt_initializer        0000000180009430 f   testttt_sfun.obj
 0001:00008440       testttt_terminator         0000000180009440 f   testttt_sfun.obj
 0001:00008450       sf_testttt_method_dispatcher 0000000180009450 f   testttt_sfun.obj
 0001:000084a0       sf_testttt_process_check_sum_call 00000001800094a0 f   testttt_sfun.obj
 0001:000088b0       sf_testttt_autoinheritance_info 00000001800098b0 f   testttt_sfun.obj
 0001:00008a20       sf_testttt_get_eml_resolved_functions_info 0000000180009a20 f   testttt_sfun.obj
 0001:00008b50       sf_testttt_third_party_uses_info 0000000180009b50 f   testttt_sfun.obj
 0001:00008ca0       testttt_debug_initialize   0000000180009ca0 f   testttt_sfun.obj
 0001:00008d20       testttt_register_exported_symbols 0000000180009d20 f   testttt_sfun.obj
 0001:00008d30       load_testttt_optimization_info 0000000180009d30 f   testttt_sfun.obj
 0001:00008d80       unload_testttt_optimization_info 0000000180009d80 f   testttt_sfun.obj
 0001:00008ea0       sf_mex_mx_is_numeric       0000000180009ea0 f   sfc_mex:sfc_mex.obj
 0001:00008ee0       strcmp_ignore_ws           0000000180009ee0 f   sfc_mex:sfc_mex.obj
 0001:00009020       sf_mex_duplicatearraysafe  000000018000a020 f   sfc_mex:sfc_mex.obj
 0001:00009180       sf_set_error_debugger_context_message_fcn 000000018000a180 f   sfc_mex:sfc_mex.obj
 0001:00009190       sf_set_debugger_matlab_error_fcn 000000018000a190 f   sfc_mex:sfc_mex.obj
 0001:000091d0       sf_set_error_prefix_string 000000018000a1d0 f   sfc_mex:sfc_mex.obj
 0001:00009200       sf_get_error_prefix_string 000000018000a200 f   sfc_mex:sfc_mex.obj
 0001:00009210       sf_mex_enter_parallel_region 000000018000a210 f   sfc_mex:sfc_mex.obj
 0001:00009220       sf_mex_exit_parallel_region 000000018000a220 f   sfc_mex:sfc_mex.obj
 0001:00009230       sf_get_current_jmp_buf_ptr 000000018000a230 f   sfc_mex:sfc_mex.obj
 0001:00009240       sf_set_current_jmp_buf_ptr 000000018000a240 f   sfc_mex:sfc_mex.obj
 0001:00009250       sf_mex_set_halt_simulation 000000018000a250 f   sfc_mex:sfc_mex.obj
 0001:00009260       sf_mex_get_halt_simulation 000000018000a260 f   sfc_mex:sfc_mex.obj
 0001:00009270       sf_mex_clear_error_message 000000018000a270 f   sfc_mex:sfc_mex.obj
 0001:00009290       sf_mex_get_error_message_for_read 000000018000a290 f   sfc_mex:sfc_mex.obj
 0001:000092a0       sf_mex_get_error_message_buffer_length 000000018000a2a0 f   sfc_mex:sfc_mex.obj
 0001:00009380       sf_mex_warning_message     000000018000a380 f   sfc_mex:sfc_mex.obj
 0001:000093f0       sf_mex_v_errbuf_createf    000000018000a3f0 f   sfc_mex:sfc_mex.obj
 0001:00009400       sf_mex_errbuf_createf      000000018000a400 f   sfc_mex:sfc_mex.obj
 0001:00009430       sf_mex_v_errbuf_catf       000000018000a430 f   sfc_mex:sfc_mex.obj
 0001:00009470       sf_mex_errbuf_catf         000000018000a470 f   sfc_mex:sfc_mex.obj
 0001:000094c0       sf_mex_errbuf_copy         000000018000a4c0 f   sfc_mex:sfc_mex.obj
 0001:000094d0       sf_mex_errbuf_clear        000000018000a4d0 f   sfc_mex:sfc_mex.obj
 0001:000094e0       sf_mex_errbuf_isempty      000000018000a4e0 f   sfc_mex:sfc_mex.obj
 0001:000095e0       sf_mex_set_error_status    000000018000a5e0 f   sfc_mex:sfc_mex.obj
 0001:00009630       sf_mex_error_direct_call   000000018000a630 f   sfc_mex:sfc_mex.obj
 0001:00009650       sf_mex_error_message_no_long_jump 000000018000a650 f   sfc_mex:sfc_mex.obj
 0001:00009670       sf_mex_long_jump_on_error  000000018000a670 f   sfc_mex:sfc_mex.obj
 0001:000096a0       sf_mex_call_matlab         000000018000a6a0 f   sfc_mex:sfc_mex.obj
 0001:000097c0       sf_mex_check_builtin       000000018000a7c0 f   sfc_mex:sfc_mex.obj
 0001:00009860       sf_mex_check_builtin_vs    000000018000a860 f   sfc_mex:sfc_mex.obj
 0001:00009920       sf_mex_check_enum          000000018000a920 f   sfc_mex:sfc_mex.obj
 0001:000099a0       sf_mex_create_enum         000000018000a9a0 f   sfc_mex:sfc_mex.obj
 0001:00009a10       sf_mex_get_enum_element    000000018000aa10 f   sfc_mex:sfc_mex.obj
 0001:00009a20       sf_mex_createcellarray     000000018000aa20 f   sfc_mex:sfc_mex.obj
 0001:00009a30       sf_mex_setcell             000000018000aa30 f   sfc_mex:sfc_mex.obj
 0001:00009a40       sf_mex_getcell             000000018000aa40 f   sfc_mex:sfc_mex.obj
 0001:00009a50       sf_mex_dup                 000000018000aa50 f   sfc_mex:sfc_mex.obj
 0001:00009a70       sf_mex_assign              000000018000aa70 f   sfc_mex:sfc_mex.obj
 0001:00009af0       sf_mex_destroy             000000018000aaf0 f   sfc_mex:sfc_mex.obj
 0001:00009b20       mx_array_has_fi_type       000000018000ab20 f   sfc_mex:sfc_mex.obj
 0001:00009b50       sf_mex_convert_from_fi     000000018000ab50 f   sfc_mex:sfc_mex.obj
 0001:00009c80       sf_mex_convert_to_double   000000018000ac80 f   sfc_mex:sfc_mex.obj
 0001:00009da0       sf_mex_import_fi_vs        000000018000ada0 f   sfc_mex:sfc_mex.obj
 0001:00009fd0       sf_matrix_matrix_index_ok  000000018000afd0 f   sfc_mex:sfc_mex.obj
 0001:0000a060       sf_vector_vector_index_ok  000000018000b060 f   sfc_mex:sfc_mex.obj
 0001:0000a090       ssGetCurrentInputPortDimensions_wrapper 000000018000b090 f   sfc_mex:sfc_mex.obj
 0001:0000a0b0       ssGetCurrentOutputPortDimensions_wrapper 000000018000b0b0 f   sfc_mex:sfc_mex.obj
 0001:0000a0d0       sf_mex_emlrt_context_is_debug_mode 000000018000b0d0 f   sfc_mex:sfc_mex.obj
 0001:0000a0e0       sf_mex_emlrt_context_set_debug_mode 000000018000b0e0 f   sfc_mex:sfc_mex.obj
 0001:0000a0f0       sf_mex_emlrtNameCapturePostProcessR2012a 000000018000b0f0 f   sfc_mex:sfc_mex.obj
 0001:0000a160       sf_clear_error_manager_info 000000018000b160 f   sfc_mex:sfc_mex.obj
 0001:0000a1c0       sf_mex_stop_simulation_abruptly_wo_error 000000018000b1c0 f   sfc_mex:sfc_mex.obj
 0001:0000a200       sf_mex_error_message       000000018000b200 f   sfc_mex:sfc_mex.obj
 0001:0000a270       sf_react_to_error_in_matlab_call 000000018000b270 f   sfc_mex:sfc_mex.obj
 0001:0000a2a0       sf_mex_addfield            000000018000b2a0 f   sfc_mex:sfc_mex.obj
 0001:0000a340       sf_mex_getfield            000000018000b340 f   sfc_mex:sfc_mex.obj
 0001:0000a640       sf_mex_check_class         000000018000b640 f   sfc_mex:sfc_mex.obj
 0001:0000a6e0       sf_mex_is_real             000000018000b6e0 f   sfc_mex:sfc_mex.obj
 0001:0000ab50       sf_mex_decode_encoded_mx_struct_array 000000018000bb50 f   sfc_mex:sfc_mex.obj
 0001:0000ae40       sf_mex_lw_bounds_check     000000018000be40 f   sfc_mex:sfc_mex.obj
 0001:0000ae70       sf_mex_lw_size_eq_check_1d 000000018000be70 f   sfc_mex:sfc_mex.obj
 0001:0000ae90       sf_mex_lw_size_eq_check_nd 000000018000be90 f   sfc_mex:sfc_mex.obj
 0001:0000b070       sf_mex_lw_dim_size_eq_check 000000018000c070 f   sfc_mex:sfc_mex.obj
 0001:0000b0a0       sf_mex_lw_dim_size_geq_check 000000018000c0a0 f   sfc_mex:sfc_mex.obj
 0001:0000b0d0       sf_mex_lw_sub_assign_size_check_nd 000000018000c0d0 f   sfc_mex:sfc_mex.obj
 0001:0000b2a0       sf_mex_lw_runtime_error_msgid 000000018000c2a0 f   sfc_mex:sfc_mex.obj
 0001:0000b390       sf_mex_lw_matrix_matrix_index_check 000000018000c390 f   sfc_mex:sfc_mex.obj
 0001:0000b3b0       sf_mex_lw_vector_vector_index_check 000000018000c3b0 f   sfc_mex:sfc_mex.obj
 0001:0000b3f0       sf_mex_lw_for_loop_vector_check 000000018000c3f0 f   sfc_mex:sfc_mex.obj
 0001:0000b480       sf_mex_lw_non_negative_check 000000018000c480 f   sfc_mex:sfc_mex.obj
 0001:0000b4c0       sf_mex_overflow_error      000000018000c4c0 f   sfc_mex:sfc_mex.obj
 0001:0000b4d0       sf_mex_dividebyzero_error  000000018000c4d0 f   sfc_mex:sfc_mex.obj
 0001:0000b4e0       sf_mex_unsafe_enum_error   000000018000c4e0 f   sfc_mex:sfc_mex.obj
 0001:0000b4f0       sf_emlrtErrHandler         000000018000c4f0 f   sfc_mex:sfc_mex.obj
 0001:0000b5d0       sf_mex_size_one_check      000000018000c5d0 f   sfc_mex:sfc_mex.obj
 0001:0000b5f0       sf_mex_printf              000000018000c5f0 f   sfc_mex:sfc_mex.obj
 0001:0000b7c0       sf_mex_check_size          000000018000c7c0 f   sfc_mex:sfc_mex.obj
 0001:0000ba60       sf_mex_check_struct        000000018000ca60 f   sfc_mex:sfc_mex.obj
 0001:0000bcc0       sf_mex_check_struct_vs     000000018000ccc0 f   sfc_mex:sfc_mex.obj
 0001:0000bd50       sf_mex_check_fi            000000018000cd50 f   sfc_mex:sfc_mex.obj
 0001:0000be50       sf_mex_check_fi_vs         000000018000ce50 f   sfc_mex:sfc_mex.obj
 0001:0000bef0       sf_echo_expression         000000018000cef0 f   sfc_mex:sfc_mex.obj
 0001:0000bf50       sf_assertion_failed        000000018000cf50 f   sfc_mex:sfc_mex.obj
 0001:0000c230       sf_mex_evalin              000000018000d230 f   sfc_mex:sfc_mex.obj
 0001:0000c4a0       sf_mex_export              000000018000d4a0 f   sfc_mex:sfc_mex.obj
 0001:0000c560       sf_mex_get_ml_var_no_error 000000018000d560 f   sfc_mex:sfc_mex.obj
 0001:0000c700       sf_mex_get_ml_var          000000018000d700 f   sfc_mex:sfc_mex.obj
 0001:0000cb90       ml_set_element_value_in_array 000000018000db90 f   sfc_mex:sfc_mex.obj
 0001:0000dc50       sf_mex_call_impl           000000018000ec50 f   sfc_mex:sfc_mex.obj
 0001:0000e070       sf_mex_call_debug          000000018000f070 f   sfc_mex:sfc_mex.obj
 0001:0000e0a0       sf_mex_call                000000018000f0a0 f   sfc_mex:sfc_mex.obj
 0001:0000e6f0       sf_mex_createstruct        000000018000f6f0 f   sfc_mex:sfc_mex.obj
 0001:0000e800       sf_mex_createstructarray   000000018000f800 f   sfc_mex:sfc_mex.obj
 0001:0000e880       sf_mex_get_mx_datatype_from_sf_datatype 000000018000f880 f   sfc_mex:sfc_mex.obj
 0001:0000eb90       sf_mex_ml_var_sub          000000018000fb90 f   sfc_mex:sfc_mex.obj
 0001:0000ed70       sf_mex_ml_var_subsasgn     000000018000fd70 f   sfc_mex:sfc_mex.obj
 0001:0000f170       sf_mex_sub                 0000000180010170 f   sfc_mex:sfc_mex.obj
 0001:0000f380       sf_mex_subsasgn            0000000180010380 f   sfc_mex:sfc_mex.obj
 0001:0000f890       sf_mex_create              0000000180010890 f   sfc_mex:sfc_mex.obj
 0001:00010230       sf_mex_import_named        0000000180011230 f   sfc_mex:sfc_mex.obj
 0001:00010290       sf_mex_import              0000000180011290 f   sfc_mex:sfc_mex.obj
 0001:000102e0       sf_mex_import_vs           00000001800112e0 f   sfc_mex:sfc_mex.obj
 0001:000103f0       sf_mex_lower_fixpt_mx_array 00000001800113f0 f   sfc_mex:sfc_mex.obj
 0001:000106f0       sf_send_message_wrapper    00000001800116f0 f   sfc_mex:sfc_sf.obj
 0001:00010720       sf_receive_message_wrapper 0000000180011720 f   sfc_mex:sfc_sf.obj
 0001:00010760       sf_check_out_message_wrapper 0000000180011760 f   sfc_mex:sfc_sf.obj
 0001:000107a0       sf_check_in_message_wrapper 00000001800117a0 f   sfc_mex:sfc_sf.obj
 0001:000107e0       sf_no_message_wrapper      00000001800117e0 f   sfc_mex:sfc_sf.obj
 0001:00010b70       sim_mode_is_rtw_gen        0000000180011b70 f   sfc_mex:sfc_sf.obj
 0001:00010ba0       sim_mode_is_external       0000000180011ba0 f   sfc_mex:sfc_sf.obj
 0001:00010bb0       sim_mode_is_modelref_sim   0000000180011bb0 f   sfc_mex:sfc_sf.obj
 0001:00010bd0       mdlInitializeSizes         0000000180011bd0 f   sfc_mex:sfc_sf.obj
 0001:00010bf0       mdlInitializeSampleTimes   0000000180011bf0 f   sfc_mex:sfc_sf.obj
 0001:00010c30       mdlZeroCrossings           0000000180011c30 f   sfc_mex:sfc_sf.obj
 0001:00010d20       mdlDerivatives             0000000180011d20 f   sfc_mex:sfc_sf.obj
 0001:00010de0       mdl_initialize_conditions_processing 0000000180011de0 f   sfc_mex:sfc_sf.obj
 0001:00010e10       mdlInitializeConditions    0000000180011e10 f   sfc_mex:sfc_sf.obj
 0001:00010ed0       mdlGetSimState             0000000180011ed0 f   sfc_mex:sfc_sf.obj
 0001:00010ee0       mdlSetSimState             0000000180011ee0 f   sfc_mex:sfc_sf.obj
 0001:00010ef0       mdl_ext_mode_exec_processing 0000000180011ef0 f   sfc_mex:sfc_sf.obj
 0001:00010f10       mdlExtModeExec             0000000180011f10 f   sfc_mex:sfc_sf.obj
 0001:000110b0       mdlTerminate               00000001800120b0 f   sfc_mex:sfc_sf.obj
 0001:00011120       mdlRTW                     0000000180012120 f   sfc_mex:sfc_sf.obj
 0001:00011150       mdlSetWorkWidths           0000000180012150 f   sfc_mex:sfc_sf.obj
 0001:00011160       mdlProcessParameters       0000000180012160 f   sfc_mex:sfc_sf.obj
 0001:00011170       mdl_start_processing       0000000180012170 f   sfc_mex:sfc_sf.obj
 0001:000111d0       mdlStart                   00000001800121d0 f   sfc_mex:sfc_sf.obj
 0001:000112e0       mdlEnable                  00000001800122e0 f   sfc_mex:sfc_sf.obj
 0001:000113c0       mdlDisable                 00000001800123c0 f   sfc_mex:sfc_sf.obj
 0001:00011480       sf_get_chart_instance_ptr  0000000180012480 f   sfc_mex:sfc_sf.obj
 0001:000114a0       sf_load_rtw_optimization_info 00000001800124a0 f   sfc_mex:sfc_sf.obj
 0001:00011570       sf_update_buildInfo        0000000180012570 f   sfc_mex:sfc_sf.obj
 0001:00011670       sf_rtw_info_uint_prop      0000000180012670 f   sfc_mex:sfc_sf.obj
 0001:000117b0       sf_is_chart_inlinable      00000001800127b0 f   sfc_mex:sfc_sf.obj
 0001:000117d0       sf_mark_output_events_with_multiple_callers 00000001800127d0 f   sfc_mex:sfc_sf.obj
 0001:00011960       sf_mark_chart_reusable_outputs 0000000180012960 f   sfc_mex:sfc_sf.obj
 0001:00011bc0       sf_mark_chart_expressionable_inputs 0000000180012bc0 f   sfc_mex:sfc_sf.obj
 0001:00011e20       sf_get_subchart_simstruct  0000000180012e20 f   sfc_mex:sfc_sf.obj
 0001:00011e70       sf_get_fixpt_data_type_id  0000000180012e70 f   sfc_mex:sfc_sf.obj
 0001:00011eb0       sf_get_enum_data_type_id   0000000180012eb0 f   sfc_mex:sfc_sf.obj
 0001:00011ef0       sf_get_param_data_type_id  0000000180012ef0 f   sfc_mex:sfc_sf.obj
 0001:00011f20       sf_mex_listen_for_ctrl_c_force 0000000180012f20 f   sfc_mex:sfc_sf.obj
 0001:00012030       sf_mex_draw_now            0000000180013030 f   sfc_mex:sfc_sf.obj
 0001:00012070       sf_mex_set_debugger_sim_status_listener_fcn 0000000180013070 f   sfc_mex:sfc_sf.obj
 0001:00012080       sf_mex_listen_for_ctrl_c   0000000180013080 f   sfc_mex:sfc_sf.obj
 0001:00012120       sf_mex_get_sfun_param      0000000180013120 f   sfc_mex:sfc_sf.obj
 0001:00012170       sf_get_runtime_param_data  0000000180013170 f   sfc_mex:sfc_sf.obj
 0001:000121b0       sf_call_output_fcn_call    00000001800131b0 f   sfc_mex:sfc_sf.obj
 0001:000122f0       sf_call_output_fcn_enable  00000001800132f0 f   sfc_mex:sfc_sf.obj
 0001:00012380       sf_call_output_fcn_disable 0000000180013380 f   sfc_mex:sfc_sf.obj
 0001:00012410       sf_clear_rtw_identifier    0000000180013410 f   sfc_mex:sfc_sf.obj
 0001:00012c30       sf_set_encoded_dwork_info  0000000180013c30 f   sfc_mex:sfc_sf.obj
 0001:00012c80       sf_get_dwork_info_from_mat_file 0000000180013c80 f   sfc_mex:sfc_sf.obj
 0001:00012e40       sf_set_rtw_dwork_info      0000000180013e40 f   sfc_mex:sfc_sf.obj
 0001:00012fb0       mdlOutputs                 0000000180013fb0 f   sfc_mex:sfc_sf.obj
 0001:000130d0       sf_debug_chart_instance_initialized_quick 00000001800140d0 f   sfc_debug:sfcdebug.obj
 0001:00013150       sf_debug_disp              0000000180014150 f   sfc_debug:sfcdebug.obj
 0001:00013420       sf_debug_data_runtime_size_mismatch_error_check 0000000180014420 f   sfc_debug:sfcdebug.obj
 0001:000134d0       sf_debug_try_loading_machine 00000001800144d0 f   sfc_debug:sfcdebug.obj
 0001:000135d0       sf_debug_reset_current_state_configuration 00000001800145d0 f   sfc_debug:sfcdebug.obj
 0001:00013650       sf_debug_store_current_state_configuration 0000000180014650 f   sfc_debug:sfcdebug.obj
 0001:000136d0       sf_debug_restore_previous_state_configuration 00000001800146d0 f   sfc_debug:sfcdebug.obj
 0001:00013750       sf_debug_restore_previous_state_configuration2 0000000180014750 f   sfc_debug:sfcdebug.obj
 0001:000137d0       sf_debug_get_event_scope   00000001800147d0 f   sfc_debug:sfcdebug.obj
 0001:00013940       use_debugger_step_animation 0000000180014940 f   sfc_debug:sfcdebug.obj
 0001:00013960       sf_debug_get_script_id     0000000180014960 f   sfc_debug:sfcdebug.obj
 0001:000139f0       sf_debug_set_script_translation 00000001800149f0 f   sfc_debug:sfcdebug.obj
 0001:00013b70       sf_debug_extract_message_post_receive_info 0000000180014b70 f   sfc_debug:sfcdebug.obj
 0001:00013d30       sf_debug_get_current_machine_id 0000000180014d30 f   sfc_debug:sfcdebug.obj
 0001:00013d50       sf_debug_get_current_optional_integer 0000000180014d50 f   sfc_debug:sfcdebug.obj
 0001:00013d60       sf_debug_get_current_machine_number 0000000180014d60 f   sfc_debug:sfcdebug.obj
 0001:00013d80       sf_debug_get_current_machine_name 0000000180014d80 f   sfc_debug:sfcdebug.obj
 0001:00013da0       sf_debug_get_current_chart_id 0000000180014da0 f   sfc_debug:sfcdebug.obj
 0001:00013de0       sf_debug_get_current_chart_number 0000000180014de0 f   sfc_debug:sfcdebug.obj
 0001:00013df0       sf_debug_get_current_instance_number 0000000180014df0 f   sfc_debug:sfcdebug.obj
 0001:00013e00       sf_debug_get_current_is_minor_time_step 0000000180014e00 f   sfc_debug:sfcdebug.obj
 0001:00013e80       sf_debug_get_current_object_type 0000000180014e80 f   sfc_debug:sfcdebug.obj
 0001:00013e90       sf_debug_get_current_instance_handle 0000000180014e90 f   sfc_debug:sfcdebug.obj
 0001:00013ef0       sf_debug_get_current_event_type 0000000180014ef0 f   sfc_debug:sfcdebug.obj
 0001:00013f00       sf_debug_get_current_object_id 0000000180014f00 f   sfc_debug:sfcdebug.obj
 0001:00013f40       sf_debug_get_current_active_event_type 0000000180014f40 f   sfc_debug:sfcdebug.obj
 0001:00013f50       sf_debug_get_current_active_event_id 0000000180014f50 f   sfc_debug:sfcdebug.obj
 0001:00013f90       sf_debug_get_current_tag_type 0000000180014f90 f   sfc_debug:sfcdebug.obj
 0001:00013fa0       sf_debug_get_current_simulation_time 0000000180014fa0 f   sfc_debug:sfcdebug.obj
 0001:00013fb0       sf_debug_get_current_coverage_percentage 0000000180014fb0 f   sfc_debug:sfcdebug.obj
 0001:00013fc0       sf_debug_current_statement_context 0000000180014fc0 f   sfc_debug:sfcdebug.obj
 0001:00014040       sf_debug_get_current_statement_info 0000000180015040 f   sfc_debug:sfcdebug.obj
 0001:000141e0       sf_debug_terminate_instance 00000001800151e0 f   sfc_debug:sfcdebug.obj
 0001:00014500       sf_debug_assertion_failed  0000000180015500 f   sfc_debug:sfcdebug.obj
 0001:000146d0       sf_debug_create_debug_instance_struct 00000001800156d0 f   sfc_debug:sfcdebug.obj
 0001:00014720       sf_debug_set_number_of_data_with_change_event_for_machine 0000000180015720 f   sfc_debug:sfcdebug.obj
 0001:00014770       sf_debug_set_machine_event_thresholds 0000000180015770 f   sfc_debug:sfcdebug.obj
 0001:00014790       sf_debug_set_machine_event_scope 0000000180015790 f   sfc_debug:sfcdebug.obj
 0001:000147e0       sf_debug_set_machine_data_thresholds 00000001800157e0 f   sfc_debug:sfcdebug.obj
 0001:00014830       sf_debug_set_machine_data_scope 0000000180015830 f   sfc_debug:sfcdebug.obj
 0001:000148d0       sf_debug_set_machine_data_name 00000001800158d0 f   sfc_debug:sfcdebug.obj
 0001:00014980       sf_debug_set_machine_data_size 0000000180015980 f   sfc_debug:sfcdebug.obj
 0001:00014ad0       sf_debug_set_machine_data_type 0000000180015ad0 f   sfc_debug:sfcdebug.obj
 0001:00014c40       sf_debug_get_chart_data_number 0000000180015c40 f   sfc_debug:sfcdebug.obj
 0001:00014c60       sf_debug_get_chart_event_number 0000000180015c60 f   sfc_debug:sfcdebug.obj
 0001:00014c80       sf_debug_set_chart_state_info 0000000180015c80 f   sfc_debug:sfcdebug.obj
 0001:00014d10       sf_debug_set_chart_decomposition 0000000180015d10 f   sfc_debug:sfcdebug.obj
 0001:00014d80       sf_debug_set_chart_substate_count 0000000180015d80 f   sfc_debug:sfcdebug.obj
 0001:00014e60       sf_debug_set_chart_substate_index 0000000180015e60 f   sfc_debug:sfcdebug.obj
 0001:00014ee0       sf_debug_set_chart_state_substate_count 0000000180015ee0 f   sfc_debug:sfcdebug.obj
 0001:00015000       sf_debug_set_chart_state_substate_index 0000000180016000 f   sfc_debug:sfcdebug.obj
 0001:00015090       sf_debug_set_number_of_data_with_change_event_for_chart 0000000180016090 f   sfc_debug:sfcdebug.obj
 0001:00015120       sf_debug_set_number_of_states_with_entry_event_for_chart 0000000180016120 f   sfc_debug:sfcdebug.obj
 0001:000151a0       sf_debug_set_number_of_states_with_exit_event_for_chart 00000001800161a0 f   sfc_debug:sfcdebug.obj
 0001:00015220       sf_debug_set_chart_disable_implicit_casting 0000000180016220 f   sfc_debug:sfcdebug.obj
 0001:00015290       sf_debug_set_chart_event_thresholds 0000000180016290 f   sfc_debug:sfcdebug.obj
 0001:00015310       sf_debug_set_chart_data_compiled_props 0000000180016310 f   sfc_debug:sfcdebug.obj
 0001:00015650       sf_debug_set_chart_data_props 0000000180016650 f   sfc_debug:sfcdebug.obj
 0001:00015970       sf_debug_check_fi_license  0000000180016970 f   sfc_debug:sfcdebug.obj
 0001:00015b30       sf_debug_symbol_scope_push 0000000180016b30 f   sfc_debug:sfcdebug.obj
 0001:00015b70       sf_debug_symbol_scope_push_eml 0000000180016b70 f   sfc_debug:sfcdebug.obj
 0001:00015bc0       sf_debug_symbol_scope_pop  0000000180016bc0 f   sfc_debug:sfcdebug.obj
 0001:00015c00       sf_debug_symbol_scope_add_importable 0000000180016c00 f   sfc_debug:sfcdebug.obj
 0001:00015c80       sf_debug_symbol_scope_add  0000000180016c80 f   sfc_debug:sfcdebug.obj
 0001:00015d00       sf_debug_symbol_scope_add_dyn_importable 0000000180016d00 f   sfc_debug:sfcdebug.obj
 0001:00015dc0       sf_debug_symbol_scope_add_dyn 0000000180016dc0 f   sfc_debug:sfcdebug.obj
 0001:00015e00       sf_debug_symbol_scope_add_eml_importable 0000000180016e00 f   sfc_debug:sfcdebug.obj
 0001:00015e40       sf_debug_symbol_scope_add_eml 0000000180016e40 f   sfc_debug:sfcdebug.obj
 0001:00015e80       sf_debug_symbol_scope_add_eml_dyn_importable 0000000180016e80 f   sfc_debug:sfcdebug.obj
 0001:00015ee0       sf_debug_symbol_scope_add_eml_dyn 0000000180016ee0 f   sfc_debug:sfcdebug.obj
 0001:00015f40       sf_debug_symbol_switch     0000000180016f40 f   sfc_debug:sfcdebug.obj
 0001:00015f60       sf_debug_symbol_scope_add_verbose 0000000180016f60 f   sfc_debug:sfcdebug.obj
 0001:00016030       sf_debug_set_machine_data_value_ptr 0000000180017030 f   sfc_debug:sfcdebug.obj
 0001:00016070       sf_debug_set_instance_data_value_ptr 0000000180017070 f   sfc_debug:sfcdebug.obj
 0001:00016140       sf_debug_unset_instance_data_value_ptr 0000000180017140 f   sfc_debug:sfcdebug.obj
 0001:000161f0       sf_debug_set_chart_event_scope 00000001800171f0 f   sfc_debug:sfcdebug.obj
 0001:00016270       sf_debug_set_chart_transition_coverage_maps 0000000180017270 f   sfc_debug:sfcdebug.obj
 0001:00016370       sf_debug_set_chart_state_coverage_maps 0000000180017370 f   sfc_debug:sfcdebug.obj
 0001:00016440       sf_debug_set_instance_transition_coverage_weights 0000000180017440 f   sfc_debug:sfcdebug.obj
 0001:000164d0       sf_debug_set_instance_state_coverage_weights 00000001800174d0 f   sfc_debug:sfcdebug.obj
 0001:00016720       sf_debug_unload_machine    0000000180017720 f   sfc_debug:sfcdebug.obj
 0001:00016770       sf_debug_load_machine      0000000180017770 f   sfc_debug:sfcdebug.obj
 0001:00016880       sf_debug_set_active_instance_in_data_dictionary 0000000180017880 f   sfc_debug:sfcdebug.obj
 0001:00016a60       sf_debug_set_active_instance 0000000180017a60 f   sfc_debug:sfcdebug.obj
 0001:00016bc0       sf_debug_chart_visiblity_change 0000000180017bc0 f   sfc_debug:sfcdebug.obj
 0001:00016cb0       sf_debug_select_chart      0000000180017cb0 f   sfc_debug:sfcdebug.obj
 0001:00016e10       sf_debug_set_instance_cv_ids 0000000180017e10 f   sfc_debug:sfcdebug.obj
 0001:00017140       sf_debug_select_charts     0000000180018140 f   sfc_debug:sfcdebug.obj
 0001:000172f0       sf_debug_initialized       00000001800182f0 f   sfc_debug:sfcdebug.obj
 0001:00017310       sf_debug_is_uninterruptible 0000000180018310 f   sfc_debug:sfcdebug.obj
 0001:00017340       sf_debug_initialize_debugger_gui 0000000180018340 f   sfc_debug:sfcdebug.obj
 0001:00017720       sf_debug_resume            0000000180018720 f   sfc_debug:sfcdebug.obj
 0001:00017740       sf_debug_go                0000000180018740 f   sfc_debug:sfcdebug.obj
 0001:00017750       sf_debug_break             0000000180018750 f   sfc_debug:sfcdebug.obj
 0001:00017760       sf_debug_step_over         0000000180018760 f   sfc_debug:sfcdebug.obj
 0001:00017770       sf_debug_step_out          0000000180018770 f   sfc_debug:sfcdebug.obj
 0001:00017780       sf_debug_set_disable_all_breakpoints 0000000180018780 f   sfc_debug:sfcdebug.obj
 0001:00017790       sf_debug_disable_all_breakpoints_and_go 0000000180018790 f   sfc_debug:sfcdebug.obj
 0001:000177a0       sf_debug_break_on_chart_entry 00000001800187a0 f   sfc_debug:sfcdebug.obj
 0001:000177b0       sf_debug_break_on_event_broadcast 00000001800187b0 f   sfc_debug:sfcdebug.obj
 0001:000177c0       sf_debug_break_on_state_entry 00000001800187c0 f   sfc_debug:sfcdebug.obj
 0001:000177d0       sf_debug_break_between_times 00000001800187d0 f   sfc_debug:sfcdebug.obj
 0001:000177f0       sf_debug_browse_data       00000001800187f0 f   sfc_debug:sfcdebug.obj
 0001:00017800       sf_debug_watch_data        0000000180018800 f   sfc_debug:sfcdebug.obj
 0001:00017830       sf_debug_assign_data       0000000180018830 f   sfc_debug:sfcdebug.obj
 0001:00017840       sf_debug_whos              0000000180018840 f   sfc_debug:sfcdebug.obj
 0001:00017860       sf_debug_get_consistency_info 0000000180018860 f   sfc_debug:sfcdebug.obj
 0001:00017870       sf_debug_browse_trace      0000000180018870 f   sfc_debug:sfcdebug.obj
 0001:00017880       sf_debug_set_breakpoints   0000000180018880 f   sfc_debug:sfcdebug.obj
 0001:000179f0       sf_debug_set_eml_breakpoints 00000001800189f0 f   sfc_debug:sfcdebug.obj
 0001:00017b50       sf_debug_set_script_breakpoints 0000000180018b50 f   sfc_debug:sfcdebug.obj
 0001:00017bd0       sf_debug_add_script_breakpoints 0000000180018bd0 f   sfc_debug:sfcdebug.obj
 0001:00017c40       sf_debug_clear_script_breakpoints 0000000180018c40 f   sfc_debug:sfcdebug.obj
 0001:00017cb0       sf_debug_query_script_breakpoints 0000000180018cb0 f   sfc_debug:sfcdebug.obj
 0001:00017d60       sf_debug_get_eml_script_id 0000000180018d60 f   sfc_debug:sfcdebug.obj
 0001:00017db0       sf_debug_set_watch         0000000180018db0 f   sfc_debug:sfcdebug.obj
 0001:00017fd0       sf_debug_get_instance_handle 0000000180018fd0 f   sfc_debug:sfcdebug.obj
 0001:00018060       sf_debug_get_active_states 0000000180019060 f   sfc_debug:sfcdebug.obj
 0001:00018070       sf_debug_set_honor_breakpoints 0000000180019070 f   sfc_debug:sfcdebug.obj
 0001:00018080       sf_debug_get_animation     0000000180019080 f   sfc_debug:sfcdebug.obj
 0001:00018090       sf_debug_set_animation     0000000180019090 f   sfc_debug:sfcdebug.obj
 0001:000180a0       sf_debug_animate           00000001800190a0 f   sfc_debug:sfcdebug.obj
 0001:000180c0       sf_debug_cycle_detection_check 00000001800190c0 f   sfc_debug:sfcdebug.obj
 0001:000180d0       sf_debug_data_range_check  00000001800190d0 f   sfc_debug:sfcdebug.obj
 0001:000180e0       sf_debug_transition_conflict_check 00000001800190e0 f   sfc_debug:sfcdebug.obj
 0001:000180f0       sf_debug_state_consistency_check 00000001800190f0 f   sfc_debug:sfcdebug.obj
 0001:00018100       sf_debug_data_range_check_enabled 0000000180019100 f   sfc_debug:sfcdebug.obj
 0001:00018120       sf_debug_transition_conflict_check_enabled 0000000180019120 f   sfc_debug:sfcdebug.obj
 0001:00018140       sf_debug_transition_conflict_check_begin 0000000180019140 f   sfc_debug:sfcdebug.obj
 0001:00018160       sf_debug_transition_conflict_check_end 0000000180019160 f   sfc_debug:sfcdebug.obj
 0001:00018180       sf_debug_stop_debugging    0000000180019180 f   sfc_debug:sfcdebug.obj
 0001:000181b0       sf_debug_is_cycle_detected 00000001800191b0 f   sfc_debug:sfcdebug.obj
 0001:000181c0       sf_debug_is_array_bounds_detected 00000001800191c0 f   sfc_debug:sfcdebug.obj
 0001:000181d0       sf_debug_get_state_vectors_data_size 00000001800191d0 f   sfc_debug:sfcdebug.obj
 0001:00018210       sf_debug_get_state_vectors_data 0000000180019210 f   sfc_debug:sfcdebug.obj
 0001:00018320       sf_debug_set_state_vectors_data 0000000180019320 f   sfc_debug:sfcdebug.obj
 0001:000185b0       sf_debug_get_script_index  00000001800195b0 f   sfc_debug:sfcdebug.obj
 0001:00018740       sf_debug_add_script        0000000180019740 f   sfc_debug:sfcdebug.obj
 0001:000188d0       cv_eval_point              00000001800198d0 f   sfc_debug:sfcdebug.obj
 0001:00018a40       cv_eval_testobjective      0000000180019a40 f   sfc_debug:sfcdebug.obj
 0001:00018b50       sf_debug_cv_init_state     0000000180019b50 f   sfc_debug:sfcdebug.obj
 0001:00018c80       sf_debug_cv_init_chart     0000000180019c80 f   sfc_debug:sfcdebug.obj
 0001:00018d70       sf_debug_cv_init_trans     0000000180019d70 f   sfc_debug:sfcdebug.obj
 0001:00018e80       sf_debug_cv_init_saturation 0000000180019e80 f   sfc_debug:sfcdebug.obj
 0001:00018f80       sf_debug_cv_init_testobjectives 0000000180019f80 f   sfc_debug:sfcdebug.obj
 0001:00019160       cv_eml_init_script         000000018001a160 f   sfc_debug:sfcdebug.obj
 0001:00019280       cv_eml_init_fcn            000000018001a280 f   sfc_debug:sfcdebug.obj
 0001:00019390       cv_eml_init_testobjective  000000018001a390 f   sfc_debug:sfcdebug.obj
 0001:00019470       cv_eml_init_saturation     000000018001a470 f   sfc_debug:sfcdebug.obj
 0001:00019540       cv_eml_init_if             000000018001a540 f   sfc_debug:sfcdebug.obj
 0001:00019620       cv_eml_init_for            000000018001a620 f   sfc_debug:sfcdebug.obj
 0001:000196f0       cv_eml_init_while          000000018001a6f0 f   sfc_debug:sfcdebug.obj
 0001:000197c0       cv_eml_init_mcdc           000000018001a7c0 f   sfc_debug:sfcdebug.obj
 0001:000198e0       cv_eml_init_switch         000000018001a8e0 f   sfc_debug:sfcdebug.obj
 0001:000199e0       cv_eml_eval                000000018001a9e0 f   sfc_debug:sfcdebug.obj
 0001:00019ad0       sf_debug_bm_is_a_eml_breakpoint 000000018001aad0 f   sfc_debug:sfcdebug.obj
 0001:00019c20       sf_debug_temporal_threshold 000000018001ac20 f   sfc_debug:sfcdebug.obj
 0001:00019f90       sf_debug_transition_conflict_error 000000018001af90 f   sfc_debug:sfcdebug.obj
 0001:0001a2f0       sf_debug_state_inconsistency_error 000000018001b2f0 f   sfc_debug:sfcdebug.obj
 0001:0001a410       sf_debug_check_for_state_inconsistency 000000018001b410 f   sfc_debug:sfcdebug.obj
 0001:0001a450       sf_debug_cycle_detecton_error 000000018001b450 f   sfc_debug:sfcdebug.obj
 0001:0001aba0       sf_debug_size_eq_check_1d  000000018001bba0 f   sfc_debug:sfcdebug.obj
 0001:0001abc0       sf_debug_size_eq_check_nd  000000018001bbc0 f   sfc_debug:sfcdebug.obj
 0001:0001adc0       sf_debug_dim_size_eq_check 000000018001bdc0 f   sfc_debug:sfcdebug.obj
 0001:0001adf0       sf_debug_dim_size_geq_check 000000018001bdf0 f   sfc_debug:sfcdebug.obj
 0001:0001ae20       sf_debug_sub_assign_size_check_nd 000000018001be20 f   sfc_debug:sfcdebug.obj
 0001:0001b000       sf_debug_matrix_matrix_index_check 000000018001c000 f   sfc_debug:sfcdebug.obj
 0001:0001b050       sf_debug_vector_vector_index_check 000000018001c050 f   sfc_debug:sfcdebug.obj
 0001:0001b0a0       sf_debug_for_loop_vector_check 000000018001c0a0 f   sfc_debug:sfcdebug.obj
 0001:0001b140       sf_debug_runtime_error_msgid 000000018001c140 f   sfc_debug:sfcdebug.obj
 0001:0001b1e0       sf_debug_data_array_bounds_error_check 000000018001c1e0 f   sfc_debug:sfcdebug.obj
 0001:0001b2f0       sf_debug_eml_data_array_bounds_error_check 000000018001c2f0 f   sfc_debug:sfcdebug.obj
 0001:0001b7b0       sf_debug_integer_check     000000018001c7b0 f   sfc_debug:sfcdebug.obj
 0001:0001b8a0       sf_debug_not_nan_check     000000018001c8a0 f   sfc_debug:sfcdebug.obj
 0001:0001b970       sf_debug_non_negative_check 000000018001c970 f   sfc_debug:sfcdebug.obj
 0001:0001ba40       sf_debug_overflow_detection 000000018001ca40 f   sfc_debug:sfcdebug.obj
 0001:0001c0a0       sf_debug_cast_to_real32_T  000000018001d0a0 f   sfc_debug:sfcdebug.obj
 0001:0001c170       sf_debug_cast_to_int8_T    000000018001d170 f   sfc_debug:sfcdebug.obj
 0001:0001c240       sf_debug_cast_to_uint8_T   000000018001d240 f   sfc_debug:sfcdebug.obj
 0001:0001c310       sf_debug_cast_to_int16_T   000000018001d310 f   sfc_debug:sfcdebug.obj
 0001:0001c3e0       sf_debug_cast_to_uint16_T  000000018001d3e0 f   sfc_debug:sfcdebug.obj
 0001:0001c4b0       sf_debug_cast_to_int32_T   000000018001d4b0 f   sfc_debug:sfcdebug.obj
 0001:0001c580       sf_debug_cast_to_uint32_T  000000018001d580 f   sfc_debug:sfcdebug.obj
 0001:0001c650       sf_debug_data_range_error  000000018001d650 f   sfc_debug:sfcdebug.obj
 0001:0001c960       sf_debug_read_before_write_check 000000018001d960 f   sfc_debug:sfcdebug.obj
 0001:0001cd90       sf_debug_data_range_error_wrapper_min_max 000000018001dd90 f   sfc_debug:sfcdebug.obj
 0001:0001ceb0       sf_debug_data_range_error_wrapper_min 000000018001deb0 f   sfc_debug:sfcdebug.obj
 0001:0001cfc0       sf_debug_data_range_error_wrapper_max 000000018001dfc0 f   sfc_debug:sfcdebug.obj
 0001:0001d0d0       sf_debug_data_range_wrapper 000000018001e0d0 f   sfc_debug:sfcdebug.obj
 0001:0001d190       sf_debug_set_current_status_info 000000018001e190 f   sfc_debug:sfcdebug.obj
 0001:0001d530       sf_debug_register_message_post_receive_info 000000018001e530 f   sfc_debug:sfcdebug.obj
 0001:0001d780       sf_debug_call              000000018001e780 f   sfc_debug:sfcdebug.obj
 0001:0001e0e0       sf_debug_initialize_machine 000000018001f0e0 f   sfc_debug:sfcdebug.obj
 0001:0001e390       sf_debug_initialize_chart  000000018001f390 f   sfc_debug:sfcdebug.obj
 0001:0001e7e0       sf_debug_ensure_script     000000018001f7e0 f   sfc_debug:sfcdebug.obj
 0001:0001e890       cv_eval_saturation         000000018001f890 f   sfc_debug:sfcdebug.obj
 0001:0001ea10       cv_saturation_accum        000000018001fa10 f   sfc_debug:sfcdebug.obj
 0001:0001eb50       cv_script_init_script      000000018001fb50 f   sfc_debug:sfcdebug.obj
 0001:0001ec40       cv_script_init_fcn         000000018001fc40 f   sfc_debug:sfcdebug.obj
 0001:0001ed00       cv_script_init_testobjective 000000018001fd00 f   sfc_debug:sfcdebug.obj
 0001:0001edc0       cv_script_init_saturation  000000018001fdc0 f   sfc_debug:sfcdebug.obj
 0001:0001ee70       cv_script_init_if          000000018001fe70 f   sfc_debug:sfcdebug.obj
 0001:0001ef30       cv_script_init_for         000000018001ff30 f   sfc_debug:sfcdebug.obj
 0001:0001efe0       cv_script_init_while       000000018001ffe0 f   sfc_debug:sfcdebug.obj
 0001:0001f090       cv_script_init_mcdc        0000000180020090 f   sfc_debug:sfcdebug.obj
 0001:0001f190       cv_script_init_switch      0000000180020190 f   sfc_debug:sfcdebug.obj
 0001:0001f270       cv_script_eval             0000000180020270 f   sfc_debug:sfcdebug.obj
 0001:0001f340       eml_debug_line_call        0000000180020340 f   sfc_debug:sfcdebug.obj
 0001:0001f510       sf_debug_terminate         0000000180020510 f   sfc_debug:sfcdebug.obj
 0001:0001f720       sf_debug_set_script_cv_ids 0000000180020720 f   sfc_debug:sfcdebug.obj
 0001:0001f850       sf_debug_api               0000000180020850 f   sfc_debug:sfc_api.obj
 0001:00021140       sf_debug_sm_terminate      0000000180022140 f   sfc_debug:sfdb_animation.obj
 0001:000212f0       sf_debug_reset_path_objects 00000001800222f0 f   sfc_debug:sfdb_animation.obj
 0001:00021370       sf_debug_sm_reset_object_selection_status 0000000180022370 f   sfc_debug:sfdb_animation.obj
 0001:00021410       sf_debug_sm_reset_state_buffer 0000000180022410 f   sfc_debug:sfdb_animation.obj
 0001:000214e0       sf_debug_sm_store_state_buffer 00000001800224e0 f   sfc_debug:sfdb_animation.obj
 0001:00021560       sf_debug_sm_restore_state_buffer1 0000000180022560 f   sfc_debug:sfdb_animation.obj
 0001:000215d0       sf_debug_sm_restore_state_buffer2 00000001800225d0 f   sfc_debug:sfdb_animation.obj
 0001:00021640       sf_debug_sm_chart_active   0000000180022640 f   sfc_debug:sfdb_animation.obj
 0001:00021690       sf_debug_sm_select_active_objects 0000000180022690 f   sfc_debug:sfdb_animation.obj
 0001:00021b60       sf_debug_sm_is_chart_active 0000000180022b60 f   sfc_debug:sfdb_animation.obj
 0001:00021ba0       sf_debug_sm_is_state_active 0000000180022ba0 f   sfc_debug:sfdb_animation.obj
 0001:00021de0       sf_debug_sm_get_active_states 0000000180022de0 f   sfc_debug:sfdb_animation.obj
 0001:00022390       sf_debug_sm_initialize_instance 0000000180023390 f   sfc_debug:sfdb_animation.obj
 0001:000225a0       sf_debug_sm_change_object_selection_status 00000001800235a0 f   sfc_debug:sfdb_animation.obj
 0001:00022870       cv_create_interface        0000000180023870 f   sfc_debug:cv_sfinterface.obj
 0001:00022b80       cv_init_trans              0000000180023b80 f   sfc_debug:cv_sfinterface.obj
 0001:00022bd0       cv_init_saturation         0000000180023bd0 f   sfc_debug:cv_sfinterface.obj
 0001:00022c10       cv_init_testobjective      0000000180023c10 f   sfc_debug:cv_sfinterface.obj
 0001:00022c50       cv_init_state              0000000180023c50 f   sfc_debug:cv_sfinterface.obj
 0001:00022cc0       cv_init_chart              0000000180023cc0 f   sfc_debug:cv_sfinterface.obj
 0001:00022d10       cv_dec_update_call         0000000180023d10 f   sfc_debug:cv_sfinterface.obj
 0001:00022d50       cv_cond_update_call        0000000180023d50 f   sfc_debug:cv_sfinterface.obj
 0001:00022d90       cv_saturation_update_call  0000000180023d90 f   sfc_debug:cv_sfinterface.obj
 0001:00022dd0       cv_saturation_update_accum 0000000180023dd0 f   sfc_debug:cv_sfinterface.obj
 0001:00022e10       cv_testobjective_update_call 0000000180023e10 f   sfc_debug:cv_sfinterface.obj
 0001:00022e50       cv_sigrange_update         0000000180023e50 f   sfc_debug:cv_sfinterface.obj
 0001:00022e90       cvsf_eml_eval              0000000180023e90 f   sfc_debug:cv_sfinterface.obj
 0001:00022f70       cvsf_eml_init_script       0000000180023f70 f   sfc_debug:cv_sfinterface.obj
 0001:00023000       cvsf_eml_init_fcn          0000000180024000 f   sfc_debug:cv_sfinterface.obj
 0001:00023060       cvsf_eml_init_testobjective 0000000180024060 f   sfc_debug:cv_sfinterface.obj
 0001:000230c0       cvsf_eml_init_saturation   00000001800240c0 f   sfc_debug:cv_sfinterface.obj
 0001:00023110       cvsf_eml_init_if           0000000180024110 f   sfc_debug:cv_sfinterface.obj
 0001:00023170       cvsf_eml_init_for          0000000180024170 f   sfc_debug:cv_sfinterface.obj
 0001:000231c0       cvsf_eml_init_while        00000001800241c0 f   sfc_debug:cv_sfinterface.obj
 0001:00023210       cvsf_eml_init_mcdc         0000000180024210 f   sfc_debug:cv_sfinterface.obj
 0001:000232a0       cvsf_eml_init_switch       00000001800242a0 f   sfc_debug:cv_sfinterface.obj
 0001:00023310       cvsf_script_eval           0000000180024310 f   sfc_debug:cv_sfinterface.obj
 0001:000233f0       cvsf_script_init_script    00000001800243f0 f   sfc_debug:cv_sfinterface.obj
 0001:00023480       cvsf_script_init_fcn       0000000180024480 f   sfc_debug:cv_sfinterface.obj
 0001:000234e0       cvsf_script_init_testobjective 00000001800244e0 f   sfc_debug:cv_sfinterface.obj
 0001:00023540       cvsf_script_init_saturation 0000000180024540 f   sfc_debug:cv_sfinterface.obj
 0001:00023590       cvsf_script_init_if        0000000180024590 f   sfc_debug:cv_sfinterface.obj
 0001:000235f0       cvsf_script_init_for       00000001800245f0 f   sfc_debug:cv_sfinterface.obj
 0001:00023640       cvsf_script_init_while     0000000180024640 f   sfc_debug:cv_sfinterface.obj
 0001:00023690       cvsf_script_init_mcdc      0000000180024690 f   sfc_debug:cv_sfinterface.obj
 0001:00023720       cvsf_script_init_switch    0000000180024720 f   sfc_debug:cv_sfinterface.obj
 0001:00023790       cv_destroy_interface       0000000180024790 f   sfc_debug:cv_sfinterface.obj
 0001:000237b0       cv_create_instance_objects 00000001800247b0 f   sfc_debug:cv_sfinterface.obj
 0001:00023c20       cv_is_enabled              0000000180024c20 f   sfc_debug:cv_sfinterface.obj
 0001:00023c30       sf_debug_cv_initialize_script 0000000180024c30 f   sfc_debug:cv_sfinterface.obj
 0001:00023dc0       sf_debug_cv_initialize_instance 0000000180024dc0 f   sfc_debug:cv_sfinterface.obj
 0001:00024150       sf_debug_cv_terminate_chart 0000000180025150 f   sfc_debug:cv_sfinterface.obj
 0001:00024270       cv_call_trans_test         0000000180025270 f   sfc_debug:cv_sfinterface.obj
 0001:00024280       cv_call_sub_cond_test      0000000180025280 f   sfc_debug:cv_sfinterface.obj
 0001:000242c0       sf_debug_st_initialize_machine 00000001800252c0 f   sfc_debug:sfdb_data_browse.obj
 0001:00024370       sf_debug_st_initialize_instance 0000000180025370 f   sfc_debug:sfdb_data_browse.obj
 0001:00024580       sf_debug_st_terminate      0000000180025580 f   sfc_debug:sfdb_data_browse.obj
 0001:00024920       sf_debug_st_set_data_value_ptr_in_machine 0000000180025920 f   sfc_debug:sfdb_data_browse.obj
 0001:000249b0       sf_debug_st_set_data_value_ptr_in_instance 00000001800259b0 f   sfc_debug:sfdb_data_browse.obj
 0001:00024a90       sf_debug_st_unset_data_value_ptr_in_machine 0000000180025a90 f   sfc_debug:sfdb_data_browse.obj
 0001:00024b00       sf_debug_st_unset_data_value_ptr_in_instance 0000000180025b00 f   sfc_debug:sfdb_data_browse.obj
 0001:00024dc0       sf_debug_mx_value          0000000180025dc0 f   sfc_debug:sfdb_data_browse.obj
 0001:00024e20       sf_debug_mx_packed_vector  0000000180025e20 f   sfc_debug:sfdb_data_browse.obj
 0001:00024f00       sf_debug_mx_uint_vector    0000000180025f00 f   sfc_debug:sfdb_data_browse.obj
 0001:00024fb0       sf_debug_st_get_double_value_from_void_ptr_vector 0000000180025fb0 f   sfc_debug:sfdb_data_browse.obj
 0001:00025a90       sf_debug_st_browse_data    0000000180026a90 f   sfc_debug:sfdb_data_browse.obj
 0001:000262d0       sf_debug_hm_initialize_instance 00000001800272d0 f   sfc_debug:sfdb_handle_management.obj
 0001:000267b0       sf_debug_hm_get_object_id  00000001800277b0 f   sfc_debug:sfdb_handle_management.obj
 0001:00027360       sf_debug_hm_update_chart_visibility 0000000180028360 f   sfc_debug:sfdb_handle_management.obj
 0001:00028550       sf_debug_object_is_eml_function 0000000180029550 f   sfc_debug:sfdb_handle_management.obj
 0001:000285c0       sf_debug_hm_initialize_ids_in_machine 00000001800295c0 f   sfc_debug:sfdb_handle_management.obj
 0001:00028730       sf_debug_hm_initialize_ids_in_chart 0000000180029730 f   sfc_debug:sfdb_handle_management.obj
 0001:00028830       sf_debug_hm_initialize_chart 0000000180029830 f   sfc_debug:sfdb_handle_management.obj
 0001:00028f30       sf_debug_hm_terminate      0000000180029f30 f   sfc_debug:sfdb_handle_management.obj
 0001:00028f90       sf_debug_hm_initialize_machine 0000000180029f90 f   sfc_debug:sfdb_handle_management.obj
 0001:000296b0       sf_debug_ss_initialize     000000018002a6b0 f   sfc_debug:sfdb_symbol_scope.obj
 0001:000296d0       sf_debug_ss_terminate      000000018002a6d0 f   sfc_debug:sfdb_symbol_scope.obj
 0001:00029760       sf_debug_ss_push_symbol_scope 000000018002a760 f   sfc_debug:sfdb_symbol_scope.obj
 0001:00029860       sf_debug_ss_push_symbol_scope_eml 000000018002a860 f   sfc_debug:sfdb_symbol_scope.obj
 0001:000298c0       sf_debug_ss_pop_symbol_scope 000000018002a8c0 f   sfc_debug:sfdb_symbol_scope.obj
 0001:00029970       sf_debug_ss_add_symbol     000000018002a970 f   sfc_debug:sfdb_symbol_scope.obj
 0001:00029ae0       sf_debug_ss_add_symbol_eml 000000018002aae0 f   sfc_debug:sfdb_symbol_scope.obj
 0001:0002a9e0       sf_debug_ss_set_data_value 000000018002b9e0 f   sfc_debug:sfdb_symbol_scope.obj
 0001:0002ae30       getInstanceNumber          000000018002be30 f   sfc_debug:sfdb_symbol_scope.obj
 0001:0002af00       sf_debug_ss_watch_data     000000018002bf00 f   sfc_debug:sfdb_symbol_scope.obj
 0001:0002b0f0       sf_debug_ss_assign_data    000000018002c0f0 f   sfc_debug:sfdb_symbol_scope.obj
 0001:0002bb00       get_data_entry_name        000000018002cb00 f   sfc_debug:sfdb_symbol_scope.obj
 0001:0002bb50       sf_debug_ss_whos           000000018002cb50 f   sfc_debug:sfdb_symbol_scope.obj
 0001:0002c1a0       sf_debug_cc_initialize_chart 000000018002d1a0 f   sfc_debug:sfdb_coverage.obj
 0001:0002cb90       sf_debug_cc_initialize_instance 000000018002db90 f   sfc_debug:sfdb_coverage.obj
 0001:0002d8d0       sf_debug_cc_terminate      000000018002e8d0 f   sfc_debug:sfdb_coverage.obj
 0001:0002d9c0       sf_debug_cc_set_transition_maps 000000018002e9c0 f   sfc_debug:sfdb_coverage.obj
 0001:0002daf0       sf_debug_cc_set_state_maps 000000018002eaf0 f   sfc_debug:sfdb_coverage.obj
 0001:0002dbd0       sf_debug_cc_set_transition_weights 000000018002ebd0 f   sfc_debug:sfdb_coverage.obj
 0001:0002de90       sf_debug_cc_set_state_weights 000000018002ee90 f   sfc_debug:sfdb_coverage.obj
 0001:0002e160       sf_debug_cc_mark_transition_guard 000000018002f160 f   sfc_debug:sfdb_coverage.obj
 0001:0002e1f0       sf_debug_cc_mark_transition_trigger 000000018002f1f0 f   sfc_debug:sfdb_coverage.obj
 0001:0002e280       sf_debug_cc_mark_transition_decision 000000018002f280 f   sfc_debug:sfdb_coverage.obj
 0001:0002e2f0       sf_debug_cc_mark_transition_condition_action 000000018002f2f0 f   sfc_debug:sfdb_coverage.obj
 0001:0002e340       sf_debug_cc_mark_transition_transition_action 000000018002f340 f   sfc_debug:sfdb_coverage.obj
 0001:0002e390       sf_debug_cc_mark_state_entry 000000018002f390 f   sfc_debug:sfdb_coverage.obj
 0001:0002e3e0       sf_debug_cc_mark_state_during 000000018002f3e0 f   sfc_debug:sfdb_coverage.obj
 0001:0002e430       sf_debug_cc_mark_state_exit 000000018002f430 f   sfc_debug:sfdb_coverage.obj
 0001:0002e480       sf_debug_bm_clear_script_breakpoints 000000018002f480 f   sfc_debug:sfdb_breakpoints.obj
 0001:0002e4b0       sf_debug_bm_set_script_breakpoint 000000018002f4b0 f   sfc_debug:sfdb_breakpoints.obj
 0001:0002e530       sf_debug_bm_clear_single_script_breakpoint 000000018002f530 f   sfc_debug:sfdb_breakpoints.obj
 0001:0002e5b0       sf_debug_bm_query_script_breakpoint 000000018002f5b0 f   sfc_debug:sfdb_breakpoints.obj
 0001:0002e600       sf_debug_bm_initialize_scripts 000000018002f600 f   sfc_debug:sfdb_breakpoints.obj
 0001:0002ec90       sf_debug_bm_terminate      000000018002fc90 f   sfc_debug:sfdb_breakpoints.obj
 0001:0002ef70       sf_debug_bm_remove_all_breakpoints_in_machine 000000018002ff70 f   sfc_debug:sfdb_breakpoints.obj
 0001:0002efd0       sf_debug_bm_remove_all_breakpoints_in_chart 000000018002ffd0 f   sfc_debug:sfdb_breakpoints.obj
 0001:0002f120       sf_debug_bm_initialize_global_breakpoints 0000000180030120 f   sfc_debug:sfdb_breakpoints.obj
 0001:0002f2a0       sf_debug_bm_set_breakpoint 00000001800302a0 f   sfc_debug:sfdb_breakpoints.obj
 0001:0002f860       sf_debug_bm_set_eml_breakpoint 0000000180030860 f   sfc_debug:sfdb_breakpoints.obj
 0001:0002f8f0       sf_debug_bm_initialize_machine_breakpoint_map 00000001800308f0 f   sfc_debug:sfdb_breakpoints.obj
 0001:0002fd10       sf_debug_bm_is_a_breakpoint 0000000180030d10 f   sfc_debug:sfdb_breakpoints.obj
 0001:00030230       sf_debug_bm_get_all_breakpoints_in_machine 0000000180031230 f   sfc_debug:sfdb_breakpoints.obj
 0001:00030530       sf_debug_bm_get_all_breakpoints_in_chart 0000000180031530 f   sfc_debug:sfdb_breakpoints.obj
 0001:000310c0       sf_debug_bm_initialize_machine 00000001800320c0 f   sfc_debug:sfdb_breakpoints.obj
 0001:00031190       sf_debug_bm_initialize_chart 0000000180032190 f   sfc_debug:sfdb_breakpoints.obj
 0001:00031580       sf_debug_sc_terminate      0000000180032580 f   sfc_debug:sfdb_state_consistency.obj
 0001:000318a0       sf_debug_sc_is_chart_consistent 00000001800328a0 f   sfc_debug:sfdb_state_consistency.obj
 0001:00031b50       sf_debug_sc_get_consistency_error_info 0000000180032b50 f   sfc_debug:sfdb_state_consistency.obj
 0001:00031f60       sf_debug_tm_terminate      0000000180032f60 f   sfc_debug:sfdb_call_stack.obj
 0001:00032010       sf_debug_tm_push_chart_instance 0000000180033010 f   sfc_debug:sfdb_call_stack.obj
 0001:00032150       sf_debug_tm_pop_chart_instance 0000000180033150 f   sfc_debug:sfdb_call_stack.obj
 0001:000321b0       sf_debug_tm_push_trace_node 00000001800331b0 f   sfc_debug:sfdb_call_stack.obj
 0001:00032330       sf_debug_tm_pop_trace_node 0000000180033330 f   sfc_debug:sfdb_call_stack.obj
 0001:000323b0       sf_debug_tm_get_current_global_trace_index 00000001800333b0 f   sfc_debug:sfdb_call_stack.obj
 0001:000323c0       sf_debug_tm_get_current_local_trace_index 00000001800333c0 f   sfc_debug:sfdb_call_stack.obj
 0001:000323f0       sf_debug_tm_set_cycle_detected_flag 00000001800333f0 f   sfc_debug:sfdb_call_stack.obj
 0001:00032430       sf_debug_tm_set_cycle_started_flag 0000000180033430 f   sfc_debug:sfdb_call_stack.obj
 0001:00032470       sf_debug_tm_get_chart_number_from_stack 0000000180033470 f   sfc_debug:sfdb_call_stack.obj
 0001:00032670       sf_debug_tm_browse_trace   0000000180033670 f   sfc_debug:sfdb_call_stack.obj
 0001:00032980       sf_debug_cd_initialize_instance 0000000180033980 f   sfc_debug:sfdb_cycle_detection.obj
 0001:00032c30       sf_debug_cd_mark_processed_transition_in_instance 0000000180033c30 f   sfc_debug:sfdb_cycle_detection.obj
 0001:00032cd0       sf_debug_cd_checksum_push  0000000180033cd0 f   sfc_debug:sfdb_cycle_detection.obj
 0001:00032f80       sf_debug_cd_checksum_pop   0000000180033f80 f   sfc_debug:sfdb_cycle_detection.obj
 0001:00032ff0       sf_debug_cd_turn_off_cycle_detection 0000000180033ff0 f   sfc_debug:sfdb_cycle_detection.obj
 0001:00033040       sf_debug_cd_terminate      0000000180034040 f   sfc_debug:sfdb_cycle_detection.obj
 0001:00033270       md5_initialize_state       0000000180034270 f   sfc_debug:ckmd5.obj
 0001:00033d00       md5_update_state           0000000180034d00 f   sfc_debug:ckmd5.obj
 0001:00033d20       md5_get_hash               0000000180034d20 f   sfc_debug:ckmd5.obj
 0001:00033d50       md5_get_hash_for_a_single_string 0000000180034d50 f   sfc_debug:ckmd5.obj
 0001:00033db0       mxGetPr                    0000000180034db0 f   libmx:libmx.dll
 0001:00033db6       mxCreateDoubleScalar       0000000180034db6 f   libmx:libmx.dll
 0001:00033dbc       mxCreateDoubleMatrix_730   0000000180034dbc f   libmx:libmx.dll
 0001:00033dc2       mxSetField_730             0000000180034dc2 f   libmx:libmx.dll
 0001:00033dc8       mxCreateString             0000000180034dc8 f   libmx:libmx.dll
 0001:00033dce       mxCreateStructMatrix_730   0000000180034dce f   libmx:libmx.dll
 0001:00033dd4       mxCreateCellMatrix_730     0000000180034dd4 f   libmx:libmx.dll
 0001:00033dda       mxDestroyArray             0000000180034dda f   libmx:libmx.dll
 0001:00033de0       mxDuplicateArray           0000000180034de0 f   libmx:libmx.dll
 0001:00033de6       mxGetString_730            0000000180034de6 f   libmx:libmx.dll
 0001:00033dec       mxIsChar                   0000000180034dec f   libmx:libmx.dll
 0001:00033df2       mxGetClassID               0000000180034df2 f   libmx:libmx.dll
 0001:00033df8       mxIsNumeric                0000000180034df8 f   libmx:libmx.dll
 0001:00033dfe       mxIsComplex                0000000180034dfe f   libmx:libmx.dll
 0001:00033e04       mxGetN                     0000000180034e04 f   libmx:libmx.dll
 0001:00033e0a       mxGetM                     0000000180034e0a f   libmx:libmx.dll
 0001:00033e10       mxCalloc                   0000000180034e10 f   libmx:libmx.dll
 0001:00033e16       mxGetScalar                0000000180034e16 f   libmx:libmx.dll
 0001:00033e1c       mxIsLogical                0000000180034e1c f   libmx:libmx.dll
 0001:00033e22       mxCreateDoubleMatrix_700   0000000180034e22 f   libmx:libmx.dll
 0001:00033e28       mxFree                     0000000180034e28 f   libmx:libmx.dll
 0001:00033e2e       mxArrayToString            0000000180034e2e f   libmx:libmx.dll
 0001:00033e34       mxCreateCellMatrix_700     0000000180034e34 f   libmx:libmx.dll
 0001:00033e3a       mxSetCell_700              0000000180034e3a f   libmx:libmx.dll
 0001:00033e40       mxGetCell_700              0000000180034e40 f   libmx:libmx.dll
 0001:00033e46       mxGetClassName             0000000180034e46 f   libmx:libmx.dll
 0001:00033e4c       mxSetField_700             0000000180034e4c f   libmx:libmx.dll
 0001:00033e52       mxAddField                 0000000180034e52 f   libmx:libmx.dll
 0001:00033e58       mxGetField_700             0000000180034e58 f   libmx:libmx.dll
 0001:00033e5e       mxGetNumberOfElements      0000000180034e5e f   libmx:libmx.dll
 0001:00033e64       mxIsStruct                 0000000180034e64 f   libmx:libmx.dll
 0001:00033e6a       mxIsA                      0000000180034e6a f   libmx:libmx.dll
 0001:00033e70       mxIsClass                  0000000180034e70 f   libmx:libmx.dll
 0001:00033e76       mxGetLogicals              0000000180034e76 f   libmx:libmx.dll
 0001:00033e7c       mxIsSparse                 0000000180034e7c f   libmx:libmx.dll
 0001:00033e82       mxSetFieldByNumber_700     0000000180034e82 f   libmx:libmx.dll
 0001:00033e88       mxGetFieldByNumber_700     0000000180034e88 f   libmx:libmx.dll
 0001:00033e8e       mxGetFieldNameByNumber     0000000180034e8e f   libmx:libmx.dll
 0001:00033e94       mxGetNumberOfFields        0000000180034e94 f   libmx:libmx.dll
 0001:00033e9a       mxCreateStructMatrix_700   0000000180034e9a f   libmx:libmx.dll
 0001:00033ea0       mxGetFieldNumber           0000000180034ea0 f   libmx:libmx.dll
 0001:00033ea6       mxIsNaN                    0000000180034ea6 f   libmx:libmx.dll
 0001:00033eac       mxIsEmpty                  0000000180034eac f   libmx:libmx.dll
 0001:00033eb2       mxGetData                  0000000180034eb2 f   libmx:libmx.dll
 0001:00033eb8       mxGetImagData              0000000180034eb8 f   libmx:libmx.dll
 0001:00033ebe       mxArrayClassIDName         0000000180034ebe f   libmx:libmx.dll
 0001:00033ec4       mxCreateNumericMatrix_700  0000000180034ec4 f   libmx:libmx.dll
 0001:00033eca       mxCreateStructArray_700    0000000180034eca f   libmx:libmx.dll
 0001:00033ed0       mxCalcSingleSubscript_700  0000000180034ed0 f   libmx:libmx.dll
 0001:00033ed6       mxGetDimensions_700        0000000180034ed6 f   libmx:libmx.dll
 0001:00033edc       mxGetNumberOfDimensions_700 0000000180034edc f   libmx:libmx.dll
 0001:00033ee2       mxCreateNumericArray_700   0000000180034ee2 f   libmx:libmx.dll
 0001:00033ee8       mxGetElementSize           0000000180034ee8 f   libmx:libmx.dll
 0001:00033eee       mxCreateStringFromNChars_700 0000000180034eee f   libmx:libmx.dll
 0001:00033ef4       mxGetString_700            0000000180034ef4 f   libmx:libmx.dll
 0001:00033efa       mxIsLogicalScalarTrue      0000000180034efa f   libmx:libmx.dll
 0001:00033f00       mxCreateLogicalScalar      0000000180034f00 f   libmx:libmx.dll
 0001:00033f06       mexUnlock                  0000000180034f06 f   libmex:libmex.dll
 0001:00033f0c       mexIsLocked                0000000180034f0c f   libmex:libmex.dll
 0001:00033f12       mexWarnMsgTxt              0000000180034f12 f   libmex:libmex.dll
 0001:00033f18       mexCallMATLAB              0000000180034f18 f   libmex:libmex.dll
 0001:00033f1e       mexErrMsgTxt               0000000180034f1e f   libmex:libmex.dll
 0001:00033f24       mexMakeArrayPersistent     0000000180034f24 f   libmex:libmex.dll
 0001:00033f2a       mexSetTrapFlag             0000000180034f2a f   libmex:libmex.dll
 0001:00033f30       mexPutVariable             0000000180034f30 f   libmex:libmex.dll
 0001:00033f36       mexGetVariable             0000000180034f36 f   libmex:libmex.dll
 0001:00033f3c       mexLock                    0000000180034f3c f   libmex:libmex.dll
 0001:00033f42       mexMakeMemoryPersistent    0000000180034f42 f   libmex:libmex.dll
 0001:00033f48       mexFunctionName            0000000180034f48 f   libmex:libmex.dll
 0001:00033f4e       ssRegisterDataTypeFxpFSlopeFixExpBias 0000000180034f4e f   libfixedpoint:libfixedpoint.dll
 0001:00033f54       ssRegisterDataTypeFxpScaledDouble 0000000180034f54 f   libfixedpoint:libfixedpoint.dll
 0001:00033f5a       utMalloc                   0000000180034f5a f   libut:libut.dll
 0001:00033f60       utFree                     0000000180034f60 f   libut:libut.dll
 0001:00033f66       utVSNprintf                0000000180034f66 f   libut:libut.dll
 0001:00033f6c       utCPUtime                  0000000180034f6c f   libut:libut.dll
 0001:00033f72       utCalloc                   0000000180034f72 f   libut:libut.dll
 0001:00033f78       utRealloc                  0000000180034f78 f   libut:libut.dll
 0001:00033f7e       emlrtCreateRootTLS         0000000180034f7e f   libemlrt:libemlrt.dll
 0001:00033f84       emlrtDestroyRootTLS        0000000180034f84 f   libemlrt:libemlrt.dll
 0001:00033f8a       emlrtCheckBuiltInR2012b    0000000180034f8a f   libemlrt:libemlrt.dll
 0001:00033f90       emlrtCheckVsBuiltInR2012b  0000000180034f90 f   libemlrt:libemlrt.dll
 0001:00033f96       emlrtCheckEnumR2012b       0000000180034f96 f   libemlrt:libemlrt.dll
 0001:00033f9c       emlrtCreateEnumR2012b      0000000180034f9c f   libemlrt:libemlrt.dll
 0001:00033fa2       emlrtGetEnumElementR2009a  0000000180034fa2 f   libemlrt:libemlrt.dll
 0001:00033fa8       emlrtCreateReference       0000000180034fa8 f   libemlrt:libemlrt.dll
 0001:00033fae       emlrtImportVsFiArrayR2009b 0000000180034fae f   libemlrt:libemlrt.dll
 0001:00033fb4       emlrtNameCapturePostProcessR2012a 0000000180034fb4 f   libemlrt:libemlrt.dll
 0001:00033fba       emlrtExtractMessageId      0000000180034fba f   libemlrt:libemlrt.dll
 0001:00033fc0       emlrtTranslateMessageIDtoLCPstring 0000000180034fc0 f   libemlrt:libemlrt.dll
 0001:00033fc6       emlrtForLoopVectorIsValidR2011b 0000000180034fc6 f   libemlrt:libemlrt.dll
 0001:00033fcc       emlrtTranslateUTF16MessagetoLCPstring 0000000180034fcc f   libemlrt:libemlrt.dll
 0001:00033fd2       emlrtGetEnumUnderlyingArrayR2009a 0000000180034fd2 f   libemlrt:libemlrt.dll
 0001:00033fd8       emlrtIsEnumR2009a          0000000180034fd8 f   libemlrt:libemlrt.dll
 0001:00033fde       memset                     0000000180034fde f   MSVCRT:MSVCR100.dll
 0001:00033fe4       __GSHandlerCheckCommon     0000000180034fe4 f   MSVCRT:gshandler.obj
 0001:00034048       __GSHandlerCheck           0000000180035048 f   MSVCRT:gshandler.obj
 0001:00034080       __security_check_cookie    0000000180035080 f   MSVCRT:amdsecgs.obj
 0001:000340a0       strcmp                     00000001800350a0 f   MSVCRT:MSVCR100.dll
 0001:000340a6       free                       00000001800350a6 f   MSVCRT:MSVCR100.dll
 0001:000340ac       sprintf                    00000001800350ac f   MSVCRT:MSVCR100.dll
 0001:000340b2       malloc                     00000001800350b2 f   MSVCRT:MSVCR100.dll
 0001:000340b8       strlen                     00000001800350b8 f   MSVCRT:MSVCR100.dll
 0001:000340be       strcat                     00000001800350be f   MSVCRT:MSVCR100.dll
 0001:000340c4       memcpy                     00000001800350c4 f   MSVCRT:MSVCR100.dll
 0001:000340cc       NtCurrentTeb               00000001800350cc f i MSVCRT:crtdll.obj
 0001:00034138       _CRT_INIT                  0000000180035138 f   MSVCRT:crtdll.obj
 0001:000344d0       _DllMainCRTStartup         00000001800354d0 f   MSVCRT:crtdll.obj
 0001:0003450e       strncpy                    000000018003550e f   MSVCRT:MSVCR100.dll
 0001:00034530       __chkstk                   0000000180035530 f   MSVCRT:chkstk.obj
 0001:00034530       _alloca_probe              0000000180035530     MSVCRT:chkstk.obj
 0001:0003457e       longjmp                    000000018003557e f   MSVCRT:MSVCR100.dll
 0001:00034584       strncmp                    0000000180035584 f   MSVCRT:MSVCR100.dll
 0001:0003458a       ceil                       000000018003558a f   MSVCRT:MSVCR100.dll
 0001:00034590       strrchr                    0000000180035590 f   MSVCRT:MSVCR100.dll
 0001:00034596       _setjmp                    0000000180035596 f   MSVCRT:MSVCR100.dll
 0001:0003459c       ldexp                      000000018003559c f   MSVCRT:MSVCR100.dll
 0001:000345a4       __report_gsfailure         00000001800355a4 f   MSVCRT:gs_report.obj
 0001:000346f0       __clean_type_info_names    00000001800356f0 f   MSVCRT:tncleanup.obj
 0001:000346fc       _onexit                    00000001800356fc f   MSVCRT:atonexit.obj
 0001:000347ac       atexit                     00000001800357ac f   MSVCRT:atonexit.obj
 0001:000347c4       _RTC_Initialize            00000001800357c4 f   MSVCRT:_initsect_.obj
 0001:000347fc       _RTC_Terminate             00000001800357fc f   MSVCRT:_initsect_.obj
 0001:00034834       _malloc_crt                0000000180035834 f   MSVCRT:MSVCR100.dll
 0001:00034840       _ValidateImageBase         0000000180035840 f   MSVCRT:pesect.obj
 0001:00034870       _FindPESection             0000000180035870 f   MSVCRT:pesect.obj
 0001:000348c0       _IsNonwritableInCurrentImage 00000001800358c0 f   MSVCRT:pesect.obj
 0001:00034902       _initterm                  0000000180035902 f   MSVCRT:MSVCR100.dll
 0001:00034908       _initterm_e                0000000180035908 f   MSVCRT:MSVCR100.dll
 0001:0003490e       _encoded_null              000000018003590e f   MSVCRT:MSVCR100.dll
 0001:00034914       _amsg_exit                 0000000180035914 f   MSVCRT:MSVCR100.dll
 0001:0003491a       __C_specific_handler       000000018003591a f   MSVCRT:MSVCR100.dll
 0001:00034920       __CppXcptFilter            0000000180035920 f   MSVCRT:MSVCR100.dll
 0001:00034928       DllMain                    0000000180035928 f   MSVCRT:dllmain.obj
 0001:0003494c       __security_init_cookie     000000018003594c f   MSVCRT:gs_support.obj
 0001:00034a00       __crt_debugger_hook        0000000180035a00 f   MSVCRT:MSVCR100.dll
 0001:00034a06       __clean_type_info_names_internal 0000000180035a06 f   MSVCRT:MSVCR100.dll
 0001:00034a0c       _unlock                    0000000180035a0c f   MSVCRT:MSVCR100.dll
 0001:00034a12       __dllonexit                0000000180035a12 f   MSVCRT:MSVCR100.dll
 0001:00034a18       _lock                      0000000180035a18 f   MSVCRT:MSVCR100.dll
 0001:00034a1e       EncodePointer              0000000180035a1e f   kernel32:KERNEL32.dll
 0001:00034a24       DecodePointer              0000000180035a24 f   kernel32:KERNEL32.dll
 0001:00034a2a       Sleep                      0000000180035a2a f   kernel32:KERNEL32.dll
 0001:00034a30       TerminateProcess           0000000180035a30 f   kernel32:KERNEL32.dll
 0001:00034a36       GetCurrentProcess          0000000180035a36 f   kernel32:KERNEL32.dll
 0001:00034a3c       UnhandledExceptionFilter   0000000180035a3c f   kernel32:KERNEL32.dll
 0001:00034a42       SetUnhandledExceptionFilter 0000000180035a42 f   kernel32:KERNEL32.dll
 0001:00034a48       IsDebuggerPresent          0000000180035a48 f   kernel32:KERNEL32.dll
 0001:00034a4e       RtlVirtualUnwind           0000000180035a4e f   kernel32:KERNEL32.dll
 0001:00034a54       RtlLookupFunctionEntry     0000000180035a54 f   kernel32:KERNEL32.dll
 0001:00034a5a       RtlCaptureContext          0000000180035a5a f   kernel32:KERNEL32.dll
 0001:00034a60       DisableThreadLibraryCalls  0000000180035a60 f   kernel32:KERNEL32.dll
 0001:00034a66       QueryPerformanceCounter    0000000180035a66 f   kernel32:KERNEL32.dll
 0001:00034a6c       GetTickCount               0000000180035a6c f   kernel32:KERNEL32.dll
 0001:00034a72       GetCurrentThreadId         0000000180035a72 f   kernel32:KERNEL32.dll
 0001:00034a78       GetCurrentProcessId        0000000180035a78 f   kernel32:KERNEL32.dll
 0001:00034a7e       GetSystemTimeAsFileTime    0000000180035a7e f   kernel32:KERNEL32.dll
 0002:00000000       __imp_GetSystemTimeAsFileTime 0000000180036000     kernel32:KERNEL32.dll
 0002:00000008       __imp_GetCurrentProcessId  0000000180036008     kernel32:KERNEL32.dll
 0002:00000010       __imp_GetCurrentThreadId   0000000180036010     kernel32:KERNEL32.dll
 0002:00000018       __imp_GetTickCount         0000000180036018     kernel32:KERNEL32.dll
 0002:00000020       __imp_QueryPerformanceCounter 0000000180036020     kernel32:KERNEL32.dll
 0002:00000028       __imp_DisableThreadLibraryCalls 0000000180036028     kernel32:KERNEL32.dll
 0002:00000030       __imp_RtlCaptureContext    0000000180036030     kernel32:KERNEL32.dll
 0002:00000038       __imp_RtlLookupFunctionEntry 0000000180036038     kernel32:KERNEL32.dll
 0002:00000040       __imp_RtlVirtualUnwind     0000000180036040     kernel32:KERNEL32.dll
 0002:00000048       __imp_IsDebuggerPresent    0000000180036048     kernel32:KERNEL32.dll
 0002:00000050       __imp_SetUnhandledExceptionFilter 0000000180036050     kernel32:KERNEL32.dll
 0002:00000058       __imp_UnhandledExceptionFilter 0000000180036058     kernel32:KERNEL32.dll
 0002:00000060       __imp_GetCurrentProcess    0000000180036060     kernel32:KERNEL32.dll
 0002:00000068       __imp_TerminateProcess     0000000180036068     kernel32:KERNEL32.dll
 0002:00000070       __imp_Sleep                0000000180036070     kernel32:KERNEL32.dll
 0002:00000078       __imp_DecodePointer        0000000180036078     kernel32:KERNEL32.dll
 0002:00000080       __imp_EncodePointer        0000000180036080     kernel32:KERNEL32.dll
 0002:00000088       \177KERNEL32_NULL_THUNK_DATA 0000000180036088     kernel32:KERNEL32.dll
 0002:00000090       __imp__onexit              0000000180036090     MSVCRT:MSVCR100.dll
 0002:00000098       __imp__lock                0000000180036098     MSVCRT:MSVCR100.dll
 0002:000000a0       __imp___dllonexit          00000001800360a0     MSVCRT:MSVCR100.dll
 0002:000000a8       __imp__unlock              00000001800360a8     MSVCRT:MSVCR100.dll
 0002:000000b0       __imp___clean_type_info_names_internal 00000001800360b0     MSVCRT:MSVCR100.dll
 0002:000000b8       __imp___crt_debugger_hook  00000001800360b8     MSVCRT:MSVCR100.dll
 0002:000000c0       __imp___CppXcptFilter      00000001800360c0     MSVCRT:MSVCR100.dll
 0002:000000c8       __imp___C_specific_handler 00000001800360c8     MSVCRT:MSVCR100.dll
 0002:000000d0       __imp__amsg_exit           00000001800360d0     MSVCRT:MSVCR100.dll
 0002:000000d8       __imp__encoded_null        00000001800360d8     MSVCRT:MSVCR100.dll
 0002:000000e0       __imp__initterm_e          00000001800360e0     MSVCRT:MSVCR100.dll
 0002:000000e8       __imp__initterm            00000001800360e8     MSVCRT:MSVCR100.dll
 0002:000000f0       __imp__malloc_crt          00000001800360f0     MSVCRT:MSVCR100.dll
 0002:000000f8       __imp_ldexp                00000001800360f8     MSVCRT:MSVCR100.dll
 0002:00000100       __imp__setjmp              0000000180036100     MSVCRT:MSVCR100.dll
 0002:00000108       __imp_strrchr              0000000180036108     MSVCRT:MSVCR100.dll
 0002:00000110       __imp_ceil                 0000000180036110     MSVCRT:MSVCR100.dll
 0002:00000118       __imp_strncmp              0000000180036118     MSVCRT:MSVCR100.dll
 0002:00000120       __imp_longjmp              0000000180036120     MSVCRT:MSVCR100.dll
 0002:00000128       __imp_strncpy              0000000180036128     MSVCRT:MSVCR100.dll
 0002:00000130       __imp_memcpy               0000000180036130     MSVCRT:MSVCR100.dll
 0002:00000138       __imp_strcat               0000000180036138     MSVCRT:MSVCR100.dll
 0002:00000140       __imp_strlen               0000000180036140     MSVCRT:MSVCR100.dll
 0002:00000148       __imp_malloc               0000000180036148     MSVCRT:MSVCR100.dll
 0002:00000150       __imp_sprintf              0000000180036150     MSVCRT:MSVCR100.dll
 0002:00000158       __imp_free                 0000000180036158     MSVCRT:MSVCR100.dll
 0002:00000160       __imp_strcmp               0000000180036160     MSVCRT:MSVCR100.dll
 0002:00000168       __imp_memset               0000000180036168     MSVCRT:MSVCR100.dll
 0002:00000170       \177MSVCR100_NULL_THUNK_DATA 0000000180036170     MSVCRT:MSVCR100.dll
 0002:00000178       __imp_emlrtIsEnumR2009a    0000000180036178     libemlrt:libemlrt.dll
 0002:00000180       __imp_emlrtGetEnumUnderlyingArrayR2009a 0000000180036180     libemlrt:libemlrt.dll
 0002:00000188       __imp_emlrtTranslateUTF16MessagetoLCPstring 0000000180036188     libemlrt:libemlrt.dll
 0002:00000190       __imp_emlrtForLoopVectorIsValidR2011b 0000000180036190     libemlrt:libemlrt.dll
 0002:00000198       __imp_emlrtTranslateMessageIDtoLCPstring 0000000180036198     libemlrt:libemlrt.dll
 0002:000001a0       __imp_emlrtExtractMessageId 00000001800361a0     libemlrt:libemlrt.dll
 0002:000001a8       __imp_emlrtNameCapturePostProcessR2012a 00000001800361a8     libemlrt:libemlrt.dll
 0002:000001b0       __imp_emlrtImportVsFiArrayR2009b 00000001800361b0     libemlrt:libemlrt.dll
 0002:000001b8       __imp_emlrtCreateReference 00000001800361b8     libemlrt:libemlrt.dll
 0002:000001c0       __imp_emlrtGetEnumElementR2009a 00000001800361c0     libemlrt:libemlrt.dll
 0002:000001c8       __imp_emlrtCreateEnumR2012b 00000001800361c8     libemlrt:libemlrt.dll
 0002:000001d0       __imp_emlrtCheckEnumR2012b 00000001800361d0     libemlrt:libemlrt.dll
 0002:000001d8       __imp_emlrtCheckVsBuiltInR2012b 00000001800361d8     libemlrt:libemlrt.dll
 0002:000001e0       __imp_emlrtCheckBuiltInR2012b 00000001800361e0     libemlrt:libemlrt.dll
 0002:000001e8       __imp_emlrtDestroyRootTLS  00000001800361e8     libemlrt:libemlrt.dll
 0002:000001f0       __imp_emlrtCreateRootTLS   00000001800361f0     libemlrt:libemlrt.dll
 0002:000001f8       \177libemlrt_NULL_THUNK_DATA 00000001800361f8     libemlrt:libemlrt.dll
 0002:00000200       __imp_ssRegisterDataTypeFxpScaledDouble 0000000180036200     libfixedpoint:libfixedpoint.dll
 0002:00000208       __imp_ssRegisterDataTypeFxpFSlopeFixExpBias 0000000180036208     libfixedpoint:libfixedpoint.dll
 0002:00000210       \177libfixedpoint_NULL_THUNK_DATA 0000000180036210     libfixedpoint:libfixedpoint.dll
 0002:00000218       __imp_mexLock              0000000180036218     libmex:libmex.dll
 0002:00000220       __imp_mexMakeMemoryPersistent 0000000180036220     libmex:libmex.dll
 0002:00000228       __imp_mexFunctionName      0000000180036228     libmex:libmex.dll
 0002:00000230       __imp_mexGetVariable       0000000180036230     libmex:libmex.dll
 0002:00000238       __imp_mexPutVariable       0000000180036238     libmex:libmex.dll
 0002:00000240       __imp_mexSetTrapFlag       0000000180036240     libmex:libmex.dll
 0002:00000248       __imp_mexIsLocked          0000000180036248     libmex:libmex.dll
 0002:00000250       __imp_mexWarnMsgTxt        0000000180036250     libmex:libmex.dll
 0002:00000258       __imp_mexCallMATLAB        0000000180036258     libmex:libmex.dll
 0002:00000260       __imp_mexUnlock            0000000180036260     libmex:libmex.dll
 0002:00000268       __imp_mexErrMsgTxt         0000000180036268     libmex:libmex.dll
 0002:00000270       __imp_mexMakeArrayPersistent 0000000180036270     libmex:libmex.dll
 0002:00000278       \177libmex_NULL_THUNK_DATA 0000000180036278     libmex:libmex.dll
 0002:00000280       __imp_mxCreateCellMatrix_730 0000000180036280     libmx:libmx.dll
[...]
 0001:0000a740       sf_mex_check_complex       000000018000b740 f   sfc_mex:sfc_mex.obj
 0001:0000a7d0       sf_mex_check_sparse        000000018000b7d0 f   sfc_mex:sfc_mex.obj
 0001:0000a830       sf_mex_check_numerictype   000000018000b830 f   sfc_mex:sfc_mex.obj
 0001:0000a9c0       sf_mex_check_fimath        000000018000b9c0 f   sfc_mex:sfc_mex.obj
 0001:0000b520       size_mismatch_error        000000018000c520 f   sfc_mex:sfc_mex.obj
 0001:0000bf90       check_array_dimensions     000000018000cf90 f   sfc_mex:sfc_mex.obj
 0001:0000c000       check_input_mxarray        000000018000d000 f   sfc_mex:sfc_mex.obj
 0001:0000c740       sf_numeric_value_to_double 000000018000d740 f   sfc_mex:sfc_mex.obj
 0001:0000c790       ml_generic_out_of_bounds_check 000000018000d790 f   sfc_mex:sfc_mex.obj
 0001:0000c950       ml_get_element_value_from_array 000000018000d950 f   sfc_mex:sfc_mex.obj
 0001:0000ccf0       _ml_generic_castability_check 000000018000dcf0 f   sfc_mex:sfc_mex.obj
 0001:0000d440       ml_generic_castability_check 000000018000e440 f   sfc_mex:sfc_mex.obj
 0001:0000d4e0       ml_check_mx_array_for_single_castability 000000018000e4e0 f   sfc_mex:sfc_mex.obj
 0001:0000d580       ml_check_mx_array_for_logical_castability 000000018000e580 f   sfc_mex:sfc_mex.obj
 0001:0000d620       ml_check_mx_array_for_int8_castability 000000018000e620 f   sfc_mex:sfc_mex.obj
 0001:0000d6d0       ml_check_mx_array_for_uint8_castability 000000018000e6d0 f   sfc_mex:sfc_mex.obj
 0001:0000d730       ml_check_mx_array_for_int16_castability 000000018000e730 f   sfc_mex:sfc_mex.obj
 0001:0000d790       ml_check_mx_array_for_uint16_castability 000000018000e790 f   sfc_mex:sfc_mex.obj
 0001:0000d7f0       ml_check_mx_array_for_int32_castability 000000018000e7f0 f   sfc_mex:sfc_mex.obj
 0001:0000d850       ml_check_mx_array_for_uint32_castability 000000018000e850 f   sfc_mex:sfc_mex.obj
 0001:0000d8b0       ml_check_mx_array_for_castability 000000018000e8b0 f   sfc_mex:sfc_mex.obj
 0001:0000e0d0       set_data_value             000000018000f0d0 f   sfc_mex:sfc_mex.obj
 0001:0000e440       get_data_value             000000018000f440 f   sfc_mex:sfc_mex.obj
 0001:0000e550       get_next_element_address   000000018000f550 f   sfc_mex:sfc_mex.obj
 0001:0000e620       sf_normalize_index         000000018000f620 f   sfc_mex:sfc_mex.obj
 0001:0000e9d0       ml_array_index_bound_check 000000018000f9d0 f   sfc_mex:sfc_mex.obj
 0001:0000f550       mx_value                   0000000180010550 f   sfc_mex:sfc_mex.obj
 0001:0000f5a0       sf_create_numeric_array    00000001800105a0 f   sfc_mex:sfc_mex.obj
 0001:0000f640       sf_mex_assign_to_mx_array  0000000180010640 f   sfc_mex:sfc_mex.obj
 0001:0000f9b0       assign_from_mx_array       00000001800109b0 f   sfc_mex:sfc_mex.obj
 0001:00010110       sf_mex_import_v            0000000180011110 f   sfc_mex:sfc_mex.obj
 0001:00010820       get_machine_and_chart_file_number 0000000180011820 f   sfc_mex:sfc_sf.obj
 0001:00010910       get_sfun_block_specialization 0000000180011910 f   sfc_mex:sfc_sf.obj
 0001:000109c0       call_sf_machine_global_method_dispatcher 00000001800119c0 f   sfc_mex:sfc_sf.obj
 0001:00010c10       mdl_zeroCrossings_processing 0000000180011c10 f   sfc_mex:sfc_sf.obj
 0001:00010cf0       mdl_derivatives_processing 0000000180011cf0 f   sfc_mex:sfc_sf.obj
 0001:00010fd0       mdl_outputs_continuous_legacy 0000000180011fd0 f   sfc_mex:sfc_sf.obj
 0001:00011050       mdl_outputs_processing     0000000180012050 f   sfc_mex:sfc_sf.obj
 0001:000112c0       mdl_enable_processing      00000001800122c0 f   sfc_mex:sfc_sf.obj
 0001:000113a0       mdl_disable_processing     00000001800123a0 f   sfc_mex:sfc_sf.obj
 0001:00012230       sf_call_output_fcn_enable_disable 0000000180013230 f   sfc_mex:sfc_sf.obj
 0001:000124b0       set_dwork_information_from_mx_array 00000001800134b0 f   sfc_mex:sfc_sf.obj
 0001:00012da0       ptr2mxStruct               0000000180013da0 f   sfc_mex:sfc_sf.obj
 0001:000130b0       SNPRINTF_WRAPPER           00000001800140b0 f   sfc_debug:sfcdebug.obj
 0001:000130e0       sf_debug_chart_instance_initialized 00000001800140e0 f   sfc_debug:sfcdebug.obj
 0001:00013280       sfrtAddSize                0000000180014280 f   sfc_debug:sfcdebug.obj
 0001:00013340       sfrtGenSizeString          0000000180014340 f   sfc_debug:sfcdebug.obj
 0001:00013a90       fill_single_message_info   0000000180014a90 f   sfc_debug:sfcdebug.obj
 0001:00013d10       sf_debug_sim_status_listener 0000000180014d10 f   sfc_debug:sfcdebug.obj
 0001:000142a0       sf_debug_form_mask_bits    00000001800152a0 f   sfc_debug:sfcdebug.obj
 0001:000142c0       sf_debug_form_sf_data_type_offsets 00000001800152c0 f   sfc_debug:sfcdebug.obj
 0001:00014380       sf_debug_free_all          0000000180015380 f   sfc_debug:sfcdebug.obj
 0001:00014510       sf_debug_append_debugger_context 0000000180015510 f   sfc_debug:sfcdebug.obj
 0001:00014880       local_strdup               0000000180015880 f   sfc_debug:sfcdebug.obj
 0001:00015800       sf_debug_em_terminate      0000000180016800 f   sfc_debug:sfcdebug.obj
 0001:00015840       sf_debug_push_eml_function 0000000180016840 f   sfc_debug:sfcdebug.obj
 0001:000158e0       sf_debug_pop_eml_function  00000001800168e0 f   sfc_debug:sfcdebug.obj
 0001:00016580       sf_debug_get_machine_number_from_id_or_name 0000000180017580 f   sfc_debug:sfcdebug.obj
 0001:000166d0       sf_debug_get_chart_number_from_id 00000001800176d0 f   sfc_debug:sfcdebug.obj
 0001:000174b0       sf_debug_transfer_control_to_debugger_GUI 00000001800184b0 f   sfc_debug:sfcdebug.obj
 0001:00018420       sf_debug_scripts_rehash    0000000180019420 f   sfc_debug:sfcdebug.obj
 0001:00018630       sf_debug_get_script_line_count 0000000180019630 f   sfc_debug:sfcdebug.obj
 0001:00019080       cv_eml_state_cvId          000000018001a080 f   sfc_debug:sfcdebug.obj
 0001:000190f0       cv_eml_trans_cvId          000000018001a0f0 f   sfc_debug:sfcdebug.obj
 0001:0001a570       sf_debug_data_array_bounds_error 000000018001b570 f   sfc_debug:sfcdebug.obj
 0001:0001a920       eml_debug_runtime_error_doclink 000000018001b920 f   sfc_debug:sfcdebug.obj
 0001:0001aa90       sf_debug_runtime_error     000000018001ba90 f   sfc_debug:sfcdebug.obj
 0001:0001ab00       sf_debug_matlab_error      000000018001bb00 f   sfc_debug:sfcdebug.obj
 0001:0001b470       sf_debug_data_value_error  000000018001c470 f   sfc_debug:sfcdebug.obj
 0001:0001bd40       sf_debug_data_loss_error   000000018001cd40 f   sfc_debug:sfcdebug.obj
 0001:0001cc60       call_cv_range_check        000000018001dc60 f   sfc_debug:sfcdebug.obj
 0001:0001d4c0       sf_debug_invoke_cycle_detection_code 000000018001e4c0 f   sfc_debug:sfcdebug.obj
 0001:0001e030       sf_reset_debug_info_struct 000000018001f030 f   sfc_debug:sfcdebug.obj
 0001:0001e820       cv_script_cvId             000000018001f820 f   sfc_debug:sfcdebug.obj
 0001:0001f9e0       sfc_api_chart_visible      00000001800209e0 f   sfc_debug:sfc_api.obj
 0001:0001fa70       sfc_api_active_instance    0000000180020a70 f   sfc_debug:sfc_api.obj
 0001:0001fb00       sfc_api_machine_load       0000000180020b00 f   sfc_debug:sfc_api.obj
 0001:0001fbf0       sfc_api_debugger_alive     0000000180020bf0 f   sfc_debug:sfc_api.obj
 0001:0001fc00       sfc_api_go                 0000000180020c00 f   sfc_debug:sfc_api.obj
 0001:0001fc10       sfc_api_step_over          0000000180020c10 f   sfc_debug:sfc_api.obj
 0001:0001fc20       sfc_api_step_out           0000000180020c20 f   sfc_debug:sfc_api.obj
 0001:0001fc30       sfc_api_resume             0000000180020c30 f   sfc_debug:sfc_api.obj
 0001:0001fc40       sfc_api_break              0000000180020c40 f   sfc_debug:sfc_api.obj
 0001:0001fc50       sfc_api_stop_debugging     0000000180020c50 f   sfc_debug:sfc_api.obj
 0001:0001fcb0       sfc_api_is_cycle_detected  0000000180020cb0 f   sfc_debug:sfc_api.obj
 0001:0001fd10       sfc_api_is_array_bounds_detected 0000000180020d10 f   sfc_debug:sfc_api.obj
 0001:0001fd70       sfc_api_set_disable_all_breakpoints 0000000180020d70 f   sfc_debug:sfc_api.obj
 0001:0001fdf0       sfc_api_disable_all_breakpoints_and_go 0000000180020df0 f   sfc_debug:sfc_api.obj
 0001:0001fe00       sfc_api_close              0000000180020e00 f   sfc_debug:sfc_api.obj
 0001:0001fe10       sfc_api_browse_data        0000000180020e10 f   sfc_debug:sfc_api.obj
 0001:0001fe90       sfc_api_watch_data         0000000180020e90 f   sfc_debug:sfc_api.obj
 0001:0001ffa0       sfc_api_extract_message_post_receive_info 0000000180020fa0 f   sfc_debug:sfc_api.obj
 0001:0001ffc0       sfc_api_assign_data        0000000180020fc0 f   sfc_debug:sfc_api.obj
 0001:00020070       sfc_api_whos               0000000180021070 f   sfc_debug:sfc_api.obj
 0001:00020100       sfc_api_get_consistency_info 0000000180021100 f   sfc_debug:sfc_api.obj
 0001:00020110       sfc_api_browse_trace       0000000180021110 f   sfc_debug:sfc_api.obj
 0001:00020120       sfc_api_break_on_chart_entry 0000000180021120 f   sfc_debug:sfc_api.obj
 0001:00020150       sfc_api_break_on_event_broadcast 0000000180021150 f   sfc_debug:sfc_api.obj
 0001:00020180       sfc_api_break_on_state_entry 0000000180021180 f   sfc_debug:sfc_api.obj
 0001:000201b0       sfc_api_set_watch          00000001800211b0 f   sfc_debug:sfc_api.obj
 0001:00020260       sfc_api_set_breakpoints    0000000180021260 f   sfc_debug:sfc_api.obj
 0001:00020320       sfc_api_set_eml_breakpoints 0000000180021320 f   sfc_debug:sfc_api.obj
 0001:000203c0       sfc_api_set_script_breakpoints 00000001800213c0 f   sfc_debug:sfc_api.obj
 0001:00020420       sfc_api_add_script_breakpoints 0000000180021420 f   sfc_debug:sfc_api.obj
 0001:00020480       sfc_api_clear_script_breakpoints 0000000180021480 f   sfc_debug:sfc_api.obj
 0001:000204e0       sfc_api_query_script_breakpoints 00000001800214e0 f   sfc_debug:sfc_api.obj
 0001:00020550       sfc_api_get_script_id      0000000180021550 f   sfc_debug:sfc_api.obj
 0001:00020610       sfc_api_get_active_states  0000000180021610 f   sfc_debug:sfc_api.obj
 0001:000206a0       sfc_api_break_between_times 00000001800216a0 f   sfc_debug:sfc_api.obj
 0001:00020710       sfc_api_get_instance_handle 0000000180021710 f   sfc_debug:sfc_api.obj
 0001:000207e0       sfc_api_set_animation      00000001800217e0 f   sfc_debug:sfc_api.obj
 0001:00020830       sfc_api_select_chart       0000000180021830 f   sfc_debug:sfc_api.obj
 0001:000208a0       sfc_api_select_charts      00000001800218a0 f   sfc_debug:sfc_api.obj
 0001:000208d0       sfc_api_cycle_detection_check 00000001800218d0 f   sfc_debug:sfc_api.obj
 0001:00020920       sfc_api_data_range_check   0000000180021920 f   sfc_debug:sfc_api.obj
 0001:00020970       sfc_api_transition_conflict_check 0000000180021970 f   sfc_debug:sfc_api.obj
 0001:000209c0       sfc_api_state_consistency_check 00000001800219c0 f   sfc_debug:sfc_api.obj
 0001:00020a10       sfc_api_set_instance_cv_ids 0000000180021a10 f   sfc_debug:sfc_api.obj
 0001:00020b40       sfc_api_set_script_cv_ids  0000000180021b40 f   sfc_debug:sfc_api.obj
 0001:00020c10       sfc_api_get_current_machine_id 0000000180021c10 f   sfc_debug:sfc_api.obj
 0001:00020c40       sfc_api_get_current_machine_number 0000000180021c40 f   sfc_debug:sfc_api.obj
 0001:00020c70       sfc_api_get_current_chart_number 0000000180021c70 f   sfc_debug:sfc_api.obj
 0001:00020ca0       sfc_api_get_current_instance_number 0000000180021ca0 f   sfc_debug:sfc_api.obj
 0001:00020cd0       sfc_api_get_current_instance_handle 0000000180021cd0 f   sfc_debug:sfc_api.obj
 0001:00020cf0       sfc_api_get_current_is_minor_time_step 0000000180021cf0 f   sfc_debug:sfc_api.obj
 0001:00020d20       sfc_api_get_current_machine_name 0000000180021d20 f   sfc_debug:sfc_api.obj
 0001:00020d40       sfc_api_get_current_chart_id 0000000180021d40 f   sfc_debug:sfc_api.obj
 0001:00020d70       sfc_api_get_current_object_type 0000000180021d70 f   sfc_debug:sfc_api.obj
 0001:00020da0       sfc_api_get_current_event_type 0000000180021da0 f   sfc_debug:sfc_api.obj
 0001:00020dd0       sfc_api_get_current_object_id 0000000180021dd0 f   sfc_debug:sfc_api.obj
 0001:00020e00       sfc_get_current_active_event_type 0000000180021e00 f   sfc_debug:sfc_api.obj
 0001:00020e30       sfc_api_get_current_active_event_id 0000000180021e30 f   sfc_debug:sfc_api.obj
 0001:00020e60       sfc_api_get_current_simulation_time 0000000180021e60 f   sfc_debug:sfc_api.obj
 0001:00020e80       sfc_get_current_tag_type   0000000180021e80 f   sfc_debug:sfc_api.obj
 0001:00020eb0       sfc_get_current_coverage_percentage 0000000180021eb0 f   sfc_debug:sfc_api.obj
 0001:00020ed0       sfc_get_current_statement_context 0000000180021ed0 f   sfc_debug:sfc_api.obj
 0001:00020ef0       sfc_get_current_optional_integer 0000000180021ef0 f   sfc_debug:sfc_api.obj
 0001:00020f20       sfc_get_current_statement_info 0000000180021f20 f   sfc_debug:sfc_api.obj
 0001:00020fc0       sfc_api_get                0000000180021fc0 f   sfc_debug:sfc_api.obj
 0001:00021c20       sf_debug_sm_fill_state_activity_data 0000000180022c20 f   sfc_debug:sfdb_animation.obj
 0001:00024460       void_ptr_stack_vector_free_total 0000000180025460 f   sfc_debug:sfdb_data_browse.obj
 0001:000244e0       sf_debug_st_terminate_machine 00000001800254e0 f   sfc_debug:sfdb_data_browse.obj
 0001:00024520       sf_debug_st_terminate_instance 0000000180025520 f   sfc_debug:sfdb_data_browse.obj
 0001:000248d0       push_on_to_void_ptr_stack  00000001800258d0 f   sfc_debug:sfdb_data_browse.obj
 0001:00024a60       pop_from_void_ptr_stack    0000000180025a60 f   sfc_debug:sfdb_data_browse.obj
 0001:00024b90       sf_debug_st_get_data_value 0000000180025b90 f   sfc_debug:sfdb_data_browse.obj
 0001:000250c0       mx_value                   00000001800260c0 f   sfc_debug:sfdb_data_browse.obj
 0001:00025100       sf_debug_st_fill_data_struct 0000000180026100 f   sfc_debug:sfdb_data_browse.obj
 0001:00025440       data_type_format_strings   0000000180026440 f   sfc_debug:sfdb_data_browse.obj
 0001:000254f0       sf_debug_st_fill_data      00000001800264f0 f   sfc_debug:sfdb_data_browse.obj
 0001:000261e0       sf_debug_hm_get_simulink_handle 00000001800271e0 f   sfc_debug:sfdb_handle_management.obj
 0001:00026c90       sf_debug_hm_initialize_globals 0000000180027c90 f   sfc_debug:sfdb_handle_management.obj
 0001:00026d90       sf_debug_hm_get_machine_debug_flag 0000000180027d90 f   sfc_debug:sfdb_handle_management.obj
 0001:00026f00       sf_debug_hm_get_machine_id 0000000180027f00 f   sfc_debug:sfdb_handle_management.obj
 0001:00027020       sf_debug_hm_get_chart_id   0000000180028020 f   sfc_debug:sfdb_handle_management.obj
 0001:000271c0       sf_debug_hm_register_executing_SFunction 00000001800281c0 f   sfc_debug:sfdb_handle_management.obj
 0001:00027550       sf_debug_hm_form_object_boolean_properties 0000000180028550 f   sfc_debug:sfdb_handle_management.obj
 0001:00027820       sf_debug_hm_form_object_properties 0000000180028820 f   sfc_debug:sfdb_handle_management.obj
 0001:00027a60       sf_debug_hm_terminate_charts 0000000180028a60 f   sfc_debug:sfdb_handle_management.obj
 0001:00028140       sf_debug_hm_terminate_machines 0000000180029140 f   sfc_debug:sfdb_handle_management.obj
 0001:00029bb0       sf_debug_ss_copy_dimension 000000018002abb0 f   sfc_debug:sfdb_symbol_scope.obj
 0001:00029c70       sf_debug_ss_get_number_elements 000000018002ac70 f   sfc_debug:sfdb_symbol_scope.obj
 0001:00029c90       sf_debug_ss_fill_data_struct 000000018002ac90 f   sfc_debug:sfdb_symbol_scope.obj
 0001:00029fe0       sf_debug_ss_reset_data_info 000000018002afe0 f   sfc_debug:sfdb_symbol_scope.obj
 0001:0002a040       sf_debug_fill_data_info_by_symbol_scope_entry 000000018002b040 f   sfc_debug:sfdb_symbol_scope.obj
 0001:0002a100       sf_debug_fill_data_info_by_data_vector 000000018002b100 f   sfc_debug:sfdb_symbol_scope.obj
 0001:0002a350       get_data_info_helper       000000018002b350 f   sfc_debug:sfdb_symbol_scope.obj
 0001:0002a640       sf_debug_ss_get_data_info  000000018002b640 f   sfc_debug:sfdb_symbol_scope.obj
 0001:0002a860       sf_debug_select_mex_function 000000018002b860 f   sfc_debug:sfdb_symbol_scope.obj
 0001:0002a890       sf_debug_is_dyn_matrix_initialized 000000018002b890 f   sfc_debug:sfdb_symbol_scope.obj
 0001:0002a8b0       sf_debug_ss_set_data_value_try 000000018002b8b0 f   sfc_debug:sfdb_symbol_scope.obj
 0001:0002aaa0       sf_debug_ss_get_data_value 000000018002baa0 f   sfc_debug:sfdb_symbol_scope.obj
 0001:0002b200       sf_debug_ss_data_bytes_string 000000018002c200 f   sfc_debug:sfdb_symbol_scope.obj
 0001:0002b290       sf_debug_ss_data_class_string 000000018002c290 f   sfc_debug:sfdb_symbol_scope.obj
 0001:0002b610       sf_debug_ss_data_size_string 000000018002c610 f   sfc_debug:sfdb_symbol_scope.obj
 0001:0002b6f0       sf_debug_ss_data_create_data_info_struct 000000018002c6f0 f   sfc_debug:sfdb_symbol_scope.obj
 0001:0002b9a0       sf_debug_ss_data_create_name_value_pair 000000018002c9a0 f   sfc_debug:sfdb_symbol_scope.obj
 0001:0002ba40       sf_debug_ss_data_get_whos_info 000000018002ca40 f   sfc_debug:sfdb_symbol_scope.obj
 0001:0002ba50       same_named_data_in_data_array 000000018002ca50 f   sfc_debug:sfdb_symbol_scope.obj
 0001:0002d1e0       sf_debug_cc_terminate_chart 000000018002e1e0 f   sfc_debug:sfdb_coverage.obj
 0001:0002d4f0       sf_debug_cc_terminate_instance 000000018002e4f0 f   sfc_debug:sfdb_coverage.obj
 0001:0002e0c0       sf_debug_cc_mark_object_if_needed 000000018002f0c0 f   sfc_debug:sfdb_coverage.obj
 0001:0002e940       sf_debug_bm_initialize_eml 000000018002f940 f   sfc_debug:sfdb_breakpoints.obj
 0001:0002fa00       sf_debug_bm_map_debug_tag_to_breakpoint_tag 0000000180030a00 f   sfc_debug:sfdb_breakpoints.obj
 0001:0002fae0       sf_debug_bm_is_a_eml_breakpoint_impl 0000000180030ae0 f   sfc_debug:sfdb_breakpoints.obj
 0001:00031410       sf_debug_sc_push_on_error_stack 0000000180032410 f   sfc_debug:sfdb_state_consistency.obj
 0001:00031530       sf_debug_sc_reset_error_stack 0000000180032530 f   sfc_debug:sfdb_state_consistency.obj
 0001:000316c0       sf_debug_sc_is_state_inconsistent 00000001800326c0 f   sfc_debug:sfdb_state_consistency.obj
 0001:000319b0       sf_debug_sc_fill_consistency_info 00000001800329b0 f   sfc_debug:sfdb_state_consistency.obj
 0001:00031f50       void_assertion_fcn         0000000180032f50 f   sfc_debug:sfdb_call_stack.obj
 0001:000324a0       sf_debug_tm_fill_local_trace 00000001800334a0 f   sfc_debug:sfdb_call_stack.obj
 0001:00032a40       sf_debug_cd_terminate_instance 0000000180033a40 f   sfc_debug:sfdb_cycle_detection.obj
 0001:00032aa0       sf_debug_cd_free_checksum_stack 0000000180033aa0 f   sfc_debug:sfdb_cycle_detection.obj
 0001:00032af0       sf_debug_cd_reset_pack_strings 0000000180033af0 f   sfc_debug:sfdb_cycle_detection.obj
 0001:00033190       md5file_clear              0000000180034190 f   sfc_debug:ckmd5.obj
 0001:000331c0       Encode                     00000001800341c0 f   sfc_debug:ckmd5.obj
 0001:00033210       Decode                     0000000180034210 f   sfc_debug:ckmd5.obj
 0001:000332b0       MD5Transform               00000001800342b0 f   sfc_debug:ckmd5.obj
 0001:00033b10       md5file_addn               0000000180034b10 f   sfc_debug:ckmd5.obj
 0001:00033be0       md5file_hash               0000000180034be0 f   sfc_debug:ckmd5.obj
 0001:000340d8       pre_c_init                 00000001800350d8 f   MSVCRT:crtdll.obj
 0001:00034394       __DllMainCRTStartup        0000000180035394 f   MSVCRT:crtdll.obj
 0001:00034a90       __DllMainCRTStartup$filt$0 0000000180035a90 f   MSVCRT:crtdll.obj
 0001:00034ac0       __DllMainCRTStartup$fin$1  0000000180035ac0 f   MSVCRT:crtdll.obj
 0001:00034ada       _onexit$fin$0              0000000180035ada f   MSVCRT:atonexit.obj
 0001:00034b00       _IsNonwritableInCurrentImage$filt$0 0000000180035b00 f   MSVCRT:pesect.obj
