 Heating_sfun

 Timestamp is 556ec386 (Wed Jun 03 11:06:14 2015)

 Preferred load address is 0000000180000000

 Start         Length     Name                   Class
 0001:00000000 00040ce4H .text                   CODE
 0001:00040cf0 00000092H .text$x                 CODE
 0002:00000000 00000488H .idata$5                DATA
 0002:00000488 00000008H .CRT$XCA                DATA
 0002:00000490 00000008H .CRT$XCZ                DATA
 0002:00000498 00000008H .CRT$XIA                DATA
 0002:000004a0 00000008H .CRT$XIAA               DATA
 0002:000004a8 00000008H .CRT$XIZ                DATA
 0002:000004b0 00004b8cH .rdata                  DATA
 0002:00005040 00000008H .rtc$IAA                DATA
 0002:00005048 00000008H .rtc$IZZ                DATA
 0002:00005050 00000008H .rtc$TAA                DATA
 0002:00005058 00000008H .rtc$TZZ                DATA
 0002:00005060 0000453cH .xdata                  DATA
 0002:0000959c 0000008cH .idata$2                DATA
 0002:00009628 00000014H .idata$3                DATA
 0002:00009640 00000488H .idata$4                DATA
 0002:00009ac8 00000a9eH .idata$6                DATA
 0002:0000a570 00000052H .edata                  DATA
 0003:00000000 00002f28H .data                   DATA
 0003:00002f40 00002418H .bss                    DATA
 0004:00000000 000036a8H .pdata                  DATA

  Address         Publics by Value              Rva+Base               Lib:Object

 0000:00000000       ___safe_se_handler_table   0000000000000000     <absolute>
 0000:00000000       ___safe_se_handler_count   0000000000000000     <absolute>
 0000:00000000       __ImageBase                0000000180000000     <linker-defined>
 0001:00000000       sf_c1_Heating_get_eml_resolved_functions_info 0000000180001000 f   c1_Heating.obj
 0001:00000080       sf_c1_Heating_get_check_sum 0000000180001080 f   c1_Heating.obj
 0001:00000100       sf_c1_Heating_get_autoinheritance_info 0000000180001100 f   c1_Heating.obj
 0001:00000670       sf_c1_Heating_third_party_uses_info 0000000180001670 f   c1_Heating.obj
 0001:000006a0       sf_internal_get_sim_state_c1_Heating 00000001800016a0 f   c1_Heating.obj
 0001:00000a00       sf_internal_set_sim_state_c1_Heating 0000000180001a00 f   c1_Heating.obj
 0001:00000e00       c1_Heating_method_dispatcher 0000000180001e00 f   c1_Heating.obj
 0001:00002c00       sf_c2_Heating_get_eml_resolved_functions_info 0000000180003c00 f   c2_Heating.obj
 0001:00002c80       sf_c2_Heating_get_check_sum 0000000180003c80 f   c2_Heating.obj
 0001:00002d00       sf_c2_Heating_get_autoinheritance_info 0000000180003d00 f   c2_Heating.obj
 0001:00003120       sf_c2_Heating_third_party_uses_info 0000000180004120 f   c2_Heating.obj
 0001:00003150       sf_internal_get_sim_state_c2_Heating 0000000180004150 f   c2_Heating.obj
 0001:000034a0       sf_internal_set_sim_state_c2_Heating 00000001800044a0 f   c2_Heating.obj
 0001:000038a0       c2_Heating_method_dispatcher 00000001800048a0 f   c2_Heating.obj
 0001:00005510       sf_c3_Heating_get_eml_resolved_functions_info 0000000180006510 f   c3_Heating.obj
 0001:000059f0       sf_c3_Heating_get_check_sum 00000001800069f0 f   c3_Heating.obj
 0001:00005a70       sf_c3_Heating_get_autoinheritance_info 0000000180006a70 f   c3_Heating.obj
 0001:00006130       sf_c3_Heating_third_party_uses_info 0000000180007130 f   c3_Heating.obj
 0001:00006160       sf_internal_get_sim_state_c3_Heating 0000000180007160 f   c3_Heating.obj
 0001:00006580       sf_internal_set_sim_state_c3_Heating 0000000180007580 f   c3_Heating.obj
 0001:000069c0       c3_Heating_method_dispatcher 00000001800079c0 f   c3_Heating.obj
 0001:00008930       sf_c4_Heating_get_eml_resolved_functions_info 0000000180009930 f   c4_Heating.obj
 0001:000089b0       sf_c4_Heating_get_check_sum 00000001800099b0 f   c4_Heating.obj
 0001:00008a30       sf_c4_Heating_get_autoinheritance_info 0000000180009a30 f   c4_Heating.obj
 0001:00009230       sf_c4_Heating_third_party_uses_info 000000018000a230 f   c4_Heating.obj
 0001:00009260       sf_internal_get_sim_state_c4_Heating 000000018000a260 f   c4_Heating.obj
 0001:00009670       sf_internal_set_sim_state_c4_Heating 000000018000a670 f   c4_Heating.obj
 0001:00009ab0       c4_Heating_method_dispatcher 000000018000aab0 f   c4_Heating.obj
 0001:0000be60       sf_c5_Heating_get_eml_resolved_functions_info 000000018000ce60 f   c5_Heating.obj
 0001:0000bee0       sf_c5_Heating_get_check_sum 000000018000cee0 f   c5_Heating.obj
 0001:0000bf60       sf_c5_Heating_get_autoinheritance_info 000000018000cf60 f   c5_Heating.obj
 0001:0000c380       sf_c5_Heating_third_party_uses_info 000000018000d380 f   c5_Heating.obj
 0001:0000c3b0       sf_internal_get_sim_state_c5_Heating 000000018000d3b0 f   c5_Heating.obj
 0001:0000c700       sf_internal_set_sim_state_c5_Heating 000000018000d700 f   c5_Heating.obj
 0001:0000cb00       c5_Heating_method_dispatcher 000000018000db00 f   c5_Heating.obj
 0001:0000e770       sf_process_check_sum_call  000000018000f770 f   Heating_sfun_registry.obj
 0001:0000e7c0       sf_process_autoinheritance_call 000000018000f7c0 f   Heating_sfun_registry.obj
 0001:0000e960       sf_process_get_third_party_uses_info_call 000000018000f960 f   Heating_sfun_registry.obj
 0001:0000eb00       sf_process_get_eml_resolved_functions_info_call 000000018000fb00 f   Heating_sfun_registry.obj
 0001:0000ec80       sf_mex_unlock_call         000000018000fc80 f   Heating_sfun_registry.obj
 0001:0000ed30       sf_machine_global_initializer_called 000000018000fd30 f   Heating_sfun_registry.obj
 0001:0000ed60       sf_machine_global_method_dispatcher 000000018000fd60 f   Heating_sfun_registry.obj
 0001:0000edc0       sf_machine_global_terminator 000000018000fdc0 f   Heating_sfun_registry.obj
 0001:0000ee10       sf_register_machine_exported_symbols 000000018000fe10 f   Heating_sfun_registry.obj
 0001:0000ee30       callCustomFcn              000000018000fe30 f   Heating_sfun_registry.obj
 0001:0000ee40       sf_machine_global_initializer 000000018000fe40 f   Heating_sfun_registry.obj
 0001:0000eec0       _ssSetStateAbsTol          000000018000fec0 f   Heating_sfun_registry.obj
 0001:0000efa0       _ssGetAbsTol               000000018000ffa0 f   Heating_sfun_registry.obj
 0001:0000f010       _ssSetInputPortMatrixDimensions 0000000180010010 f   Heating_sfun_registry.obj
 0001:0000f120       _ssSetOutputPortMatrixDimensions 0000000180010120 f   Heating_sfun_registry.obj
 0001:0000f230       _ssSetInputPortVectorDimension 0000000180010230 f   Heating_sfun_registry.obj
 0001:0000f300       _ssSetOutputPortVectorDimension 0000000180010300 f   Heating_sfun_registry.obj
 0001:0000f3d0       ssIsRunTimeParamTunable    00000001800103d0 f   Heating_sfun_registry.obj
 0001:0000f440       ssGetSFuncBlockHandle      0000000180010440 f   Heating_sfun_registry.obj
 0001:0000f4b0       _ssGetCurrentInputPortWidth 00000001800104b0 f   Heating_sfun_registry.obj
 0001:0000f5d0       _ssGetCurrentOutputPortWidth 00000001800105d0 f   Heating_sfun_registry.obj
 0001:0000f6f0       _ssGetCallSystemNumFcnCallDestinations 00000001800106f0 f   Heating_sfun_registry.obj
 0001:0000f760       ssWarning                  0000000180010760 f   Heating_sfun_registry.obj
 0001:0000f870       ssGetIsZeroCrossControlDisabled 0000000180010870 f   Heating_sfun_registry.obj
 0001:0000f8e0       ssSetIsInputPortUsedForContZcSignal 00000001800108e0 f   Heating_sfun_registry.obj
 0001:0000f950       ssSetZcSignalIsZcElementDisc 0000000180010950 f   Heating_sfun_registry.obj
 0001:0000fa00       ssSetZcSignalName          0000000180010a00 f   Heating_sfun_registry.obj
 0001:0000fa70       ssSetZcSignalWidth         0000000180010a70 f   Heating_sfun_registry.obj
 0001:0000fae0       ssSetZcSignalZcEventType   0000000180010ae0 f   Heating_sfun_registry.obj
 0001:0000fb50       ssSetZcSignalType          0000000180010b50 f   Heating_sfun_registry.obj
 0001:0000fbc0       ssSetZcSignalZcTol         0000000180010bc0 f   Heating_sfun_registry.obj
 0001:0000fc30       ssSetZcSignalNeedsEventNotification 0000000180010c30 f   Heating_sfun_registry.obj
 0001:0000fca0       ssCreateAndAddZcSignalInfo 0000000180010ca0 f   Heating_sfun_registry.obj
 0001:0000fd10       ssCloneAndAddZcSignalInfo  0000000180010d10 f   Heating_sfun_registry.obj
 0001:0000fd80       ssGetNumZcSignals          0000000180010d80 f   Heating_sfun_registry.obj
 0001:0000fdf0       ssGetZcSignalVector        0000000180010df0 f   Heating_sfun_registry.obj
 0001:0000fe60       ssGetZcSignalZcEvents      0000000180010e60 f   Heating_sfun_registry.obj
 0001:0000fed0       ssGetZcSignalName          0000000180010ed0 f   Heating_sfun_registry.obj
 0001:0000ff40       ssGetZcSignalWidth         0000000180010f40 f   Heating_sfun_registry.obj
 0001:0000ffb0       ssGetZcSignalZcEventType   0000000180010fb0 f   Heating_sfun_registry.obj
 0001:00010020       ssGetZcSignalType          0000000180011020 f   Heating_sfun_registry.obj
 0001:00010090       ssGetZcSignalZcTol         0000000180011090 f   Heating_sfun_registry.obj
 0001:00010110       ssGetZcSignalNeedsEventNotification 0000000180011110 f   Heating_sfun_registry.obj
 0001:00010180       ssGetZcSignalIsZcElementDisc 0000000180011180 f   Heating_sfun_registry.obj
 0001:00010220       ssGetIsInputPortElementContinuous 0000000180011220 f   Heating_sfun_registry.obj
 0001:000102c0       _ssGetInputPortSignalPtrsFcn 00000001800112c0 f   Heating_sfun_registry.obj
 0001:00010580       _ssGetInputPortSignalFcn   0000000180011580 f   Heating_sfun_registry.obj
 0001:000107a0       _ssSetInputPortDirectFeedThroughFcn 00000001800117a0 f   Heating_sfun_registry.obj
 0001:00010900       _ssSetInputPortReusableFcn 0000000180011900 f   Heating_sfun_registry.obj
 0001:000109f0       _ssSetOutputPortReusableFcn 00000001800119f0 f   Heating_sfun_registry.obj
 0001:00010ad0       ssGetDTypeIdFromMxArray    0000000180011ad0 f   Heating_sfun_registry.obj
 0001:00010bf0       ssWriteRTWStr              0000000180011bf0 f   Heating_sfun_registry.obj
 0001:00010c50       ssWriteRTWMxVectParam      0000000180011c50 f   Heating_sfun_registry.obj
 0001:00010cb0       ssWriteRTWMx2dMatParam     0000000180011cb0 f   Heating_sfun_registry.obj
 0001:00010d30       ssWriteRTWNameValuePair    0000000180011d30 f   Heating_sfun_registry.obj
 0001:00011220       ssWriteRTWParameters       0000000180012220 f   Heating_sfun_registry.obj
 0001:00011820       ssWriteRTWParamSettings    0000000180012820 f   Heating_sfun_registry.obj
 0001:00011ef0       ssWriteRTWWorkVect         0000000180012ef0 f   Heating_sfun_registry.obj
 0001:000123f0       mexFunction                00000001800133f0 f   Heating_sfun_registry.obj
 0001:00014120       ProcessMexSfunctionEveryCall 0000000180015120 f   Heating_sfun_registry.obj
 0001:00014290       Heating_initializer        0000000180015290 f   Heating_sfun.obj
 0001:000142a0       Heating_terminator         00000001800152a0 f   Heating_sfun.obj
 0001:000142b0       sf_Heating_method_dispatcher 00000001800152b0 f   Heating_sfun.obj
 0001:00014380       sf_Heating_process_check_sum_call 0000000180015380 f   Heating_sfun.obj
 0001:000147e0       sf_Heating_autoinheritance_info 00000001800157e0 f   Heating_sfun.obj
 0001:00014a90       sf_Heating_get_eml_resolved_functions_info 0000000180015a90 f   Heating_sfun.obj
 0001:00014cd0       sf_Heating_third_party_uses_info 0000000180015cd0 f   Heating_sfun.obj
 0001:00014f00       Heating_debug_initialize   0000000180015f00 f   Heating_sfun.obj
 0001:00014f80       Heating_register_exported_symbols 0000000180015f80 f   Heating_sfun.obj
 0001:00014f90       load_Heating_optimization_info 0000000180015f90 f   Heating_sfun.obj
 0001:00014fe0       unload_Heating_optimization_info 0000000180015fe0 f   Heating_sfun.obj
 0001:00015100       sf_mex_mx_is_numeric       0000000180016100 f   sfc_mex:sfc_mex.obj
 0001:00015140       strcmp_ignore_ws           0000000180016140 f   sfc_mex:sfc_mex.obj
 0001:00015280       sf_mex_duplicatearraysafe  0000000180016280 f   sfc_mex:sfc_mex.obj
 0001:000153e0       sf_set_error_debugger_context_message_fcn 00000001800163e0 f   sfc_mex:sfc_mex.obj
 0001:000153f0       sf_set_debugger_matlab_error_fcn 00000001800163f0 f   sfc_mex:sfc_mex.obj
 0001:00015430       sf_set_error_prefix_string 0000000180016430 f   sfc_mex:sfc_mex.obj
 0001:00015460       sf_get_error_prefix_string 0000000180016460 f   sfc_mex:sfc_mex.obj
 0001:00015470       sf_mex_enter_parallel_region 0000000180016470 f   sfc_mex:sfc_mex.obj
 0001:00015480       sf_mex_exit_parallel_region 0000000180016480 f   sfc_mex:sfc_mex.obj
 0001:00015490       sf_get_current_jmp_buf_ptr 0000000180016490 f   sfc_mex:sfc_mex.obj
 0001:000154a0       sf_set_current_jmp_buf_ptr 00000001800164a0 f   sfc_mex:sfc_mex.obj
 0001:000154b0       sf_mex_set_halt_simulation 00000001800164b0 f   sfc_mex:sfc_mex.obj
 0001:000154c0       sf_mex_get_halt_simulation 00000001800164c0 f   sfc_mex:sfc_mex.obj
 0001:000154d0       sf_mex_clear_error_message 00000001800164d0 f   sfc_mex:sfc_mex.obj
 0001:000154f0       sf_mex_get_error_message_for_read 00000001800164f0 f   sfc_mex:sfc_mex.obj
 0001:00015500       sf_mex_get_error_message_buffer_length 0000000180016500 f   sfc_mex:sfc_mex.obj
 0001:000155e0       sf_mex_warning_message     00000001800165e0 f   sfc_mex:sfc_mex.obj
 0001:00015650       sf_mex_v_errbuf_createf    0000000180016650 f   sfc_mex:sfc_mex.obj
 0001:00015660       sf_mex_errbuf_createf      0000000180016660 f   sfc_mex:sfc_mex.obj
 0001:00015690       sf_mex_v_errbuf_catf       0000000180016690 f   sfc_mex:sfc_mex.obj
 0001:000156d0       sf_mex_errbuf_catf         00000001800166d0 f   sfc_mex:sfc_mex.obj
 0001:00015720       sf_mex_errbuf_copy         0000000180016720 f   sfc_mex:sfc_mex.obj
 0001:00015730       sf_mex_errbuf_clear        0000000180016730 f   sfc_mex:sfc_mex.obj
 0001:00015740       sf_mex_errbuf_isempty      0000000180016740 f   sfc_mex:sfc_mex.obj
 0001:00015840       sf_mex_set_error_status    0000000180016840 f   sfc_mex:sfc_mex.obj
 0001:00015890       sf_mex_error_direct_call   0000000180016890 f   sfc_mex:sfc_mex.obj
 0001:000158b0       sf_mex_error_message_no_long_jump 00000001800168b0 f   sfc_mex:sfc_mex.obj
 0001:000158d0       sf_mex_long_jump_on_error  00000001800168d0 f   sfc_mex:sfc_mex.obj
 0001:00015900       sf_mex_call_matlab         0000000180016900 f   sfc_mex:sfc_mex.obj
 0001:00015a20       sf_mex_check_builtin       0000000180016a20 f   sfc_mex:sfc_mex.obj
 0001:00015ac0       sf_mex_check_builtin_vs    0000000180016ac0 f   sfc_mex:sfc_mex.obj
 0001:00015b80       sf_mex_check_enum          0000000180016b80 f   sfc_mex:sfc_mex.obj
 0001:00015c00       sf_mex_create_enum         0000000180016c00 f   sfc_mex:sfc_mex.obj
 0001:00015c70       sf_mex_get_enum_element    0000000180016c70 f   sfc_mex:sfc_mex.obj
 0001:00015c80       sf_mex_createcellarray     0000000180016c80 f   sfc_mex:sfc_mex.obj
 0001:00015c90       sf_mex_setcell             0000000180016c90 f   sfc_mex:sfc_mex.obj
 0001:00015ca0       sf_mex_getcell             0000000180016ca0 f   sfc_mex:sfc_mex.obj
 0001:00015cb0       sf_mex_dup                 0000000180016cb0 f   sfc_mex:sfc_mex.obj
 0001:00015cd0       sf_mex_assign              0000000180016cd0 f   sfc_mex:sfc_mex.obj
 0001:00015d50       sf_mex_destroy             0000000180016d50 f   sfc_mex:sfc_mex.obj
 0001:00015d80       mx_array_has_fi_type       0000000180016d80 f   sfc_mex:sfc_mex.obj
 0001:00015db0       sf_mex_convert_from_fi     0000000180016db0 f   sfc_mex:sfc_mex.obj
 0001:00015ee0       sf_mex_convert_to_double   0000000180016ee0 f   sfc_mex:sfc_mex.obj
 0001:00016000       sf_mex_import_fi_vs        0000000180017000 f   sfc_mex:sfc_mex.obj
 0001:00016230       sf_matrix_matrix_index_ok  0000000180017230 f   sfc_mex:sfc_mex.obj
 0001:000162c0       sf_vector_vector_index_ok  00000001800172c0 f   sfc_mex:sfc_mex.obj
 0001:000162f0       ssGetCurrentInputPortDimensions_wrapper 00000001800172f0 f   sfc_mex:sfc_mex.obj
 0001:00016310       ssGetCurrentOutputPortDimensions_wrapper 0000000180017310 f   sfc_mex:sfc_mex.obj
 0001:00016330       sf_mex_emlrt_context_is_debug_mode 0000000180017330 f   sfc_mex:sfc_mex.obj
 0001:00016340       sf_mex_emlrt_context_set_debug_mode 0000000180017340 f   sfc_mex:sfc_mex.obj
 0001:00016350       sf_mex_emlrtNameCapturePostProcessR2012a 0000000180017350 f   sfc_mex:sfc_mex.obj
 0001:000163c0       sf_clear_error_manager_info 00000001800173c0 f   sfc_mex:sfc_mex.obj
 0001:00016420       sf_mex_stop_simulation_abruptly_wo_error 0000000180017420 f   sfc_mex:sfc_mex.obj
 0001:00016460       sf_mex_error_message       0000000180017460 f   sfc_mex:sfc_mex.obj
 0001:000164d0       sf_react_to_error_in_matlab_call 00000001800174d0 f   sfc_mex:sfc_mex.obj
 0001:00016500       sf_mex_addfield            0000000180017500 f   sfc_mex:sfc_mex.obj
 0001:000165a0       sf_mex_getfield            00000001800175a0 f   sfc_mex:sfc_mex.obj
 0001:000168a0       sf_mex_check_class         00000001800178a0 f   sfc_mex:sfc_mex.obj
 0001:00016940       sf_mex_is_real             0000000180017940 f   sfc_mex:sfc_mex.obj
 0001:00016db0       sf_mex_decode_encoded_mx_struct_array 0000000180017db0 f   sfc_mex:sfc_mex.obj
 0001:000170a0       sf_mex_lw_bounds_check     00000001800180a0 f   sfc_mex:sfc_mex.obj
 0001:000170d0       sf_mex_lw_size_eq_check_1d 00000001800180d0 f   sfc_mex:sfc_mex.obj
 0001:000170f0       sf_mex_lw_size_eq_check_nd 00000001800180f0 f   sfc_mex:sfc_mex.obj
 0001:000172d0       sf_mex_lw_dim_size_eq_check 00000001800182d0 f   sfc_mex:sfc_mex.obj
 0001:00017300       sf_mex_lw_dim_size_geq_check 0000000180018300 f   sfc_mex:sfc_mex.obj
 0001:00017330       sf_mex_lw_sub_assign_size_check_nd 0000000180018330 f   sfc_mex:sfc_mex.obj
 0001:00017500       sf_mex_lw_runtime_error_msgid 0000000180018500 f   sfc_mex:sfc_mex.obj
 0001:000175f0       sf_mex_lw_matrix_matrix_index_check 00000001800185f0 f   sfc_mex:sfc_mex.obj
 0001:00017610       sf_mex_lw_vector_vector_index_check 0000000180018610 f   sfc_mex:sfc_mex.obj
 0001:00017650       sf_mex_lw_for_loop_vector_check 0000000180018650 f   sfc_mex:sfc_mex.obj
 0001:000176e0       sf_mex_lw_non_negative_check 00000001800186e0 f   sfc_mex:sfc_mex.obj
 0001:00017720       sf_mex_overflow_error      0000000180018720 f   sfc_mex:sfc_mex.obj
 0001:00017730       sf_mex_dividebyzero_error  0000000180018730 f   sfc_mex:sfc_mex.obj
 0001:00017740       sf_mex_unsafe_enum_error   0000000180018740 f   sfc_mex:sfc_mex.obj
 0001:00017750       sf_emlrtErrHandler         0000000180018750 f   sfc_mex:sfc_mex.obj
 0001:00017830       sf_mex_size_one_check      0000000180018830 f   sfc_mex:sfc_mex.obj
 0001:00017850       sf_mex_printf              0000000180018850 f   sfc_mex:sfc_mex.obj
 0001:00017a20       sf_mex_check_size          0000000180018a20 f   sfc_mex:sfc_mex.obj
 0001:00017cc0       sf_mex_check_struct        0000000180018cc0 f   sfc_mex:sfc_mex.obj
 0001:00017f20       sf_mex_check_struct_vs     0000000180018f20 f   sfc_mex:sfc_mex.obj
 0001:00017fb0       sf_mex_check_fi            0000000180018fb0 f   sfc_mex:sfc_mex.obj
 0001:000180b0       sf_mex_check_fi_vs         00000001800190b0 f   sfc_mex:sfc_mex.obj
 0001:00018150       sf_echo_expression         0000000180019150 f   sfc_mex:sfc_mex.obj
 0001:000181b0       sf_assertion_failed        00000001800191b0 f   sfc_mex:sfc_mex.obj
 0001:00018490       sf_mex_evalin              0000000180019490 f   sfc_mex:sfc_mex.obj
 0001:00018700       sf_mex_export              0000000180019700 f   sfc_mex:sfc_mex.obj
 0001:000187c0       sf_mex_get_ml_var_no_error 00000001800197c0 f   sfc_mex:sfc_mex.obj
 0001:00018960       sf_mex_get_ml_var          0000000180019960 f   sfc_mex:sfc_mex.obj
 0001:00018df0       ml_set_element_value_in_array 0000000180019df0 f   sfc_mex:sfc_mex.obj
 0001:00019eb0       sf_mex_call_impl           000000018001aeb0 f   sfc_mex:sfc_mex.obj
 0001:0001a2d0       sf_mex_call_debug          000000018001b2d0 f   sfc_mex:sfc_mex.obj
 0001:0001a300       sf_mex_call                000000018001b300 f   sfc_mex:sfc_mex.obj
 0001:0001a950       sf_mex_createstruct        000000018001b950 f   sfc_mex:sfc_mex.obj
 0001:0001aa60       sf_mex_createstructarray   000000018001ba60 f   sfc_mex:sfc_mex.obj
 0001:0001aae0       sf_mex_get_mx_datatype_from_sf_datatype 000000018001bae0 f   sfc_mex:sfc_mex.obj
 0001:0001adf0       sf_mex_ml_var_sub          000000018001bdf0 f   sfc_mex:sfc_mex.obj
 0001:0001afd0       sf_mex_ml_var_subsasgn     000000018001bfd0 f   sfc_mex:sfc_mex.obj
 0001:0001b3d0       sf_mex_sub                 000000018001c3d0 f   sfc_mex:sfc_mex.obj
 0001:0001b5e0       sf_mex_subsasgn            000000018001c5e0 f   sfc_mex:sfc_mex.obj
 0001:0001baf0       sf_mex_create              000000018001caf0 f   sfc_mex:sfc_mex.obj
 0001:0001c490       sf_mex_import_named        000000018001d490 f   sfc_mex:sfc_mex.obj
 0001:0001c4f0       sf_mex_import              000000018001d4f0 f   sfc_mex:sfc_mex.obj
 0001:0001c540       sf_mex_import_vs           000000018001d540 f   sfc_mex:sfc_mex.obj
 0001:0001c650       sf_mex_lower_fixpt_mx_array 000000018001d650 f   sfc_mex:sfc_mex.obj
 0001:0001c950       sf_send_message_wrapper    000000018001d950 f   sfc_mex:sfc_sf.obj
 0001:0001c980       sf_receive_message_wrapper 000000018001d980 f   sfc_mex:sfc_sf.obj
 0001:0001c9c0       sf_check_out_message_wrapper 000000018001d9c0 f   sfc_mex:sfc_sf.obj
 0001:0001ca00       sf_check_in_message_wrapper 000000018001da00 f   sfc_mex:sfc_sf.obj
 0001:0001ca40       sf_no_message_wrapper      000000018001da40 f   sfc_mex:sfc_sf.obj
 0001:0001cdd0       sim_mode_is_rtw_gen        000000018001ddd0 f   sfc_mex:sfc_sf.obj
 0001:0001ce00       sim_mode_is_external       000000018001de00 f   sfc_mex:sfc_sf.obj
 0001:0001ce10       sim_mode_is_modelref_sim   000000018001de10 f   sfc_mex:sfc_sf.obj
 0001:0001ce30       mdlInitializeSizes         000000018001de30 f   sfc_mex:sfc_sf.obj
 0001:0001ce50       mdlInitializeSampleTimes   000000018001de50 f   sfc_mex:sfc_sf.obj
 0001:0001ce90       mdlZeroCrossings           000000018001de90 f   sfc_mex:sfc_sf.obj
 0001:0001cf80       mdlDerivatives             000000018001df80 f   sfc_mex:sfc_sf.obj
 0001:0001d040       mdl_initialize_conditions_processing 000000018001e040 f   sfc_mex:sfc_sf.obj
 0001:0001d070       mdlInitializeConditions    000000018001e070 f   sfc_mex:sfc_sf.obj
 0001:0001d130       mdlGetSimState             000000018001e130 f   sfc_mex:sfc_sf.obj
 0001:0001d140       mdlSetSimState             000000018001e140 f   sfc_mex:sfc_sf.obj
 0001:0001d150       mdl_ext_mode_exec_processing 000000018001e150 f   sfc_mex:sfc_sf.obj
 0001:0001d170       mdlExtModeExec             000000018001e170 f   sfc_mex:sfc_sf.obj
 0001:0001d310       mdlTerminate               000000018001e310 f   sfc_mex:sfc_sf.obj
 0001:0001d380       mdlRTW                     000000018001e380 f   sfc_mex:sfc_sf.obj
 0001:0001d3b0       mdlSetWorkWidths           000000018001e3b0 f   sfc_mex:sfc_sf.obj
 0001:0001d3c0       mdlProcessParameters       000000018001e3c0 f   sfc_mex:sfc_sf.obj
 0001:0001d3d0       mdl_start_processing       000000018001e3d0 f   sfc_mex:sfc_sf.obj
 0001:0001d430       mdlStart                   000000018001e430 f   sfc_mex:sfc_sf.obj
 0001:0001d540       mdlEnable                  000000018001e540 f   sfc_mex:sfc_sf.obj
 0001:0001d620       mdlDisable                 000000018001e620 f   sfc_mex:sfc_sf.obj
 0001:0001d6e0       sf_get_chart_instance_ptr  000000018001e6e0 f   sfc_mex:sfc_sf.obj
 0001:0001d700       sf_load_rtw_optimization_info 000000018001e700 f   sfc_mex:sfc_sf.obj
 0001:0001d7d0       sf_update_buildInfo        000000018001e7d0 f   sfc_mex:sfc_sf.obj
 0001:0001d8d0       sf_rtw_info_uint_prop      000000018001e8d0 f   sfc_mex:sfc_sf.obj
 0001:0001da10       sf_is_chart_inlinable      000000018001ea10 f   sfc_mex:sfc_sf.obj
 0001:0001da30       sf_mark_output_events_with_multiple_callers 000000018001ea30 f   sfc_mex:sfc_sf.obj
 0001:0001dbc0       sf_mark_chart_reusable_outputs 000000018001ebc0 f   sfc_mex:sfc_sf.obj
 0001:0001de20       sf_mark_chart_expressionable_inputs 000000018001ee20 f   sfc_mex:sfc_sf.obj
 0001:0001e080       sf_get_subchart_simstruct  000000018001f080 f   sfc_mex:sfc_sf.obj
 0001:0001e0d0       sf_get_fixpt_data_type_id  000000018001f0d0 f   sfc_mex:sfc_sf.obj
 0001:0001e110       sf_get_enum_data_type_id   000000018001f110 f   sfc_mex:sfc_sf.obj
 0001:0001e150       sf_get_param_data_type_id  000000018001f150 f   sfc_mex:sfc_sf.obj
 0001:0001e180       sf_mex_listen_for_ctrl_c_force 000000018001f180 f   sfc_mex:sfc_sf.obj
 0001:0001e290       sf_mex_draw_now            000000018001f290 f   sfc_mex:sfc_sf.obj
 0001:0001e2d0       sf_mex_set_debugger_sim_status_listener_fcn 000000018001f2d0 f   sfc_mex:sfc_sf.obj
 0001:0001e2e0       sf_mex_listen_for_ctrl_c   000000018001f2e0 f   sfc_mex:sfc_sf.obj
 0001:0001e380       sf_mex_get_sfun_param      000000018001f380 f   sfc_mex:sfc_sf.obj
 0001:0001e3d0       sf_get_runtime_param_data  000000018001f3d0 f   sfc_mex:sfc_sf.obj
 0001:0001e410       sf_call_output_fcn_call    000000018001f410 f   sfc_mex:sfc_sf.obj
 0001:0001e550       sf_call_output_fcn_enable  000000018001f550 f   sfc_mex:sfc_sf.obj
 0001:0001e5e0       sf_call_output_fcn_disable 000000018001f5e0 f   sfc_mex:sfc_sf.obj
 0001:0001e670       sf_clear_rtw_identifier    000000018001f670 f   sfc_mex:sfc_sf.obj
 0001:0001ee90       sf_set_encoded_dwork_info  000000018001fe90 f   sfc_mex:sfc_sf.obj
 0001:0001eee0       sf_get_dwork_info_from_mat_file 000000018001fee0 f   sfc_mex:sfc_sf.obj
 0001:0001f0a0       sf_set_rtw_dwork_info      00000001800200a0 f   sfc_mex:sfc_sf.obj
 0001:0001f210       mdlOutputs                 0000000180020210 f   sfc_mex:sfc_sf.obj
 0001:0001f330       sf_debug_chart_instance_initialized_quick 0000000180020330 f   sfc_debug:sfcdebug.obj
 0001:0001f3b0       sf_debug_disp              00000001800203b0 f   sfc_debug:sfcdebug.obj
 0001:0001f680       sf_debug_data_runtime_size_mismatch_error_check 0000000180020680 f   sfc_debug:sfcdebug.obj
 0001:0001f730       sf_debug_try_loading_machine 0000000180020730 f   sfc_debug:sfcdebug.obj
 0001:0001f830       sf_debug_reset_current_state_configuration 0000000180020830 f   sfc_debug:sfcdebug.obj
 0001:0001f8b0       sf_debug_store_current_state_configuration 00000001800208b0 f   sfc_debug:sfcdebug.obj
 0001:0001f930       sf_debug_restore_previous_state_configuration 0000000180020930 f   sfc_debug:sfcdebug.obj
 0001:0001f9b0       sf_debug_restore_previous_state_configuration2 00000001800209b0 f   sfc_debug:sfcdebug.obj
 0001:0001fa30       sf_debug_get_event_scope   0000000180020a30 f   sfc_debug:sfcdebug.obj
 0001:0001fba0       use_debugger_step_animation 0000000180020ba0 f   sfc_debug:sfcdebug.obj
 0001:0001fbc0       sf_debug_get_script_id     0000000180020bc0 f   sfc_debug:sfcdebug.obj
 0001:0001fc50       sf_debug_set_script_translation 0000000180020c50 f   sfc_debug:sfcdebug.obj
 0001:0001fdd0       sf_debug_extract_message_post_receive_info 0000000180020dd0 f   sfc_debug:sfcdebug.obj
 0001:0001ff90       sf_debug_get_current_machine_id 0000000180020f90 f   sfc_debug:sfcdebug.obj
 0001:0001ffb0       sf_debug_get_current_optional_integer 0000000180020fb0 f   sfc_debug:sfcdebug.obj
 0001:0001ffc0       sf_debug_get_current_machine_number 0000000180020fc0 f   sfc_debug:sfcdebug.obj
 0001:0001ffe0       sf_debug_get_current_machine_name 0000000180020fe0 f   sfc_debug:sfcdebug.obj
 0001:00020000       sf_debug_get_current_chart_id 0000000180021000 f   sfc_debug:sfcdebug.obj
 0001:00020040       sf_debug_get_current_chart_number 0000000180021040 f   sfc_debug:sfcdebug.obj
 0001:00020050       sf_debug_get_current_instance_number 0000000180021050 f   sfc_debug:sfcdebug.obj
 0001:00020060       sf_debug_get_current_is_minor_time_step 0000000180021060 f   sfc_debug:sfcdebug.obj
 0001:000200e0       sf_debug_get_current_object_type 00000001800210e0 f   sfc_debug:sfcdebug.obj
 0001:000200f0       sf_debug_get_current_instance_handle 00000001800210f0 f   sfc_debug:sfcdebug.obj
 0001:00020150       sf_debug_get_current_event_type 0000000180021150 f   sfc_debug:sfcdebug.obj
 0001:00020160       sf_debug_get_current_object_id 0000000180021160 f   sfc_debug:sfcdebug.obj
 0001:000201a0       sf_debug_get_current_active_event_type 00000001800211a0 f   sfc_debug:sfcdebug.obj
 0001:000201b0       sf_debug_get_current_active_event_id 00000001800211b0 f   sfc_debug:sfcdebug.obj
 0001:000201f0       sf_debug_get_current_tag_type 00000001800211f0 f   sfc_debug:sfcdebug.obj
 0001:00020200       sf_debug_get_current_simulation_time 0000000180021200 f   sfc_debug:sfcdebug.obj
 0001:00020210       sf_debug_get_current_coverage_percentage 0000000180021210 f   sfc_debug:sfcdebug.obj
 0001:00020220       sf_debug_current_statement_context 0000000180021220 f   sfc_debug:sfcdebug.obj
 0001:000202a0       sf_debug_get_current_statement_info 00000001800212a0 f   sfc_debug:sfcdebug.obj
 0001:00020440       sf_debug_terminate_instance 0000000180021440 f   sfc_debug:sfcdebug.obj
 0001:00020760       sf_debug_assertion_failed  0000000180021760 f   sfc_debug:sfcdebug.obj
 0001:00020930       sf_debug_create_debug_instance_struct 0000000180021930 f   sfc_debug:sfcdebug.obj
 0001:00020980       sf_debug_set_number_of_data_with_change_event_for_machine 0000000180021980 f   sfc_debug:sfcdebug.obj
 0001:000209d0       sf_debug_set_machine_event_thresholds 00000001800219d0 f   sfc_debug:sfcdebug.obj
 0001:000209f0       sf_debug_set_machine_event_scope 00000001800219f0 f   sfc_debug:sfcdebug.obj
 0001:00020a40       sf_debug_set_machine_data_thresholds 0000000180021a40 f   sfc_debug:sfcdebug.obj
 0001:00020a90       sf_debug_set_machine_data_scope 0000000180021a90 f   sfc_debug:sfcdebug.obj
 0001:00020b30       sf_debug_set_machine_data_name 0000000180021b30 f   sfc_debug:sfcdebug.obj
 0001:00020be0       sf_debug_set_machine_data_size 0000000180021be0 f   sfc_debug:sfcdebug.obj
 0001:00020d30       sf_debug_set_machine_data_type 0000000180021d30 f   sfc_debug:sfcdebug.obj
 0001:00020ea0       sf_debug_get_chart_data_number 0000000180021ea0 f   sfc_debug:sfcdebug.obj
 0001:00020ec0       sf_debug_get_chart_event_number 0000000180021ec0 f   sfc_debug:sfcdebug.obj
 0001:00020ee0       sf_debug_set_chart_state_info 0000000180021ee0 f   sfc_debug:sfcdebug.obj
 0001:00020f70       sf_debug_set_chart_decomposition 0000000180021f70 f   sfc_debug:sfcdebug.obj
 0001:00020fe0       sf_debug_set_chart_substate_count 0000000180021fe0 f   sfc_debug:sfcdebug.obj
 0001:000210c0       sf_debug_set_chart_substate_index 00000001800220c0 f   sfc_debug:sfcdebug.obj
 0001:00021140       sf_debug_set_chart_state_substate_count 0000000180022140 f   sfc_debug:sfcdebug.obj
 0001:00021260       sf_debug_set_chart_state_substate_index 0000000180022260 f   sfc_debug:sfcdebug.obj
 0001:000212f0       sf_debug_set_number_of_data_with_change_event_for_chart 00000001800222f0 f   sfc_debug:sfcdebug.obj
 0001:00021380       sf_debug_set_number_of_states_with_entry_event_for_chart 0000000180022380 f   sfc_debug:sfcdebug.obj
 0001:00021400       sf_debug_set_number_of_states_with_exit_event_for_chart 0000000180022400 f   sfc_debug:sfcdebug.obj
 0001:00021480       sf_debug_set_chart_disable_implicit_casting 0000000180022480 f   sfc_debug:sfcdebug.obj
 0001:000214f0       sf_debug_set_chart_event_thresholds 00000001800224f0 f   sfc_debug:sfcdebug.obj
 0001:00021570       sf_debug_set_chart_data_compiled_props 0000000180022570 f   sfc_debug:sfcdebug.obj
 0001:000218b0       sf_debug_set_chart_data_props 00000001800228b0 f   sfc_debug:sfcdebug.obj
 0001:00021bd0       sf_debug_check_fi_license  0000000180022bd0 f   sfc_debug:sfcdebug.obj
 0001:00021d90       sf_debug_symbol_scope_push 0000000180022d90 f   sfc_debug:sfcdebug.obj
 0001:00021dd0       sf_debug_symbol_scope_push_eml 0000000180022dd0 f   sfc_debug:sfcdebug.obj
 0001:00021e20       sf_debug_symbol_scope_pop  0000000180022e20 f   sfc_debug:sfcdebug.obj
 0001:00021e60       sf_debug_symbol_scope_add_importable 0000000180022e60 f   sfc_debug:sfcdebug.obj
 0001:00021ee0       sf_debug_symbol_scope_add  0000000180022ee0 f   sfc_debug:sfcdebug.obj
 0001:00021f60       sf_debug_symbol_scope_add_dyn_importable 0000000180022f60 f   sfc_debug:sfcdebug.obj
 0001:00022020       sf_debug_symbol_scope_add_dyn 0000000180023020 f   sfc_debug:sfcdebug.obj
 0001:00022060       sf_debug_symbol_scope_add_eml_importable 0000000180023060 f   sfc_debug:sfcdebug.obj
 0001:000220a0       sf_debug_symbol_scope_add_eml 00000001800230a0 f   sfc_debug:sfcdebug.obj
 0001:000220e0       sf_debug_symbol_scope_add_eml_dyn_importable 00000001800230e0 f   sfc_debug:sfcdebug.obj
 0001:00022140       sf_debug_symbol_scope_add_eml_dyn 0000000180023140 f   sfc_debug:sfcdebug.obj
 0001:000221a0       sf_debug_symbol_switch     00000001800231a0 f   sfc_debug:sfcdebug.obj
 0001:000221c0       sf_debug_symbol_scope_add_verbose 00000001800231c0 f   sfc_debug:sfcdebug.obj
 0001:00022290       sf_debug_set_machine_data_value_ptr 0000000180023290 f   sfc_debug:sfcdebug.obj
 0001:000222d0       sf_debug_set_instance_data_value_ptr 00000001800232d0 f   sfc_debug:sfcdebug.obj
 0001:000223a0       sf_debug_unset_instance_data_value_ptr 00000001800233a0 f   sfc_debug:sfcdebug.obj
 0001:00022450       sf_debug_set_chart_event_scope 0000000180023450 f   sfc_debug:sfcdebug.obj
 0001:000224d0       sf_debug_set_chart_transition_coverage_maps 00000001800234d0 f   sfc_debug:sfcdebug.obj
 0001:000225d0       sf_debug_set_chart_state_coverage_maps 00000001800235d0 f   sfc_debug:sfcdebug.obj
 0001:000226a0       sf_debug_set_instance_transition_coverage_weights 00000001800236a0 f   sfc_debug:sfcdebug.obj
 0001:00022730       sf_debug_set_instance_state_coverage_weights 0000000180023730 f   sfc_debug:sfcdebug.obj
 0001:00022980       sf_debug_unload_machine    0000000180023980 f   sfc_debug:sfcdebug.obj
 0001:000229d0       sf_debug_load_machine      00000001800239d0 f   sfc_debug:sfcdebug.obj
 0001:00022ae0       sf_debug_set_active_instance_in_data_dictionary 0000000180023ae0 f   sfc_debug:sfcdebug.obj
 0001:00022cc0       sf_debug_set_active_instance 0000000180023cc0 f   sfc_debug:sfcdebug.obj
 0001:00022e20       sf_debug_chart_visiblity_change 0000000180023e20 f   sfc_debug:sfcdebug.obj
 0001:00022f10       sf_debug_select_chart      0000000180023f10 f   sfc_debug:sfcdebug.obj
 0001:00023070       sf_debug_set_instance_cv_ids 0000000180024070 f   sfc_debug:sfcdebug.obj
 0001:000233a0       sf_debug_select_charts     00000001800243a0 f   sfc_debug:sfcdebug.obj
 0001:00023550       sf_debug_initialized       0000000180024550 f   sfc_debug:sfcdebug.obj
 0001:00023570       sf_debug_is_uninterruptible 0000000180024570 f   sfc_debug:sfcdebug.obj
 0001:000235a0       sf_debug_initialize_debugger_gui 00000001800245a0 f   sfc_debug:sfcdebug.obj
 0001:00023980       sf_debug_resume            0000000180024980 f   sfc_debug:sfcdebug.obj
 0001:000239a0       sf_debug_go                00000001800249a0 f   sfc_debug:sfcdebug.obj
 0001:000239b0       sf_debug_break             00000001800249b0 f   sfc_debug:sfcdebug.obj
 0001:000239c0       sf_debug_step_over         00000001800249c0 f   sfc_debug:sfcdebug.obj
 0001:000239d0       sf_debug_step_out          00000001800249d0 f   sfc_debug:sfcdebug.obj
 0001:000239e0       sf_debug_set_disable_all_breakpoints 00000001800249e0 f   sfc_debug:sfcdebug.obj
 0001:000239f0       sf_debug_disable_all_breakpoints_and_go 00000001800249f0 f   sfc_debug:sfcdebug.obj
 0001:00023a00       sf_debug_break_on_chart_entry 0000000180024a00 f   sfc_debug:sfcdebug.obj
 0001:00023a10       sf_debug_break_on_event_broadcast 0000000180024a10 f   sfc_debug:sfcdebug.obj
 0001:00023a20       sf_debug_break_on_state_entry 0000000180024a20 f   sfc_debug:sfcdebug.obj
 0001:00023a30       sf_debug_break_between_times 0000000180024a30 f   sfc_debug:sfcdebug.obj
 0001:00023a50       sf_debug_browse_data       0000000180024a50 f   sfc_debug:sfcdebug.obj
 0001:00023a60       sf_debug_watch_data        0000000180024a60 f   sfc_debug:sfcdebug.obj
 0001:00023a90       sf_debug_assign_data       0000000180024a90 f   sfc_debug:sfcdebug.obj
 0001:00023aa0       sf_debug_whos              0000000180024aa0 f   sfc_debug:sfcdebug.obj
 0001:00023ac0       sf_debug_get_consistency_info 0000000180024ac0 f   sfc_debug:sfcdebug.obj
 0001:00023ad0       sf_debug_browse_trace      0000000180024ad0 f   sfc_debug:sfcdebug.obj
 0001:00023ae0       sf_debug_set_breakpoints   0000000180024ae0 f   sfc_debug:sfcdebug.obj
 0001:00023c50       sf_debug_set_eml_breakpoints 0000000180024c50 f   sfc_debug:sfcdebug.obj
 0001:00023db0       sf_debug_set_script_breakpoints 0000000180024db0 f   sfc_debug:sfcdebug.obj
 0001:00023e30       sf_debug_add_script_breakpoints 0000000180024e30 f   sfc_debug:sfcdebug.obj
 0001:00023ea0       sf_debug_clear_script_breakpoints 0000000180024ea0 f   sfc_debug:sfcdebug.obj
 0001:00023f10       sf_debug_query_script_breakpoints 0000000180024f10 f   sfc_debug:sfcdebug.obj
 0001:00023fc0       sf_debug_get_eml_script_id 0000000180024fc0 f   sfc_debug:sfcdebug.obj
 0001:00024010       sf_debug_set_watch         0000000180025010 f   sfc_debug:sfcdebug.obj
 0001:00024230       sf_debug_get_instance_handle 0000000180025230 f   sfc_debug:sfcdebug.obj
 0001:000242c0       sf_debug_get_active_states 00000001800252c0 f   sfc_debug:sfcdebug.obj
 0001:000242d0       sf_debug_set_honor_breakpoints 00000001800252d0 f   sfc_debug:sfcdebug.obj
 0001:000242e0       sf_debug_get_animation     00000001800252e0 f   sfc_debug:sfcdebug.obj
 0001:000242f0       sf_debug_set_animation     00000001800252f0 f   sfc_debug:sfcdebug.obj
 0001:00024300       sf_debug_animate           0000000180025300 f   sfc_debug:sfcdebug.obj
 0001:00024320       sf_debug_cycle_detection_check 0000000180025320 f   sfc_debug:sfcdebug.obj
 0001:00024330       sf_debug_data_range_check  0000000180025330 f   sfc_debug:sfcdebug.obj
 0001:00024340       sf_debug_transition_conflict_check 0000000180025340 f   sfc_debug:sfcdebug.obj
 0001:00024350       sf_debug_state_consistency_check 0000000180025350 f   sfc_debug:sfcdebug.obj
 0001:00024360       sf_debug_data_range_check_enabled 0000000180025360 f   sfc_debug:sfcdebug.obj
 0001:00024380       sf_debug_transition_conflict_check_enabled 0000000180025380 f   sfc_debug:sfcdebug.obj
 0001:000243a0       sf_debug_transition_conflict_check_begin 00000001800253a0 f   sfc_debug:sfcdebug.obj
 0001:000243c0       sf_debug_transition_conflict_check_end 00000001800253c0 f   sfc_debug:sfcdebug.obj
 0001:000243e0       sf_debug_stop_debugging    00000001800253e0 f   sfc_debug:sfcdebug.obj
 0001:00024410       sf_debug_is_cycle_detected 0000000180025410 f   sfc_debug:sfcdebug.obj
 0001:00024420       sf_debug_is_array_bounds_detected 0000000180025420 f   sfc_debug:sfcdebug.obj
 0001:00024430       sf_debug_get_state_vectors_data_size 0000000180025430 f   sfc_debug:sfcdebug.obj
 0001:00024470       sf_debug_get_state_vectors_data 0000000180025470 f   sfc_debug:sfcdebug.obj
 0001:00024580       sf_debug_set_state_vectors_data 0000000180025580 f   sfc_debug:sfcdebug.obj
 0001:00024810       sf_debug_get_script_index  0000000180025810 f   sfc_debug:sfcdebug.obj
 0001:000249a0       sf_debug_add_script        00000001800259a0 f   sfc_debug:sfcdebug.obj
 0001:00024b30       cv_eval_point              0000000180025b30 f   sfc_debug:sfcdebug.obj
 0001:00024ca0       cv_eval_testobjective      0000000180025ca0 f   sfc_debug:sfcdebug.obj
 0001:00024db0       sf_debug_cv_init_state     0000000180025db0 f   sfc_debug:sfcdebug.obj
 0001:00024ee0       sf_debug_cv_init_chart     0000000180025ee0 f   sfc_debug:sfcdebug.obj
 0001:00024fd0       sf_debug_cv_init_trans     0000000180025fd0 f   sfc_debug:sfcdebug.obj
 0001:000250e0       sf_debug_cv_init_saturation 00000001800260e0 f   sfc_debug:sfcdebug.obj
 0001:000251e0       sf_debug_cv_init_testobjectives 00000001800261e0 f   sfc_debug:sfcdebug.obj
 0001:000253c0       cv_eml_init_script         00000001800263c0 f   sfc_debug:sfcdebug.obj
 0001:000254e0       cv_eml_init_fcn            00000001800264e0 f   sfc_debug:sfcdebug.obj
 0001:000255f0       cv_eml_init_testobjective  00000001800265f0 f   sfc_debug:sfcdebug.obj
 0001:000256d0       cv_eml_init_saturation     00000001800266d0 f   sfc_debug:sfcdebug.obj
 0001:000257a0       cv_eml_init_if             00000001800267a0 f   sfc_debug:sfcdebug.obj
 0001:00025880       cv_eml_init_for            0000000180026880 f   sfc_debug:sfcdebug.obj
 0001:00025950       cv_eml_init_while          0000000180026950 f   sfc_debug:sfcdebug.obj
 0001:00025a20       cv_eml_init_mcdc           0000000180026a20 f   sfc_debug:sfcdebug.obj
 0001:00025b40       cv_eml_init_switch         0000000180026b40 f   sfc_debug:sfcdebug.obj
 0001:00025c40       cv_eml_eval                0000000180026c40 f   sfc_debug:sfcdebug.obj
 0001:00025d30       sf_debug_bm_is_a_eml_breakpoint 0000000180026d30 f   sfc_debug:sfcdebug.obj
 0001:00025e80       sf_debug_temporal_threshold 0000000180026e80 f   sfc_debug:sfcdebug.obj
 0001:000261f0       sf_debug_transition_conflict_error 00000001800271f0 f   sfc_debug:sfcdebug.obj
 0001:00026550       sf_debug_state_inconsistency_error 0000000180027550 f   sfc_debug:sfcdebug.obj
 0001:00026670       sf_debug_check_for_state_inconsistency 0000000180027670 f   sfc_debug:sfcdebug.obj
 0001:000266b0       sf_debug_cycle_detecton_error 00000001800276b0 f   sfc_debug:sfcdebug.obj
 0001:00026e00       sf_debug_size_eq_check_1d  0000000180027e00 f   sfc_debug:sfcdebug.obj
 0001:00026e20       sf_debug_size_eq_check_nd  0000000180027e20 f   sfc_debug:sfcdebug.obj
 0001:00027020       sf_debug_dim_size_eq_check 0000000180028020 f   sfc_debug:sfcdebug.obj
 0001:00027050       sf_debug_dim_size_geq_check 0000000180028050 f   sfc_debug:sfcdebug.obj
 0001:00027080       sf_debug_sub_assign_size_check_nd 0000000180028080 f   sfc_debug:sfcdebug.obj
 0001:00027260       sf_debug_matrix_matrix_index_check 0000000180028260 f   sfc_debug:sfcdebug.obj
 0001:000272b0       sf_debug_vector_vector_index_check 00000001800282b0 f   sfc_debug:sfcdebug.obj
 0001:00027300       sf_debug_for_loop_vector_check 0000000180028300 f   sfc_debug:sfcdebug.obj
 0001:000273a0       sf_debug_runtime_error_msgid 00000001800283a0 f   sfc_debug:sfcdebug.obj
 0001:00027440       sf_debug_data_array_bounds_error_check 0000000180028440 f   sfc_debug:sfcdebug.obj
 0001:00027550       sf_debug_eml_data_array_bounds_error_check 0000000180028550 f   sfc_debug:sfcdebug.obj
 0001:00027a10       sf_debug_integer_check     0000000180028a10 f   sfc_debug:sfcdebug.obj
 0001:00027b00       sf_debug_not_nan_check     0000000180028b00 f   sfc_debug:sfcdebug.obj
 0001:00027bd0       sf_debug_non_negative_check 0000000180028bd0 f   sfc_debug:sfcdebug.obj
 0001:00027ca0       sf_debug_overflow_detection 0000000180028ca0 f   sfc_debug:sfcdebug.obj
 0001:00028300       sf_debug_cast_to_real32_T  0000000180029300 f   sfc_debug:sfcdebug.obj
 0001:000283d0       sf_debug_cast_to_int8_T    00000001800293d0 f   sfc_debug:sfcdebug.obj
 0001:000284a0       sf_debug_cast_to_uint8_T   00000001800294a0 f   sfc_debug:sfcdebug.obj
 0001:00028570       sf_debug_cast_to_int16_T   0000000180029570 f   sfc_debug:sfcdebug.obj
 0001:00028640       sf_debug_cast_to_uint16_T  0000000180029640 f   sfc_debug:sfcdebug.obj
 0001:00028710       sf_debug_cast_to_int32_T   0000000180029710 f   sfc_debug:sfcdebug.obj
 0001:000287e0       sf_debug_cast_to_uint32_T  00000001800297e0 f   sfc_debug:sfcdebug.obj
 0001:000288b0       sf_debug_data_range_error  00000001800298b0 f   sfc_debug:sfcdebug.obj
 0001:00028bc0       sf_debug_read_before_write_check 0000000180029bc0 f   sfc_debug:sfcdebug.obj
 0001:00028ff0       sf_debug_data_range_error_wrapper_min_max 0000000180029ff0 f   sfc_debug:sfcdebug.obj
 0001:00029110       sf_debug_data_range_error_wrapper_min 000000018002a110 f   sfc_debug:sfcdebug.obj
 0001:00029220       sf_debug_data_range_error_wrapper_max 000000018002a220 f   sfc_debug:sfcdebug.obj
 0001:00029330       sf_debug_data_range_wrapper 000000018002a330 f   sfc_debug:sfcdebug.obj
 0001:000293f0       sf_debug_set_current_status_info 000000018002a3f0 f   sfc_debug:sfcdebug.obj
 0001:00029790       sf_debug_register_message_post_receive_info 000000018002a790 f   sfc_debug:sfcdebug.obj
 0001:000299e0       sf_debug_call              000000018002a9e0 f   sfc_debug:sfcdebug.obj
 0001:0002a340       sf_debug_initialize_machine 000000018002b340 f   sfc_debug:sfcdebug.obj
 0001:0002a5f0       sf_debug_initialize_chart  000000018002b5f0 f   sfc_debug:sfcdebug.obj
 0001:0002aa40       sf_debug_ensure_script     000000018002ba40 f   sfc_debug:sfcdebug.obj
 0001:0002aaf0       cv_eval_saturation         000000018002baf0 f   sfc_debug:sfcdebug.obj
 0001:0002ac70       cv_saturation_accum        000000018002bc70 f   sfc_debug:sfcdebug.obj
 0001:0002adb0       cv_script_init_script      000000018002bdb0 f   sfc_debug:sfcdebug.obj
 0001:0002aea0       cv_script_init_fcn         000000018002bea0 f   sfc_debug:sfcdebug.obj
 0001:0002af60       cv_script_init_testobjective 000000018002bf60 f   sfc_debug:sfcdebug.obj
 0001:0002b020       cv_script_init_saturation  000000018002c020 f   sfc_debug:sfcdebug.obj
 0001:0002b0d0       cv_script_init_if          000000018002c0d0 f   sfc_debug:sfcdebug.obj
 0001:0002b190       cv_script_init_for         000000018002c190 f   sfc_debug:sfcdebug.obj
 0001:0002b240       cv_script_init_while       000000018002c240 f   sfc_debug:sfcdebug.obj
 0001:0002b2f0       cv_script_init_mcdc        000000018002c2f0 f   sfc_debug:sfcdebug.obj
 0001:0002b3f0       cv_script_init_switch      000000018002c3f0 f   sfc_debug:sfcdebug.obj
 0001:0002b4d0       cv_script_eval             000000018002c4d0 f   sfc_debug:sfcdebug.obj
 0001:0002b5a0       eml_debug_line_call        000000018002c5a0 f   sfc_debug:sfcdebug.obj
 0001:0002b770       sf_debug_terminate         000000018002c770 f   sfc_debug:sfcdebug.obj
 0001:0002b980       sf_debug_set_script_cv_ids 000000018002c980 f   sfc_debug:sfcdebug.obj
 0001:0002bab0       sf_debug_api               000000018002cab0 f   sfc_debug:sfc_api.obj
 0001:0002d3a0       sf_debug_sm_terminate      000000018002e3a0 f   sfc_debug:sfdb_animation.obj
 0001:0002d550       sf_debug_reset_path_objects 000000018002e550 f   sfc_debug:sfdb_animation.obj
 0001:0002d5d0       sf_debug_sm_reset_object_selection_status 000000018002e5d0 f   sfc_debug:sfdb_animation.obj
 0001:0002d670       sf_debug_sm_reset_state_buffer 000000018002e670 f   sfc_debug:sfdb_animation.obj
 0001:0002d740       sf_debug_sm_store_state_buffer 000000018002e740 f   sfc_debug:sfdb_animation.obj
 0001:0002d7c0       sf_debug_sm_restore_state_buffer1 000000018002e7c0 f   sfc_debug:sfdb_animation.obj
 0001:0002d830       sf_debug_sm_restore_state_buffer2 000000018002e830 f   sfc_debug:sfdb_animation.obj
 0001:0002d8a0       sf_debug_sm_chart_active   000000018002e8a0 f   sfc_debug:sfdb_animation.obj
 0001:0002d8f0       sf_debug_sm_select_active_objects 000000018002e8f0 f   sfc_debug:sfdb_animation.obj
 0001:0002ddc0       sf_debug_sm_is_chart_active 000000018002edc0 f   sfc_debug:sfdb_animation.obj
 0001:0002de00       sf_debug_sm_is_state_active 000000018002ee00 f   sfc_debug:sfdb_animation.obj
 0001:0002e040       sf_debug_sm_get_active_states 000000018002f040 f   sfc_debug:sfdb_animation.obj
 0001:0002e5f0       sf_debug_sm_initialize_instance 000000018002f5f0 f   sfc_debug:sfdb_animation.obj
 0001:0002e800       sf_debug_sm_change_object_selection_status 000000018002f800 f   sfc_debug:sfdb_animation.obj
 0001:0002ead0       cv_create_interface        000000018002fad0 f   sfc_debug:cv_sfinterface.obj
 0001:0002ede0       cv_init_trans              000000018002fde0 f   sfc_debug:cv_sfinterface.obj
 0001:0002ee30       cv_init_saturation         000000018002fe30 f   sfc_debug:cv_sfinterface.obj
 0001:0002ee70       cv_init_testobjective      000000018002fe70 f   sfc_debug:cv_sfinterface.obj
 0001:0002eeb0       cv_init_state              000000018002feb0 f   sfc_debug:cv_sfinterface.obj
 0001:0002ef20       cv_init_chart              000000018002ff20 f   sfc_debug:cv_sfinterface.obj
 0001:0002ef70       cv_dec_update_call         000000018002ff70 f   sfc_debug:cv_sfinterface.obj
 0001:0002efb0       cv_cond_update_call        000000018002ffb0 f   sfc_debug:cv_sfinterface.obj
 0001:0002eff0       cv_saturation_update_call  000000018002fff0 f   sfc_debug:cv_sfinterface.obj
 0001:0002f030       cv_saturation_update_accum 0000000180030030 f   sfc_debug:cv_sfinterface.obj
 0001:0002f070       cv_testobjective_update_call 0000000180030070 f   sfc_debug:cv_sfinterface.obj
 0001:0002f0b0       cv_sigrange_update         00000001800300b0 f   sfc_debug:cv_sfinterface.obj
 0001:0002f0f0       cvsf_eml_eval              00000001800300f0 f   sfc_debug:cv_sfinterface.obj
 0001:0002f1d0       cvsf_eml_init_script       00000001800301d0 f   sfc_debug:cv_sfinterface.obj
 0001:0002f260       cvsf_eml_init_fcn          0000000180030260 f   sfc_debug:cv_sfinterface.obj
 0001:0002f2c0       cvsf_eml_init_testobjective 00000001800302c0 f   sfc_debug:cv_sfinterface.obj
 0001:0002f320       cvsf_eml_init_saturation   0000000180030320 f   sfc_debug:cv_sfinterface.obj
 0001:0002f370       cvsf_eml_init_if           0000000180030370 f   sfc_debug:cv_sfinterface.obj
 0001:0002f3d0       cvsf_eml_init_for          00000001800303d0 f   sfc_debug:cv_sfinterface.obj
 0001:0002f420       cvsf_eml_init_while        0000000180030420 f   sfc_debug:cv_sfinterface.obj
 0001:0002f470       cvsf_eml_init_mcdc         0000000180030470 f   sfc_debug:cv_sfinterface.obj
 0001:0002f500       cvsf_eml_init_switch       0000000180030500 f   sfc_debug:cv_sfinterface.obj
 0001:0002f570       cvsf_script_eval           0000000180030570 f   sfc_debug:cv_sfinterface.obj
 0001:0002f650       cvsf_script_init_script    0000000180030650 f   sfc_debug:cv_sfinterface.obj
 0001:0002f6e0       cvsf_script_init_fcn       00000001800306e0 f   sfc_debug:cv_sfinterface.obj
 0001:0002f740       cvsf_script_init_testobjective 0000000180030740 f   sfc_debug:cv_sfinterface.obj
 0001:0002f7a0       cvsf_script_init_saturation 00000001800307a0 f   sfc_debug:cv_sfinterface.obj
 0001:0002f7f0       cvsf_script_init_if        00000001800307f0 f   sfc_debug:cv_sfinterface.obj
 0001:0002f850       cvsf_script_init_for       0000000180030850 f   sfc_debug:cv_sfinterface.obj
 0001:0002f8a0       cvsf_script_init_while     00000001800308a0 f   sfc_debug:cv_sfinterface.obj
 0001:0002f8f0       cvsf_script_init_mcdc      00000001800308f0 f   sfc_debug:cv_sfinterface.obj
 0001:0002f980       cvsf_script_init_switch    0000000180030980 f   sfc_debug:cv_sfinterface.obj
 0001:0002f9f0       cv_destroy_interface       00000001800309f0 f   sfc_debug:cv_sfinterface.obj
 0001:0002fa10       cv_create_instance_objects 0000000180030a10 f   sfc_debug:cv_sfinterface.obj
 0001:0002fe80       cv_is_enabled              0000000180030e80 f   sfc_debug:cv_sfinterface.obj
 0001:0002fe90       sf_debug_cv_initialize_script 0000000180030e90 f   sfc_debug:cv_sfinterface.obj
 0001:00030020       sf_debug_cv_initialize_instance 0000000180031020 f   sfc_debug:cv_sfinterface.obj
 0001:000303b0       sf_debug_cv_terminate_chart 00000001800313b0 f   sfc_debug:cv_sfinterface.obj
 0001:000304d0       cv_call_trans_test         00000001800314d0 f   sfc_debug:cv_sfinterface.obj
 0001:000304e0       cv_call_sub_cond_test      00000001800314e0 f   sfc_debug:cv_sfinterface.obj
 0001:00030520       sf_debug_st_initialize_machine 0000000180031520 f   sfc_debug:sfdb_data_browse.obj
 0001:000305d0       sf_debug_st_initialize_instance 00000001800315d0 f   sfc_debug:sfdb_data_browse.obj
 0001:000307e0       sf_debug_st_terminate      00000001800317e0 f   sfc_debug:sfdb_data_browse.obj
 0001:00030b80       sf_debug_st_set_data_value_ptr_in_machine 0000000180031b80 f   sfc_debug:sfdb_data_browse.obj
 0001:00030c10       sf_debug_st_set_data_value_ptr_in_instance 0000000180031c10 f   sfc_debug:sfdb_data_browse.obj
 0001:00030cf0       sf_debug_st_unset_data_value_ptr_in_machine 0000000180031cf0 f   sfc_debug:sfdb_data_browse.obj
 0001:00030d60       sf_debug_st_unset_data_value_ptr_in_instance 0000000180031d60 f   sfc_debug:sfdb_data_browse.obj
 0001:00031020       sf_debug_mx_value          0000000180032020 f   sfc_debug:sfdb_data_browse.obj
 0001:00031080       sf_debug_mx_packed_vector  0000000180032080 f   sfc_debug:sfdb_data_browse.obj
 0001:00031160       sf_debug_mx_uint_vector    0000000180032160 f   sfc_debug:sfdb_data_browse.obj
 0001:00031210       sf_debug_st_get_double_value_from_void_ptr_vector 0000000180032210 f   sfc_debug:sfdb_data_browse.obj
 0001:00031cf0       sf_debug_st_browse_data    0000000180032cf0 f   sfc_debug:sfdb_data_browse.obj
 0001:00032530       sf_debug_hm_initialize_instance 0000000180033530 f   sfc_debug:sfdb_handle_management.obj
 0001:00032a10       sf_debug_hm_get_object_id  0000000180033a10 f   sfc_debug:sfdb_handle_management.obj
 0001:000335c0       sf_debug_hm_update_chart_visibility 00000001800345c0 f   sfc_debug:sfdb_handle_management.obj
 0001:000347b0       sf_debug_object_is_eml_function 00000001800357b0 f   sfc_debug:sfdb_handle_management.obj
 0001:00034820       sf_debug_hm_initialize_ids_in_machine 0000000180035820 f   sfc_debug:sfdb_handle_management.obj
 0001:00034990       sf_debug_hm_initialize_ids_in_chart 0000000180035990 f   sfc_debug:sfdb_handle_management.obj
 0001:00034a90       sf_debug_hm_initialize_chart 0000000180035a90 f   sfc_debug:sfdb_handle_management.obj
 0001:00035190       sf_debug_hm_terminate      0000000180036190 f   sfc_debug:sfdb_handle_management.obj
 0001:000351f0       sf_debug_hm_initialize_machine 00000001800361f0 f   sfc_debug:sfdb_handle_management.obj
 0001:00035910       sf_debug_ss_initialize     0000000180036910 f   sfc_debug:sfdb_symbol_scope.obj
 0001:00035930       sf_debug_ss_terminate      0000000180036930 f   sfc_debug:sfdb_symbol_scope.obj
 0001:000359c0       sf_debug_ss_push_symbol_scope 00000001800369c0 f   sfc_debug:sfdb_symbol_scope.obj
 0001:00035ac0       sf_debug_ss_push_symbol_scope_eml 0000000180036ac0 f   sfc_debug:sfdb_symbol_scope.obj
 0001:00035b20       sf_debug_ss_pop_symbol_scope 0000000180036b20 f   sfc_debug:sfdb_symbol_scope.obj
 0001:00035bd0       sf_debug_ss_add_symbol     0000000180036bd0 f   sfc_debug:sfdb_symbol_scope.obj
 0001:00035d40       sf_debug_ss_add_symbol_eml 0000000180036d40 f   sfc_debug:sfdb_symbol_scope.obj
 0001:00036c40       sf_debug_ss_set_data_value 0000000180037c40 f   sfc_debug:sfdb_symbol_scope.obj
 0001:00037090       getInstanceNumber          0000000180038090 f   sfc_debug:sfdb_symbol_scope.obj
 0001:00037160       sf_debug_ss_watch_data     0000000180038160 f   sfc_debug:sfdb_symbol_scope.obj
 0001:00037350       sf_debug_ss_assign_data    0000000180038350 f   sfc_debug:sfdb_symbol_scope.obj
 0001:00037d60       get_data_entry_name        0000000180038d60 f   sfc_debug:sfdb_symbol_scope.obj
 0001:00037db0       sf_debug_ss_whos           0000000180038db0 f   sfc_debug:sfdb_symbol_scope.obj
 0001:00038400       sf_debug_cc_initialize_chart 0000000180039400 f   sfc_debug:sfdb_coverage.obj
 0001:00038df0       sf_debug_cc_initialize_instance 0000000180039df0 f   sfc_debug:sfdb_coverage.obj
 0001:00039b30       sf_debug_cc_terminate      000000018003ab30 f   sfc_debug:sfdb_coverage.obj
 0001:00039c20       sf_debug_cc_set_transition_maps 000000018003ac20 f   sfc_debug:sfdb_coverage.obj
 0001:00039d50       sf_debug_cc_set_state_maps 000000018003ad50 f   sfc_debug:sfdb_coverage.obj
 0001:00039e30       sf_debug_cc_set_transition_weights 000000018003ae30 f   sfc_debug:sfdb_coverage.obj
 0001:0003a0f0       sf_debug_cc_set_state_weights 000000018003b0f0 f   sfc_debug:sfdb_coverage.obj
 0001:0003a3c0       sf_debug_cc_mark_transition_guard 000000018003b3c0 f   sfc_debug:sfdb_coverage.obj
 0001:0003a450       sf_debug_cc_mark_transition_trigger 000000018003b450 f   sfc_debug:sfdb_coverage.obj
 0001:0003a4e0       sf_debug_cc_mark_transition_decision 000000018003b4e0 f   sfc_debug:sfdb_coverage.obj
 0001:0003a550       sf_debug_cc_mark_transition_condition_action 000000018003b550 f   sfc_debug:sfdb_coverage.obj
 0001:0003a5a0       sf_debug_cc_mark_transition_transition_action 000000018003b5a0 f   sfc_debug:sfdb_coverage.obj
 0001:0003a5f0       sf_debug_cc_mark_state_entry 000000018003b5f0 f   sfc_debug:sfdb_coverage.obj
 0001:0003a640       sf_debug_cc_mark_state_during 000000018003b640 f   sfc_debug:sfdb_coverage.obj
 0001:0003a690       sf_debug_cc_mark_state_exit 000000018003b690 f   sfc_debug:sfdb_coverage.obj
 0001:0003a6e0       sf_debug_bm_clear_script_breakpoints 000000018003b6e0 f   sfc_debug:sfdb_breakpoints.obj
 0001:0003a710       sf_debug_bm_set_script_breakpoint 000000018003b710 f   sfc_debug:sfdb_breakpoints.obj
 0001:0003a790       sf_debug_bm_clear_single_script_breakpoint 000000018003b790 f   sfc_debug:sfdb_breakpoints.obj
 0001:0003a810       sf_debug_bm_query_script_breakpoint 000000018003b810 f   sfc_debug:sfdb_breakpoints.obj
 0001:0003a860       sf_debug_bm_initialize_scripts 000000018003b860 f   sfc_debug:sfdb_breakpoints.obj
 0001:0003aef0       sf_debug_bm_terminate      000000018003bef0 f   sfc_debug:sfdb_breakpoints.obj
 0001:0003b1d0       sf_debug_bm_remove_all_breakpoints_in_machine 000000018003c1d0 f   sfc_debug:sfdb_breakpoints.obj
 0001:0003b230       sf_debug_bm_remove_all_breakpoints_in_chart 000000018003c230 f   sfc_debug:sfdb_breakpoints.obj
 0001:0003b380       sf_debug_bm_initialize_global_breakpoints 000000018003c380 f   sfc_debug:sfdb_breakpoints.obj
 0001:0003b500       sf_debug_bm_set_breakpoint 000000018003c500 f   sfc_debug:sfdb_breakpoints.obj
 0001:0003bac0       sf_debug_bm_set_eml_breakpoint 000000018003cac0 f   sfc_debug:sfdb_breakpoints.obj
 0001:0003bb50       sf_debug_bm_initialize_machine_breakpoint_map 000000018003cb50 f   sfc_debug:sfdb_breakpoints.obj
 0001:0003bf70       sf_debug_bm_is_a_breakpoint 000000018003cf70 f   sfc_debug:sfdb_breakpoints.obj
 0001:0003c490       sf_debug_bm_get_all_breakpoints_in_machine 000000018003d490 f   sfc_debug:sfdb_breakpoints.obj
 0001:0003c790       sf_debug_bm_get_all_breakpoints_in_chart 000000018003d790 f   sfc_debug:sfdb_breakpoints.obj
 0001:0003d320       sf_debug_bm_initialize_machine 000000018003e320 f   sfc_debug:sfdb_breakpoints.obj
 0001:0003d3f0       sf_debug_bm_initialize_chart 000000018003e3f0 f   sfc_debug:sfdb_breakpoints.obj
 0001:0003d7e0       sf_debug_sc_terminate      000000018003e7e0 f   sfc_debug:sfdb_state_consistency.obj
 0001:0003db00       sf_debug_sc_is_chart_consistent 000000018003eb00 f   sfc_debug:sfdb_state_consistency.obj
 0001:0003ddb0       sf_debug_sc_get_consistency_error_info 000000018003edb0 f   sfc_debug:sfdb_state_consistency.obj
 0001:0003e1c0       sf_debug_tm_terminate      000000018003f1c0 f   sfc_debug:sfdb_call_stack.obj
 0001:0003e270       sf_debug_tm_push_chart_instance 000000018003f270 f   sfc_debug:sfdb_call_stack.obj
 0001:0003e3b0       sf_debug_tm_pop_chart_instance 000000018003f3b0 f   sfc_debug:sfdb_call_stack.obj
 0001:0003e410       sf_debug_tm_push_trace_node 000000018003f410 f   sfc_debug:sfdb_call_stack.obj
 0001:0003e590       sf_debug_tm_pop_trace_node 000000018003f590 f   sfc_debug:sfdb_call_stack.obj
 0001:0003e610       sf_debug_tm_get_current_global_trace_index 000000018003f610 f   sfc_debug:sfdb_call_stack.obj
 0001:0003e620       sf_debug_tm_get_current_local_trace_index 000000018003f620 f   sfc_debug:sfdb_call_stack.obj
 0001:0003e650       sf_debug_tm_set_cycle_detected_flag 000000018003f650 f   sfc_debug:sfdb_call_stack.obj
 0001:0003e690       sf_debug_tm_set_cycle_started_flag 000000018003f690 f   sfc_debug:sfdb_call_stack.obj
 0001:0003e6d0       sf_debug_tm_get_chart_number_from_stack 000000018003f6d0 f   sfc_debug:sfdb_call_stack.obj
 0001:0003e8d0       sf_debug_tm_browse_trace   000000018003f8d0 f   sfc_debug:sfdb_call_stack.obj
 0001:0003ebe0       sf_debug_cd_initialize_instance 000000018003fbe0 f   sfc_debug:sfdb_cycle_detection.obj
 0001:0003ee90       sf_debug_cd_mark_processed_transition_in_instance 000000018003fe90 f   sfc_debug:sfdb_cycle_detection.obj
 0001:0003ef30       sf_debug_cd_checksum_push  000000018003ff30 f   sfc_debug:sfdb_cycle_detection.obj
 0001:0003f1e0       sf_debug_cd_checksum_pop   00000001800401e0 f   sfc_debug:sfdb_cycle_detection.obj
 0001:0003f250       sf_debug_cd_turn_off_cycle_detection 0000000180040250 f   sfc_debug:sfdb_cycle_detection.obj
 0001:0003f2a0       sf_debug_cd_terminate      00000001800402a0 f   sfc_debug:sfdb_cycle_detection.obj
 0001:0003f4d0       md5_initialize_state       00000001800404d0 f   sfc_debug:ckmd5.obj
 0001:0003ff60       md5_update_state           0000000180040f60 f   sfc_debug:ckmd5.obj
 0001:0003ff80       md5_get_hash               0000000180040f80 f   sfc_debug:ckmd5.obj
 0001:0003ffb0       md5_get_hash_for_a_single_string 0000000180040fb0 f   sfc_debug:ckmd5.obj
 0001:00040010       mxGetPr                    0000000180041010 f   libmx:libmx.dll
 0001:00040016       mxCreateDoubleScalar       0000000180041016 f   libmx:libmx.dll
 0001:0004001c       mxCreateDoubleMatrix_730   000000018004101c f   libmx:libmx.dll
 0001:00040022       mxSetField_730             0000000180041022 f   libmx:libmx.dll
 0001:00040028       mxCreateString             0000000180041028 f   libmx:libmx.dll
 0001:0004002e       mxCreateStructMatrix_730   000000018004102e f   libmx:libmx.dll
 0001:00040034       mxCreateCellMatrix_730     0000000180041034 f   libmx:libmx.dll
 0001:0004003a       mxDestroyArray             000000018004103a f   libmx:libmx.dll
 0001:00040040       mxDuplicateArray           0000000180041040 f   libmx:libmx.dll
 0001:00040046       mxGetString_730            0000000180041046 f   libmx:libmx.dll
 0001:0004004c       mxIsChar                   000000018004104c f   libmx:libmx.dll
 0001:00040052       mxGetClassID               0000000180041052 f   libmx:libmx.dll
 0001:00040058       mxIsNumeric                0000000180041058 f   libmx:libmx.dll
 0001:0004005e       mxIsComplex                000000018004105e f   libmx:libmx.dll
 0001:00040064       mxGetN                     0000000180041064 f   libmx:libmx.dll
 0001:0004006a       mxGetM                     000000018004106a f   libmx:libmx.dll
 0001:00040070       mxCalloc                   0000000180041070 f   libmx:libmx.dll
 0001:00040076       mxGetScalar                0000000180041076 f   libmx:libmx.dll
 0001:0004007c       mxIsLogical                000000018004107c f   libmx:libmx.dll
 0001:00040082       mxCreateDoubleMatrix_700   0000000180041082 f   libmx:libmx.dll
 0001:00040088       mxFree                     0000000180041088 f   libmx:libmx.dll
 0001:0004008e       mxArrayToString            000000018004108e f   libmx:libmx.dll
 0001:00040094       mxCreateCellMatrix_700     0000000180041094 f   libmx:libmx.dll
 0001:0004009a       mxSetCell_700              000000018004109a f   libmx:libmx.dll
 0001:000400a0       mxGetCell_700              00000001800410a0 f   libmx:libmx.dll
 0001:000400a6       mxGetClassName             00000001800410a6 f   libmx:libmx.dll
 0001:000400ac       mxSetField_700             00000001800410ac f   libmx:libmx.dll
 0001:000400b2       mxAddField                 00000001800410b2 f   libmx:libmx.dll
 0001:000400b8       mxGetField_700             00000001800410b8 f   libmx:libmx.dll
 0001:000400be       mxGetNumberOfElements      00000001800410be f   libmx:libmx.dll
 0001:000400c4       mxIsStruct                 00000001800410c4 f   libmx:libmx.dll
 0001:000400ca       mxIsA                      00000001800410ca f   libmx:libmx.dll
 0001:000400d0       mxIsClass                  00000001800410d0 f   libmx:libmx.dll
 0001:000400d6       mxGetLogicals              00000001800410d6 f   libmx:libmx.dll
 0001:000400dc       mxIsSparse                 00000001800410dc f   libmx:libmx.dll
 0001:000400e2       mxSetFieldByNumber_700     00000001800410e2 f   libmx:libmx.dll
 0001:000400e8       mxGetFieldByNumber_700     00000001800410e8 f   libmx:libmx.dll
 0001:000400ee       mxGetFieldNameByNumber     00000001800410ee f   libmx:libmx.dll
 0001:000400f4       mxGetNumberOfFields        00000001800410f4 f   libmx:libmx.dll
 0001:000400fa       mxCreateStructMatrix_700   00000001800410fa f   libmx:libmx.dll
 0001:00040100       mxGetFieldNumber           0000000180041100 f   libmx:libmx.dll
 0001:00040106       mxIsNaN                    0000000180041106 f   libmx:libmx.dll
 0001:0004010c       mxIsEmpty                  000000018004110c f   libmx:libmx.dll
 0001:00040112       mxGetData                  0000000180041112 f   libmx:libmx.dll
 0001:00040118       mxGetImagData              0000000180041118 f   libmx:libmx.dll
 0001:0004011e       mxArrayClassIDName         000000018004111e f   libmx:libmx.dll
 0001:00040124       mxCreateNumericMatrix_700  0000000180041124 f   libmx:libmx.dll
 0001:0004012a       mxCreateStructArray_700    000000018004112a f   libmx:libmx.dll
 0001:00040130       mxCalcSingleSubscript_700  0000000180041130 f   libmx:libmx.dll
 0001:00040136       mxGetDimensions_700        0000000180041136 f   libmx:libmx.dll
 0001:0004013c       mxGetNumberOfDimensions_700 000000018004113c f   libmx:libmx.dll
 0001:00040142       mxCreateNumericArray_700   0000000180041142 f   libmx:libmx.dll
 0001:00040148       mxGetElementSize           0000000180041148 f   libmx:libmx.dll
 0001:0004014e       mxCreateStringFromNChars_700 000000018004114e f   libmx:libmx.dll
 0001:00040154       mxGetString_700            0000000180041154 f   libmx:libmx.dll
 0001:0004015a       mxIsLogicalScalarTrue      000000018004115a f   libmx:libmx.dll
 0001:00040160       mxCreateLogicalScalar      0000000180041160 f   libmx:libmx.dll
 0001:00040166       mexUnlock                  0000000180041166 f   libmex:libmex.dll
 0001:0004016c       mexIsLocked                000000018004116c f   libmex:libmex.dll
 0001:00040172       mexWarnMsgTxt              0000000180041172 f   libmex:libmex.dll
 0001:00040178       mexCallMATLAB              0000000180041178 f   libmex:libmex.dll
 0001:0004017e       mexErrMsgTxt               000000018004117e f   libmex:libmex.dll
 0001:00040184       mexMakeArrayPersistent     0000000180041184 f   libmex:libmex.dll
 0001:0004018a       mexSetTrapFlag             000000018004118a f   libmex:libmex.dll
 0001:00040190       mexPutVariable             0000000180041190 f   libmex:libmex.dll
 0001:00040196       mexGetVariable             0000000180041196 f   libmex:libmex.dll
 0001:0004019c       mexLock                    000000018004119c f   libmex:libmex.dll
 0001:000401a2       mexMakeMemoryPersistent    00000001800411a2 f   libmex:libmex.dll
 0001:000401a8       mexFunctionName            00000001800411a8 f   libmex:libmex.dll
 0001:000401ae       ssRegisterDataTypeFxpFSlopeFixExpBias 00000001800411ae f   libfixedpoint:libfixedpoint.dll
 0001:000401b4       ssRegisterDataTypeFxpScaledDouble 00000001800411b4 f   libfixedpoint:libfixedpoint.dll
 0001:000401ba       utMalloc                   00000001800411ba f   libut:libut.dll
 0001:000401c0       utFree                     00000001800411c0 f   libut:libut.dll
 0001:000401c6       utVSNprintf                00000001800411c6 f   libut:libut.dll
 0001:000401cc       utCPUtime                  00000001800411cc f   libut:libut.dll
 0001:000401d2       utCalloc                   00000001800411d2 f   libut:libut.dll
 0001:000401d8       utRealloc                  00000001800411d8 f   libut:libut.dll
 0001:000401de       emlrtCreateRootTLS         00000001800411de f   libemlrt:libemlrt.dll
 0001:000401e4       emlrtDestroyRootTLS        00000001800411e4 f   libemlrt:libemlrt.dll
 0001:000401ea       emlrtCheckBuiltInR2012b    00000001800411ea f   libemlrt:libemlrt.dll
 0001:000401f0       emlrtCheckVsBuiltInR2012b  00000001800411f0 f   libemlrt:libemlrt.dll
 0001:000401f6       emlrtCheckEnumR2012b       00000001800411f6 f   libemlrt:libemlrt.dll
 0001:000401fc       emlrtCreateEnumR2012b      00000001800411fc f   libemlrt:libemlrt.dll
 0001:00040202       emlrtGetEnumElementR2009a  0000000180041202 f   libemlrt:libemlrt.dll
 0001:00040208       emlrtCreateReference       0000000180041208 f   libemlrt:libemlrt.dll
 0001:0004020e       emlrtImportVsFiArrayR2009b 000000018004120e f   libemlrt:libemlrt.dll
 0001:00040214       emlrtNameCapturePostProcessR2012a 0000000180041214 f   libemlrt:libemlrt.dll
 0001:0004021a       emlrtExtractMessageId      000000018004121a f   libemlrt:libemlrt.dll
 0001:00040220       emlrtTranslateMessageIDtoLCPstring 0000000180041220 f   libemlrt:libemlrt.dll
 0001:00040226       emlrtForLoopVectorIsValidR2011b 0000000180041226 f   libemlrt:libemlrt.dll
 0001:0004022c       emlrtTranslateUTF16MessagetoLCPstring 000000018004122c f   libemlrt:libemlrt.dll
 0001:00040232       emlrtGetEnumUnderlyingArrayR2009a 0000000180041232 f   libemlrt:libemlrt.dll
 0001:00040238       emlrtIsEnumR2009a          0000000180041238 f   libemlrt:libemlrt.dll
 0001:0004023e       memset                     000000018004123e f   MSVCRT:MSVCR100.dll
 0001:00040244       __GSHandlerCheckCommon     0000000180041244 f   MSVCRT:gshandler.obj
 0001:000402a8       __GSHandlerCheck           00000001800412a8 f   MSVCRT:gshandler.obj
 0001:000402e0       __security_check_cookie    00000001800412e0 f   MSVCRT:amdsecgs.obj
 0001:00040300       strlen                     0000000180041300 f   MSVCRT:MSVCR100.dll
 0001:00040320       __chkstk                   0000000180041320 f   MSVCRT:chkstk.obj
 0001:00040320       _alloca_probe              0000000180041320     MSVCRT:chkstk.obj
 0001:0004036e       strcmp                     000000018004136e f   MSVCRT:MSVCR100.dll
 0001:00040374       free                       0000000180041374 f   MSVCRT:MSVCR100.dll
 0001:0004037a       sprintf                    000000018004137a f   MSVCRT:MSVCR100.dll
 0001:00040380       malloc                     0000000180041380 f   MSVCRT:MSVCR100.dll
 0001:00040386       strcat                     0000000180041386 f   MSVCRT:MSVCR100.dll
 0001:0004038c       memcpy                     000000018004138c f   MSVCRT:MSVCR100.dll
 0001:00040394       NtCurrentTeb               0000000180041394 f i MSVCRT:crtdll.obj
 0001:00040400       _CRT_INIT                  0000000180041400 f   MSVCRT:crtdll.obj
 0001:00040798       _DllMainCRTStartup         0000000180041798 f   MSVCRT:crtdll.obj
 0001:000407d6       strncpy                    00000001800417d6 f   MSVCRT:MSVCR100.dll
 0001:000407dc       longjmp                    00000001800417dc f   MSVCRT:MSVCR100.dll
 0001:000407e2       strncmp                    00000001800417e2 f   MSVCRT:MSVCR100.dll
 0001:000407e8       ceil                       00000001800417e8 f   MSVCRT:MSVCR100.dll
 0001:000407ee       strrchr                    00000001800417ee f   MSVCRT:MSVCR100.dll
 0001:000407f4       _setjmp                    00000001800417f4 f   MSVCRT:MSVCR100.dll
 0001:000407fa       ldexp                      00000001800417fa f   MSVCRT:MSVCR100.dll
 0001:00040800       __report_gsfailure         0000000180041800 f   MSVCRT:gs_report.obj
 0001:0004094c       __clean_type_info_names    000000018004194c f   MSVCRT:tncleanup.obj
 0001:00040958       _onexit                    0000000180041958 f   MSVCRT:atonexit.obj
 0001:00040a08       atexit                     0000000180041a08 f   MSVCRT:atonexit.obj
 0001:00040a20       _RTC_Initialize            0000000180041a20 f   MSVCRT:_initsect_.obj
 0001:00040a58       _RTC_Terminate             0000000180041a58 f   MSVCRT:_initsect_.obj
 0001:00040a90       _malloc_crt                0000000180041a90 f   MSVCRT:MSVCR100.dll
 0001:00040aa0       _ValidateImageBase         0000000180041aa0 f   MSVCRT:pesect.obj
 0001:00040ad0       _FindPESection             0000000180041ad0 f   MSVCRT:pesect.obj
 0001:00040b20       _IsNonwritableInCurrentImage 0000000180041b20 f   MSVCRT:pesect.obj
 0001:00040b62       _initterm                  0000000180041b62 f   MSVCRT:MSVCR100.dll
 0001:00040b68       _initterm_e                0000000180041b68 f   MSVCRT:MSVCR100.dll
 0001:00040b6e       _encoded_null              0000000180041b6e f   MSVCRT:MSVCR100.dll
 0001:00040b74       _amsg_exit                 0000000180041b74 f   MSVCRT:MSVCR100.dll
 0001:00040b7a       __C_specific_handler       0000000180041b7a f   MSVCRT:MSVCR100.dll
 0001:00040b80       __CppXcptFilter            0000000180041b80 f   MSVCRT:MSVCR100.dll
 0001:00040b88       DllMain                    0000000180041b88 f   MSVCRT:dllmain.obj
 0001:00040bac       __security_init_cookie     0000000180041bac f   MSVCRT:gs_support.obj
 0001:00040c60       __crt_debugger_hook        0000000180041c60 f   MSVCRT:MSVCR100.dll
 0001:00040c66       __clean_type_info_names_internal 0000000180041c66 f   MSVCRT:MSVCR100.dll
 0001:00040c6c       _unlock                    0000000180041c6c f   MSVCRT:MSVCR100.dll
 0001:00040c72       __dllonexit                0000000180041c72 f   MSVCRT:MSVCR100.dll
 0001:00040c78       _lock                      0000000180041c78 f   MSVCRT:MSVCR100.dll
 0001:00040c7e       EncodePointer              0000000180041c7e f   kernel32:KERNEL32.dll
 0001:00040c84       DecodePointer              0000000180041c84 f   kernel32:KERNEL32.dll
 0001:00040c8a       Sleep                      0000000180041c8a f   kernel32:KERNEL32.dll
 0001:00040c90       TerminateProcess           0000000180041c90 f   kernel32:KERNEL32.dll
 0001:00040c96       GetCurrentProcess          0000000180041c96 f   kernel32:KERNEL32.dll
 0001:00040c9c       UnhandledExceptionFilter   0000000180041c9c f   kernel32:KERNEL32.dll
 0001:00040ca2       SetUnhandledExceptionFilter 0000000180041ca2 f   kernel32:KERNEL32.dll
 0001:00040ca8       IsDebuggerPresent          0000000180041ca8 f   kernel32:KERNEL32.dll
 0001:00040cae       RtlVirtualUnwind           0000000180041cae f   kernel32:KERNEL32.dll
 0001:00040cb4       RtlLookupFunctionEntry     0000000180041cb4 f   kernel32:KERNEL32.dll
 0001:00040cba       RtlCaptureContext          0000000180041cba f   kernel32:KERNEL32.dll
 0001:00040cc0       DisableThreadLibraryCalls  0000000180041cc0 f   kernel32:KERNEL32.dll
 0001:00040cc6       QueryPerformanceCounter    0000000180041cc6 f   kernel32:KERNEL32.dll
 0001:00040ccc       GetTickCount               0000000180041ccc f   kernel32:KERNEL32.dll
 0001:00040cd2       GetCurrentThreadId         0000000180041cd2 f   kernel32:KERNEL32.dll
 0001:00040cd8       GetCurrentProcessId        0000000180041cd8 f   kernel32:KERNEL32.dll
 0001:00040cde       GetSystemTimeAsFileTime    0000000180041cde f   kernel32:KERNEL32.dll
 0002:00000000       __imp_GetSystemTimeAsFileTime 0000000180042000     kernel32:KERNEL32.dll
 0002:00000008       __imp_GetCurrentProcessId  0000000180042008     kernel32:KERNEL32.dll
 0002:00000010       __imp_GetCurrentThreadId   0000000180042010     kernel32:KERNEL32.dll
 0002:00000018       __imp_GetTickCount         0000000180042018     kernel32:KERNEL32.dll
 0002:00000020       __imp_QueryPerformanceCounter 0000000180042020     kernel32:KERNEL32.dll
 0002:00000028       __imp_DisableThreadLibraryCalls 0000000180042028     kernel32:KERNEL32.dll
 0002:00000030       __imp_RtlCaptureContext    0000000180042030     kernel32:KERNEL32.dll
 0002:00000038       __imp_RtlLookupFunctionEntry 0000000180042038     kernel32:KERNEL32.dll
 0002:00000040       __imp_RtlVirtualUnwind     0000000180042040     kernel32:KERNEL32.dll
 0002:00000048       __imp_IsDebuggerPresent    0000000180042048     kernel32:KERNEL32.dll
 0002:00000050       __imp_SetUnhandledExceptionFilter 0000000180042050     kernel32:KERNEL32.dll
 0002:00000058       __imp_UnhandledExceptionFilter 0000000180042058     kernel32:KERNEL32.dll
 0002:00000060       __imp_GetCurrentProcess    0000000180042060     kernel32:KERNEL32.dll
 0002:00000068       __imp_TerminateProcess     0000000180042068     kernel32:KERNEL32.dll
 0002:00000070       __imp_Sleep                0000000180042070     kernel32:KERNEL32.dll
 0002:00000078       __imp_DecodePointer        0000000180042078     kernel32:KERNEL32.dll
 0002:00000080       __imp_EncodePointer        0000000180042080     kernel32:KERNEL32.dll
 0002:00000088       \177KERNEL32_NULL_THUNK_DATA 0000000180042088     kernel32:KERNEL32.dll
 0002:00000090       __imp__onexit              0000000180042090     MSVCRT:MSVCR100.dll
 0002:00000098       __imp__lock                0000000180042098     MSVCRT:MSVCR100.dll
 0002:000000a0       __imp___dllonexit          00000001800420a0     MSVCRT:MSVCR100.dll
 0002:000000a8       __imp__unlock              00000001800420a8     MSVCRT:MSVCR100.dll
 0002:000000b0       __imp___clean_type_info_names_internal 00000001800420b0     MSVCRT:MSVCR100.dll
 0002:000000b8       __imp___crt_debugger_hook  00000001800420b8     MSVCRT:MSVCR100.dll
 0002:000000c0       __imp___CppXcptFilter      00000001800420c0     MSVCRT:MSVCR100.dll
 0002:000000c8       __imp___C_specific_handler 00000001800420c8     MSVCRT:MSVCR100.dll
 0002:000000d0       __imp__amsg_exit           00000001800420d0     MSVCRT:MSVCR100.dll
 0002:000000d8       __imp__encoded_null        00000001800420d8     MSVCRT:MSVCR100.dll
 0002:000000e0       __imp__initterm_e          00000001800420e0     MSVCRT:MSVCR100.dll
 0002:000000e8       __imp__initterm            00000001800420e8     MSVCRT:MSVCR100.dll
 0002:000000f0       __imp__malloc_crt          00000001800420f0     MSVCRT:MSVCR100.dll
 0002:000000f8       __imp_ldexp                00000001800420f8     MSVCRT:MSVCR100.dll
 0002:00000100       __imp__setjmp              0000000180042100     MSVCRT:MSVCR100.dll
 0002:00000108       __imp_strrchr              0000000180042108     MSVCRT:MSVCR100.dll
 0002:00000110       __imp_ceil                 0000000180042110     MSVCRT:MSVCR100.dll
 0002:00000118       __imp_strncmp              0000000180042118     MSVCRT:MSVCR100.dll
 0002:00000120       __imp_longjmp              0000000180042120     MSVCRT:MSVCR100.dll
 0002:00000128       __imp_strncpy              0000000180042128     MSVCRT:MSVCR100.dll
 0002:00000130       __imp_memcpy               0000000180042130     MSVCRT:MSVCR100.dll
 0002:00000138       __imp_strcat               0000000180042138     MSVCRT:MSVCR100.dll
 0002:00000140       __imp_malloc               0000000180042140     MSVCRT:MSVCR100.dll
 0002:00000148       __imp_sprintf              0000000180042148     MSVCRT:MSVCR100.dll
 0002:00000150       __imp_free                 0000000180042150     MSVCRT:MSVCR100.dll
 0002:00000158       __imp_strcmp               0000000180042158     MSVCRT:MSVCR100.dll
 0002:00000160       __imp_strlen               0000000180042160     MSVCRT:MSVCR100.dll
 0002:00000168       __imp_memset               0000000180042168     MSVCRT:MSVCR100.dll
 0002:00000170       \177MSVCR100_NULL_THUNK_DATA 0000000180042170     MSVCRT:MSVCR100.dll
 0002:00000178       __imp_emlrtIsEnumR2009a    0000000180042178     libemlrt:libemlrt.dll
 0002:00000180       __imp_emlrtGetEnumUnderlyingArrayR2009a 0000000180042180     libemlrt:libemlrt.dll
 0002:00000188       __imp_emlrtTranslateUTF16MessagetoLCPstring 0000000180042188     libemlrt:libemlrt.dll
 0002:00000190       __imp_emlrtForLoopVectorIsValidR2011b 0000000180042190     libemlrt:libemlrt.dll
 0002:00000198       __imp_emlrtTranslateMessageIDtoLCPstring 0000000180042198     libemlrt:libemlrt.dll
 0002:000001a0       __imp_emlrtExtractMessageId 00000001800421a0     libemlrt:libemlrt.dll
[...]
 0001:000169a0       sf_mex_check_complex       00000001800179a0 f   sfc_mex:sfc_mex.obj
 0001:00016a30       sf_mex_check_sparse        0000000180017a30 f   sfc_mex:sfc_mex.obj
 0001:00016a90       sf_mex_check_numerictype   0000000180017a90 f   sfc_mex:sfc_mex.obj
 0001:00016c20       sf_mex_check_fimath        0000000180017c20 f   sfc_mex:sfc_mex.obj
 0001:00017780       size_mismatch_error        0000000180018780 f   sfc_mex:sfc_mex.obj
 0001:000181f0       check_array_dimensions     00000001800191f0 f   sfc_mex:sfc_mex.obj
 0001:00018260       check_input_mxarray        0000000180019260 f   sfc_mex:sfc_mex.obj
 0001:000189a0       sf_numeric_value_to_double 00000001800199a0 f   sfc_mex:sfc_mex.obj
 0001:000189f0       ml_generic_out_of_bounds_check 00000001800199f0 f   sfc_mex:sfc_mex.obj
 0001:00018bb0       ml_get_element_value_from_array 0000000180019bb0 f   sfc_mex:sfc_mex.obj
 0001:00018f50       _ml_generic_castability_check 0000000180019f50 f   sfc_mex:sfc_mex.obj
 0001:000196a0       ml_generic_castability_check 000000018001a6a0 f   sfc_mex:sfc_mex.obj
 0001:00019740       ml_check_mx_array_for_single_castability 000000018001a740 f   sfc_mex:sfc_mex.obj
 0001:000197e0       ml_check_mx_array_for_logical_castability 000000018001a7e0 f   sfc_mex:sfc_mex.obj
 0001:00019880       ml_check_mx_array_for_int8_castability 000000018001a880 f   sfc_mex:sfc_mex.obj
 0001:00019930       ml_check_mx_array_for_uint8_castability 000000018001a930 f   sfc_mex:sfc_mex.obj
 0001:00019990       ml_check_mx_array_for_int16_castability 000000018001a990 f   sfc_mex:sfc_mex.obj
 0001:000199f0       ml_check_mx_array_for_uint16_castability 000000018001a9f0 f   sfc_mex:sfc_mex.obj
 0001:00019a50       ml_check_mx_array_for_int32_castability 000000018001aa50 f   sfc_mex:sfc_mex.obj
 0001:00019ab0       ml_check_mx_array_for_uint32_castability 000000018001aab0 f   sfc_mex:sfc_mex.obj
 0001:00019b10       ml_check_mx_array_for_castability 000000018001ab10 f   sfc_mex:sfc_mex.obj
 0001:0001a330       set_data_value             000000018001b330 f   sfc_mex:sfc_mex.obj
 0001:0001a6a0       get_data_value             000000018001b6a0 f   sfc_mex:sfc_mex.obj
 0001:0001a7b0       get_next_element_address   000000018001b7b0 f   sfc_mex:sfc_mex.obj
 0001:0001a880       sf_normalize_index         000000018001b880 f   sfc_mex:sfc_mex.obj
 0001:0001ac30       ml_array_index_bound_check 000000018001bc30 f   sfc_mex:sfc_mex.obj
 0001:0001b7b0       mx_value                   000000018001c7b0 f   sfc_mex:sfc_mex.obj
 0001:0001b800       sf_create_numeric_array    000000018001c800 f   sfc_mex:sfc_mex.obj
 0001:0001b8a0       sf_mex_assign_to_mx_array  000000018001c8a0 f   sfc_mex:sfc_mex.obj
 0001:0001bc10       assign_from_mx_array       000000018001cc10 f   sfc_mex:sfc_mex.obj
 0001:0001c370       sf_mex_import_v            000000018001d370 f   sfc_mex:sfc_mex.obj
 0001:0001ca80       get_machine_and_chart_file_number 000000018001da80 f   sfc_mex:sfc_sf.obj
 0001:0001cb70       get_sfun_block_specialization 000000018001db70 f   sfc_mex:sfc_sf.obj
 0001:0001cc20       call_sf_machine_global_method_dispatcher 000000018001dc20 f   sfc_mex:sfc_sf.obj
 0001:0001ce70       mdl_zeroCrossings_processing 000000018001de70 f   sfc_mex:sfc_sf.obj
 0001:0001cf50       mdl_derivatives_processing 000000018001df50 f   sfc_mex:sfc_sf.obj
 0001:0001d230       mdl_outputs_continuous_legacy 000000018001e230 f   sfc_mex:sfc_sf.obj
 0001:0001d2b0       mdl_outputs_processing     000000018001e2b0 f   sfc_mex:sfc_sf.obj
 0001:0001d520       mdl_enable_processing      000000018001e520 f   sfc_mex:sfc_sf.obj
 0001:0001d600       mdl_disable_processing     000000018001e600 f   sfc_mex:sfc_sf.obj
 0001:0001e490       sf_call_output_fcn_enable_disable 000000018001f490 f   sfc_mex:sfc_sf.obj
 0001:0001e710       set_dwork_information_from_mx_array 000000018001f710 f   sfc_mex:sfc_sf.obj
 0001:0001f000       ptr2mxStruct               0000000180020000 f   sfc_mex:sfc_sf.obj
 0001:0001f310       SNPRINTF_WRAPPER           0000000180020310 f   sfc_debug:sfcdebug.obj
 0001:0001f340       sf_debug_chart_instance_initialized 0000000180020340 f   sfc_debug:sfcdebug.obj
 0001:0001f4e0       sfrtAddSize                00000001800204e0 f   sfc_debug:sfcdebug.obj
 0001:0001f5a0       sfrtGenSizeString          00000001800205a0 f   sfc_debug:sfcdebug.obj
 0001:0001fcf0       fill_single_message_info   0000000180020cf0 f   sfc_debug:sfcdebug.obj
 0001:0001ff70       sf_debug_sim_status_listener 0000000180020f70 f   sfc_debug:sfcdebug.obj
 0001:00020500       sf_debug_form_mask_bits    0000000180021500 f   sfc_debug:sfcdebug.obj
 0001:00020520       sf_debug_form_sf_data_type_offsets 0000000180021520 f   sfc_debug:sfcdebug.obj
 0001:000205e0       sf_debug_free_all          00000001800215e0 f   sfc_debug:sfcdebug.obj
 0001:00020770       sf_debug_append_debugger_context 0000000180021770 f   sfc_debug:sfcdebug.obj
 0001:00020ae0       local_strdup               0000000180021ae0 f   sfc_debug:sfcdebug.obj
 0001:00021a60       sf_debug_em_terminate      0000000180022a60 f   sfc_debug:sfcdebug.obj
 0001:00021aa0       sf_debug_push_eml_function 0000000180022aa0 f   sfc_debug:sfcdebug.obj
 0001:00021b40       sf_debug_pop_eml_function  0000000180022b40 f   sfc_debug:sfcdebug.obj
 0001:000227e0       sf_debug_get_machine_number_from_id_or_name 00000001800237e0 f   sfc_debug:sfcdebug.obj
 0001:00022930       sf_debug_get_chart_number_from_id 0000000180023930 f   sfc_debug:sfcdebug.obj
 0001:00023710       sf_debug_transfer_control_to_debugger_GUI 0000000180024710 f   sfc_debug:sfcdebug.obj
 0001:00024680       sf_debug_scripts_rehash    0000000180025680 f   sfc_debug:sfcdebug.obj
 0001:00024890       sf_debug_get_script_line_count 0000000180025890 f   sfc_debug:sfcdebug.obj
 0001:000252e0       cv_eml_state_cvId          00000001800262e0 f   sfc_debug:sfcdebug.obj
 0001:00025350       cv_eml_trans_cvId          0000000180026350 f   sfc_debug:sfcdebug.obj
 0001:000267d0       sf_debug_data_array_bounds_error 00000001800277d0 f   sfc_debug:sfcdebug.obj
 0001:00026b80       eml_debug_runtime_error_doclink 0000000180027b80 f   sfc_debug:sfcdebug.obj
 0001:00026cf0       sf_debug_runtime_error     0000000180027cf0 f   sfc_debug:sfcdebug.obj
 0001:00026d60       sf_debug_matlab_error      0000000180027d60 f   sfc_debug:sfcdebug.obj
 0001:000276d0       sf_debug_data_value_error  00000001800286d0 f   sfc_debug:sfcdebug.obj
 0001:00027fa0       sf_debug_data_loss_error   0000000180028fa0 f   sfc_debug:sfcdebug.obj
 0001:00028ec0       call_cv_range_check        0000000180029ec0 f   sfc_debug:sfcdebug.obj
 0001:00029720       sf_debug_invoke_cycle_detection_code 000000018002a720 f   sfc_debug:sfcdebug.obj
 0001:0002a290       sf_reset_debug_info_struct 000000018002b290 f   sfc_debug:sfcdebug.obj
 0001:0002aa80       cv_script_cvId             000000018002ba80 f   sfc_debug:sfcdebug.obj
 0001:0002bc40       sfc_api_chart_visible      000000018002cc40 f   sfc_debug:sfc_api.obj
 0001:0002bcd0       sfc_api_active_instance    000000018002ccd0 f   sfc_debug:sfc_api.obj
 0001:0002bd60       sfc_api_machine_load       000000018002cd60 f   sfc_debug:sfc_api.obj
 0001:0002be50       sfc_api_debugger_alive     000000018002ce50 f   sfc_debug:sfc_api.obj
 0001:0002be60       sfc_api_go                 000000018002ce60 f   sfc_debug:sfc_api.obj
 0001:0002be70       sfc_api_step_over          000000018002ce70 f   sfc_debug:sfc_api.obj
 0001:0002be80       sfc_api_step_out           000000018002ce80 f   sfc_debug:sfc_api.obj
 0001:0002be90       sfc_api_resume             000000018002ce90 f   sfc_debug:sfc_api.obj
 0001:0002bea0       sfc_api_break              000000018002cea0 f   sfc_debug:sfc_api.obj
 0001:0002beb0       sfc_api_stop_debugging     000000018002ceb0 f   sfc_debug:sfc_api.obj
 0001:0002bf10       sfc_api_is_cycle_detected  000000018002cf10 f   sfc_debug:sfc_api.obj
 0001:0002bf70       sfc_api_is_array_bounds_detected 000000018002cf70 f   sfc_debug:sfc_api.obj
 0001:0002bfd0       sfc_api_set_disable_all_breakpoints 000000018002cfd0 f   sfc_debug:sfc_api.obj
 0001:0002c050       sfc_api_disable_all_breakpoints_and_go 000000018002d050 f   sfc_debug:sfc_api.obj
 0001:0002c060       sfc_api_close              000000018002d060 f   sfc_debug:sfc_api.obj
 0001:0002c070       sfc_api_browse_data        000000018002d070 f   sfc_debug:sfc_api.obj
 0001:0002c0f0       sfc_api_watch_data         000000018002d0f0 f   sfc_debug:sfc_api.obj
 0001:0002c200       sfc_api_extract_message_post_receive_info 000000018002d200 f   sfc_debug:sfc_api.obj
 0001:0002c220       sfc_api_assign_data        000000018002d220 f   sfc_debug:sfc_api.obj
 0001:0002c2d0       sfc_api_whos               000000018002d2d0 f   sfc_debug:sfc_api.obj
 0001:0002c360       sfc_api_get_consistency_info 000000018002d360 f   sfc_debug:sfc_api.obj
 0001:0002c370       sfc_api_browse_trace       000000018002d370 f   sfc_debug:sfc_api.obj
 0001:0002c380       sfc_api_break_on_chart_entry 000000018002d380 f   sfc_debug:sfc_api.obj
 0001:0002c3b0       sfc_api_break_on_event_broadcast 000000018002d3b0 f   sfc_debug:sfc_api.obj
 0001:0002c3e0       sfc_api_break_on_state_entry 000000018002d3e0 f   sfc_debug:sfc_api.obj
 0001:0002c410       sfc_api_set_watch          000000018002d410 f   sfc_debug:sfc_api.obj
 0001:0002c4c0       sfc_api_set_breakpoints    000000018002d4c0 f   sfc_debug:sfc_api.obj
 0001:0002c580       sfc_api_set_eml_breakpoints 000000018002d580 f   sfc_debug:sfc_api.obj
 0001:0002c620       sfc_api_set_script_breakpoints 000000018002d620 f   sfc_debug:sfc_api.obj
 0001:0002c680       sfc_api_add_script_breakpoints 000000018002d680 f   sfc_debug:sfc_api.obj
 0001:0002c6e0       sfc_api_clear_script_breakpoints 000000018002d6e0 f   sfc_debug:sfc_api.obj
 0001:0002c740       sfc_api_query_script_breakpoints 000000018002d740 f   sfc_debug:sfc_api.obj
 0001:0002c7b0       sfc_api_get_script_id      000000018002d7b0 f   sfc_debug:sfc_api.obj
 0001:0002c870       sfc_api_get_active_states  000000018002d870 f   sfc_debug:sfc_api.obj
 0001:0002c900       sfc_api_break_between_times 000000018002d900 f   sfc_debug:sfc_api.obj
 0001:0002c970       sfc_api_get_instance_handle 000000018002d970 f   sfc_debug:sfc_api.obj
 0001:0002ca40       sfc_api_set_animation      000000018002da40 f   sfc_debug:sfc_api.obj
 0001:0002ca90       sfc_api_select_chart       000000018002da90 f   sfc_debug:sfc_api.obj
 0001:0002cb00       sfc_api_select_charts      000000018002db00 f   sfc_debug:sfc_api.obj
 0001:0002cb30       sfc_api_cycle_detection_check 000000018002db30 f   sfc_debug:sfc_api.obj
 0001:0002cb80       sfc_api_data_range_check   000000018002db80 f   sfc_debug:sfc_api.obj
 0001:0002cbd0       sfc_api_transition_conflict_check 000000018002dbd0 f   sfc_debug:sfc_api.obj
 0001:0002cc20       sfc_api_state_consistency_check 000000018002dc20 f   sfc_debug:sfc_api.obj
 0001:0002cc70       sfc_api_set_instance_cv_ids 000000018002dc70 f   sfc_debug:sfc_api.obj
 0001:0002cda0       sfc_api_set_script_cv_ids  000000018002dda0 f   sfc_debug:sfc_api.obj
 0001:0002ce70       sfc_api_get_current_machine_id 000000018002de70 f   sfc_debug:sfc_api.obj
 0001:0002cea0       sfc_api_get_current_machine_number 000000018002dea0 f   sfc_debug:sfc_api.obj
 0001:0002ced0       sfc_api_get_current_chart_number 000000018002ded0 f   sfc_debug:sfc_api.obj
 0001:0002cf00       sfc_api_get_current_instance_number 000000018002df00 f   sfc_debug:sfc_api.obj
 0001:0002cf30       sfc_api_get_current_instance_handle 000000018002df30 f   sfc_debug:sfc_api.obj
 0001:0002cf50       sfc_api_get_current_is_minor_time_step 000000018002df50 f   sfc_debug:sfc_api.obj
 0001:0002cf80       sfc_api_get_current_machine_name 000000018002df80 f   sfc_debug:sfc_api.obj
 0001:0002cfa0       sfc_api_get_current_chart_id 000000018002dfa0 f   sfc_debug:sfc_api.obj
 0001:0002cfd0       sfc_api_get_current_object_type 000000018002dfd0 f   sfc_debug:sfc_api.obj
 0001:0002d000       sfc_api_get_current_event_type 000000018002e000 f   sfc_debug:sfc_api.obj
 0001:0002d030       sfc_api_get_current_object_id 000000018002e030 f   sfc_debug:sfc_api.obj
 0001:0002d060       sfc_get_current_active_event_type 000000018002e060 f   sfc_debug:sfc_api.obj
 0001:0002d090       sfc_api_get_current_active_event_id 000000018002e090 f   sfc_debug:sfc_api.obj
 0001:0002d0c0       sfc_api_get_current_simulation_time 000000018002e0c0 f   sfc_debug:sfc_api.obj
 0001:0002d0e0       sfc_get_current_tag_type   000000018002e0e0 f   sfc_debug:sfc_api.obj
 0001:0002d110       sfc_get_current_coverage_percentage 000000018002e110 f   sfc_debug:sfc_api.obj
 0001:0002d130       sfc_get_current_statement_context 000000018002e130 f   sfc_debug:sfc_api.obj
 0001:0002d150       sfc_get_current_optional_integer 000000018002e150 f   sfc_debug:sfc_api.obj
 0001:0002d180       sfc_get_current_statement_info 000000018002e180 f   sfc_debug:sfc_api.obj
 0001:0002d220       sfc_api_get                000000018002e220 f   sfc_debug:sfc_api.obj
 0001:0002de80       sf_debug_sm_fill_state_activity_data 000000018002ee80 f   sfc_debug:sfdb_animation.obj
 0001:000306c0       void_ptr_stack_vector_free_total 00000001800316c0 f   sfc_debug:sfdb_data_browse.obj
 0001:00030740       sf_debug_st_terminate_machine 0000000180031740 f   sfc_debug:sfdb_data_browse.obj
 0001:00030780       sf_debug_st_terminate_instance 0000000180031780 f   sfc_debug:sfdb_data_browse.obj
 0001:00030b30       push_on_to_void_ptr_stack  0000000180031b30 f   sfc_debug:sfdb_data_browse.obj
 0001:00030cc0       pop_from_void_ptr_stack    0000000180031cc0 f   sfc_debug:sfdb_data_browse.obj
 0001:00030df0       sf_debug_st_get_data_value 0000000180031df0 f   sfc_debug:sfdb_data_browse.obj
 0001:00031320       mx_value                   0000000180032320 f   sfc_debug:sfdb_data_browse.obj
 0001:00031360       sf_debug_st_fill_data_struct 0000000180032360 f   sfc_debug:sfdb_data_browse.obj
 0001:000316a0       data_type_format_strings   00000001800326a0 f   sfc_debug:sfdb_data_browse.obj
 0001:00031750       sf_debug_st_fill_data      0000000180032750 f   sfc_debug:sfdb_data_browse.obj
 0001:00032440       sf_debug_hm_get_simulink_handle 0000000180033440 f   sfc_debug:sfdb_handle_management.obj
 0001:00032ef0       sf_debug_hm_initialize_globals 0000000180033ef0 f   sfc_debug:sfdb_handle_management.obj
 0001:00032ff0       sf_debug_hm_get_machine_debug_flag 0000000180033ff0 f   sfc_debug:sfdb_handle_management.obj
 0001:00033160       sf_debug_hm_get_machine_id 0000000180034160 f   sfc_debug:sfdb_handle_management.obj
 0001:00033280       sf_debug_hm_get_chart_id   0000000180034280 f   sfc_debug:sfdb_handle_management.obj
 0001:00033420       sf_debug_hm_register_executing_SFunction 0000000180034420 f   sfc_debug:sfdb_handle_management.obj
 0001:000337b0       sf_debug_hm_form_object_boolean_properties 00000001800347b0 f   sfc_debug:sfdb_handle_management.obj
 0001:00033a80       sf_debug_hm_form_object_properties 0000000180034a80 f   sfc_debug:sfdb_handle_management.obj
 0001:00033cc0       sf_debug_hm_terminate_charts 0000000180034cc0 f   sfc_debug:sfdb_handle_management.obj
 0001:000343a0       sf_debug_hm_terminate_machines 00000001800353a0 f   sfc_debug:sfdb_handle_management.obj
 0001:00035e10       sf_debug_ss_copy_dimension 0000000180036e10 f   sfc_debug:sfdb_symbol_scope.obj
 0001:00035ed0       sf_debug_ss_get_number_elements 0000000180036ed0 f   sfc_debug:sfdb_symbol_scope.obj
 0001:00035ef0       sf_debug_ss_fill_data_struct 0000000180036ef0 f   sfc_debug:sfdb_symbol_scope.obj
 0001:00036240       sf_debug_ss_reset_data_info 0000000180037240 f   sfc_debug:sfdb_symbol_scope.obj
 0001:000362a0       sf_debug_fill_data_info_by_symbol_scope_entry 00000001800372a0 f   sfc_debug:sfdb_symbol_scope.obj
 0001:00036360       sf_debug_fill_data_info_by_data_vector 0000000180037360 f   sfc_debug:sfdb_symbol_scope.obj
 0001:000365b0       get_data_info_helper       00000001800375b0 f   sfc_debug:sfdb_symbol_scope.obj
 0001:000368a0       sf_debug_ss_get_data_info  00000001800378a0 f   sfc_debug:sfdb_symbol_scope.obj
 0001:00036ac0       sf_debug_select_mex_function 0000000180037ac0 f   sfc_debug:sfdb_symbol_scope.obj
 0001:00036af0       sf_debug_is_dyn_matrix_initialized 0000000180037af0 f   sfc_debug:sfdb_symbol_scope.obj
 0001:00036b10       sf_debug_ss_set_data_value_try 0000000180037b10 f   sfc_debug:sfdb_symbol_scope.obj
 0001:00036d00       sf_debug_ss_get_data_value 0000000180037d00 f   sfc_debug:sfdb_symbol_scope.obj
 0001:00037460       sf_debug_ss_data_bytes_string 0000000180038460 f   sfc_debug:sfdb_symbol_scope.obj
 0001:000374f0       sf_debug_ss_data_class_string 00000001800384f0 f   sfc_debug:sfdb_symbol_scope.obj
 0001:00037870       sf_debug_ss_data_size_string 0000000180038870 f   sfc_debug:sfdb_symbol_scope.obj
 0001:00037950       sf_debug_ss_data_create_data_info_struct 0000000180038950 f   sfc_debug:sfdb_symbol_scope.obj
 0001:00037c00       sf_debug_ss_data_create_name_value_pair 0000000180038c00 f   sfc_debug:sfdb_symbol_scope.obj
 0001:00037ca0       sf_debug_ss_data_get_whos_info 0000000180038ca0 f   sfc_debug:sfdb_symbol_scope.obj
 0001:00037cb0       same_named_data_in_data_array 0000000180038cb0 f   sfc_debug:sfdb_symbol_scope.obj
 0001:00039440       sf_debug_cc_terminate_chart 000000018003a440 f   sfc_debug:sfdb_coverage.obj
 0001:00039750       sf_debug_cc_terminate_instance 000000018003a750 f   sfc_debug:sfdb_coverage.obj
 0001:0003a320       sf_debug_cc_mark_object_if_needed 000000018003b320 f   sfc_debug:sfdb_coverage.obj
 0001:0003aba0       sf_debug_bm_initialize_eml 000000018003bba0 f   sfc_debug:sfdb_breakpoints.obj
 0001:0003bc60       sf_debug_bm_map_debug_tag_to_breakpoint_tag 000000018003cc60 f   sfc_debug:sfdb_breakpoints.obj
 0001:0003bd40       sf_debug_bm_is_a_eml_breakpoint_impl 000000018003cd40 f   sfc_debug:sfdb_breakpoints.obj
 0001:0003d670       sf_debug_sc_push_on_error_stack 000000018003e670 f   sfc_debug:sfdb_state_consistency.obj
 0001:0003d790       sf_debug_sc_reset_error_stack 000000018003e790 f   sfc_debug:sfdb_state_consistency.obj
 0001:0003d920       sf_debug_sc_is_state_inconsistent 000000018003e920 f   sfc_debug:sfdb_state_consistency.obj
 0001:0003dc10       sf_debug_sc_fill_consistency_info 000000018003ec10 f   sfc_debug:sfdb_state_consistency.obj
 0001:0003e1b0       void_assertion_fcn         000000018003f1b0 f   sfc_debug:sfdb_call_stack.obj
 0001:0003e700       sf_debug_tm_fill_local_trace 000000018003f700 f   sfc_debug:sfdb_call_stack.obj
 0001:0003eca0       sf_debug_cd_terminate_instance 000000018003fca0 f   sfc_debug:sfdb_cycle_detection.obj
 0001:0003ed00       sf_debug_cd_free_checksum_stack 000000018003fd00 f   sfc_debug:sfdb_cycle_detection.obj
 0001:0003ed50       sf_debug_cd_reset_pack_strings 000000018003fd50 f   sfc_debug:sfdb_cycle_detection.obj
 0001:0003f3f0       md5file_clear              00000001800403f0 f   sfc_debug:ckmd5.obj
 0001:0003f420       Encode                     0000000180040420 f   sfc_debug:ckmd5.obj
 0001:0003f470       Decode                     0000000180040470 f   sfc_debug:ckmd5.obj
 0001:0003f510       MD5Transform               0000000180040510 f   sfc_debug:ckmd5.obj
 0001:0003fd70       md5file_addn               0000000180040d70 f   sfc_debug:ckmd5.obj
 0001:0003fe40       md5file_hash               0000000180040e40 f   sfc_debug:ckmd5.obj
 0001:000403a0       pre_c_init                 00000001800413a0 f   MSVCRT:crtdll.obj
 0001:0004065c       __DllMainCRTStartup        000000018004165c f   MSVCRT:crtdll.obj
 0001:00040cf0       __DllMainCRTStartup$filt$0 0000000180041cf0 f   MSVCRT:crtdll.obj
 0001:00040d20       __DllMainCRTStartup$fin$1  0000000180041d20 f   MSVCRT:crtdll.obj
 0001:00040d3a       _onexit$fin$0              0000000180041d3a f   MSVCRT:atonexit.obj
 0001:00040d60       _IsNonwritableInCurrentImage$filt$0 0000000180041d60 f   MSVCRT:pesect.obj
