 untitled_sfun

 Timestamp is 5526986d (Thu Apr 09 17:19:09 2015)

 Preferred load address is 0000000180000000

 Start         Length     Name                   Class
 0001:00000000 00034e04H .text                   CODE
 0001:00034e10 00000092H .text$x                 CODE
 0002:00000000 00000488H .idata$5                DATA
 0002:00000488 00000008H .CRT$XCA                DATA
 0002:00000490 00000008H .CRT$XCZ                DATA
 0002:00000498 00000008H .CRT$XIA                DATA
 0002:000004a0 00000008H .CRT$XIAA               DATA
 0002:000004a8 00000008H .CRT$XIZ                DATA
 0002:000004b0 00004b0cH .rdata                  DATA
 0002:00004fc0 00000008H .rtc$IAA                DATA
 0002:00004fc8 00000008H .rtc$IZZ                DATA
 0002:00004fd0 00000008H .rtc$TAA                DATA
 0002:00004fd8 00000008H .rtc$TZZ                DATA
 0002:00004fe0 0000415cH .xdata                  DATA
 0002:0000913c 0000008cH .idata$2                DATA
 0002:000091c8 00000014H .idata$3                DATA
 0002:000091e0 00000488H .idata$4                DATA
 0002:00009668 00000a9eH .idata$6                DATA
 0002:0000a110 00000053H .edata                  DATA
 0003:00000000 000014d8H .data                   DATA
 0003:000014e0 00002418H .bss                    DATA
 0004:00000000 00003108H .pdata                  DATA

  Address         Publics by Value              Rva+Base               Lib:Object

 0000:00000000       ___safe_se_handler_table   0000000000000000     <absolute>
 0000:00000000       ___safe_se_handler_count   0000000000000000     <absolute>
 0000:00000000       __ImageBase                0000000180000000     <linker-defined>
 0001:00000000       sf_c2_untitled_get_eml_resolved_functions_info 0000000180001000 f   c2_untitled.obj
 0001:00000080       sf_c2_untitled_get_check_sum 0000000180001080 f   c2_untitled.obj
 0001:00000100       sf_c2_untitled_get_autoinheritance_info 0000000180001100 f   c2_untitled.obj
 0001:00000670       sf_c2_untitled_third_party_uses_info 0000000180001670 f   c2_untitled.obj
 0001:000006a0       sf_internal_get_sim_state_c2_untitled 00000001800016a0 f   c2_untitled.obj
 0001:000009f0       sf_internal_set_sim_state_c2_untitled 00000001800019f0 f   c2_untitled.obj
 0001:00000df0       c2_untitled_method_dispatcher 0000000180001df0 f   c2_untitled.obj
 0001:00002ca0       sf_process_check_sum_call  0000000180003ca0 f   untitled_sfun_registry.obj
 0001:00002cf0       sf_process_autoinheritance_call 0000000180003cf0 f   untitled_sfun_registry.obj
 0001:00002e90       sf_process_get_third_party_uses_info_call 0000000180003e90 f   untitled_sfun_registry.obj
 0001:00003030       sf_process_get_eml_resolved_functions_info_call 0000000180004030 f   untitled_sfun_registry.obj
 0001:000031b0       sf_mex_unlock_call         00000001800041b0 f   untitled_sfun_registry.obj
 0001:00003260       sf_machine_global_initializer_called 0000000180004260 f   untitled_sfun_registry.obj
 0001:00003290       sf_machine_global_method_dispatcher 0000000180004290 f   untitled_sfun_registry.obj
 0001:000032f0       sf_machine_global_terminator 00000001800042f0 f   untitled_sfun_registry.obj
 0001:00003340       sf_register_machine_exported_symbols 0000000180004340 f   untitled_sfun_registry.obj
 0001:00003360       callCustomFcn              0000000180004360 f   untitled_sfun_registry.obj
 0001:00003370       sf_machine_global_initializer 0000000180004370 f   untitled_sfun_registry.obj
 0001:000033f0       _ssSetStateAbsTol          00000001800043f0 f   untitled_sfun_registry.obj
 0001:000034d0       _ssGetAbsTol               00000001800044d0 f   untitled_sfun_registry.obj
 0001:00003540       _ssSetInputPortMatrixDimensions 0000000180004540 f   untitled_sfun_registry.obj
 0001:00003650       _ssSetOutputPortMatrixDimensions 0000000180004650 f   untitled_sfun_registry.obj
 0001:00003760       _ssSetInputPortVectorDimension 0000000180004760 f   untitled_sfun_registry.obj
 0001:00003830       _ssSetOutputPortVectorDimension 0000000180004830 f   untitled_sfun_registry.obj
 0001:00003900       ssIsRunTimeParamTunable    0000000180004900 f   untitled_sfun_registry.obj
 0001:00003970       ssGetSFuncBlockHandle      0000000180004970 f   untitled_sfun_registry.obj
 0001:000039e0       _ssGetCurrentInputPortWidth 00000001800049e0 f   untitled_sfun_registry.obj
 0001:00003b00       _ssGetCurrentOutputPortWidth 0000000180004b00 f   untitled_sfun_registry.obj
 0001:00003c20       _ssGetCallSystemNumFcnCallDestinations 0000000180004c20 f   untitled_sfun_registry.obj
 0001:00003c90       ssWarning                  0000000180004c90 f   untitled_sfun_registry.obj
 0001:00003da0       ssGetIsZeroCrossControlDisabled 0000000180004da0 f   untitled_sfun_registry.obj
 0001:00003e10       ssSetIsInputPortUsedForContZcSignal 0000000180004e10 f   untitled_sfun_registry.obj
 0001:00003e80       ssSetZcSignalIsZcElementDisc 0000000180004e80 f   untitled_sfun_registry.obj
 0001:00003f30       ssSetZcSignalName          0000000180004f30 f   untitled_sfun_registry.obj
 0001:00003fa0       ssSetZcSignalWidth         0000000180004fa0 f   untitled_sfun_registry.obj
 0001:00004010       ssSetZcSignalZcEventType   0000000180005010 f   untitled_sfun_registry.obj
 0001:00004080       ssSetZcSignalType          0000000180005080 f   untitled_sfun_registry.obj
 0001:000040f0       ssSetZcSignalZcTol         00000001800050f0 f   untitled_sfun_registry.obj
 0001:00004160       ssSetZcSignalNeedsEventNotification 0000000180005160 f   untitled_sfun_registry.obj
 0001:000041d0       ssCreateAndAddZcSignalInfo 00000001800051d0 f   untitled_sfun_registry.obj
 0001:00004240       ssCloneAndAddZcSignalInfo  0000000180005240 f   untitled_sfun_registry.obj
 0001:000042b0       ssGetNumZcSignals          00000001800052b0 f   untitled_sfun_registry.obj
 0001:00004320       ssGetZcSignalVector        0000000180005320 f   untitled_sfun_registry.obj
 0001:00004390       ssGetZcSignalZcEvents      0000000180005390 f   untitled_sfun_registry.obj
 0001:00004400       ssGetZcSignalName          0000000180005400 f   untitled_sfun_registry.obj
 0001:00004470       ssGetZcSignalWidth         0000000180005470 f   untitled_sfun_registry.obj
 0001:000044e0       ssGetZcSignalZcEventType   00000001800054e0 f   untitled_sfun_registry.obj
 0001:00004550       ssGetZcSignalType          0000000180005550 f   untitled_sfun_registry.obj
 0001:000045c0       ssGetZcSignalZcTol         00000001800055c0 f   untitled_sfun_registry.obj
 0001:00004640       ssGetZcSignalNeedsEventNotification 0000000180005640 f   untitled_sfun_registry.obj
 0001:000046b0       ssGetZcSignalIsZcElementDisc 00000001800056b0 f   untitled_sfun_registry.obj
 0001:00004750       ssGetIsInputPortElementContinuous 0000000180005750 f   untitled_sfun_registry.obj
 0001:000047f0       _ssGetInputPortSignalPtrsFcn 00000001800057f0 f   untitled_sfun_registry.obj
 0001:00004ab0       _ssGetInputPortSignalFcn   0000000180005ab0 f   untitled_sfun_registry.obj
 0001:00004cd0       _ssSetInputPortDirectFeedThroughFcn 0000000180005cd0 f   untitled_sfun_registry.obj
 0001:00004e30       _ssSetInputPortReusableFcn 0000000180005e30 f   untitled_sfun_registry.obj
 0001:00004f20       _ssSetOutputPortReusableFcn 0000000180005f20 f   untitled_sfun_registry.obj
 0001:00005000       ssGetDTypeIdFromMxArray    0000000180006000 f   untitled_sfun_registry.obj
 0001:00005120       ssWriteRTWStr              0000000180006120 f   untitled_sfun_registry.obj
 0001:00005180       ssWriteRTWMxVectParam      0000000180006180 f   untitled_sfun_registry.obj
 0001:000051e0       ssWriteRTWMx2dMatParam     00000001800061e0 f   untitled_sfun_registry.obj
 0001:00005260       ssWriteRTWNameValuePair    0000000180006260 f   untitled_sfun_registry.obj
 0001:00005750       ssWriteRTWParameters       0000000180006750 f   untitled_sfun_registry.obj
 0001:00005d50       ssWriteRTWParamSettings    0000000180006d50 f   untitled_sfun_registry.obj
 0001:00006420       ssWriteRTWWorkVect         0000000180007420 f   untitled_sfun_registry.obj
 0001:00006920       mexFunction                0000000180007920 f   untitled_sfun_registry.obj
 0001:00008650       ProcessMexSfunctionEveryCall 0000000180009650 f   untitled_sfun_registry.obj
 0001:000087c0       untitled_initializer       00000001800097c0 f   untitled_sfun.obj
 0001:000087d0       untitled_terminator        00000001800097d0 f   untitled_sfun.obj
 0001:000087e0       sf_untitled_method_dispatcher 00000001800097e0 f   untitled_sfun.obj
 0001:00008830       sf_untitled_process_check_sum_call 0000000180009830 f   untitled_sfun.obj
 0001:00008c40       sf_untitled_autoinheritance_info 0000000180009c40 f   untitled_sfun.obj
 0001:00008db0       sf_untitled_get_eml_resolved_functions_info 0000000180009db0 f   untitled_sfun.obj
 0001:00008ee0       sf_untitled_third_party_uses_info 0000000180009ee0 f   untitled_sfun.obj
 0001:00009030       untitled_debug_initialize  000000018000a030 f   untitled_sfun.obj
 0001:000090b0       untitled_register_exported_symbols 000000018000a0b0 f   untitled_sfun.obj
 0001:000090c0       load_untitled_optimization_info 000000018000a0c0 f   untitled_sfun.obj
 0001:00009110       unload_untitled_optimization_info 000000018000a110 f   untitled_sfun.obj
 0001:00009230       sf_mex_mx_is_numeric       000000018000a230 f   sfc_mex:sfc_mex.obj
 0001:00009270       strcmp_ignore_ws           000000018000a270 f   sfc_mex:sfc_mex.obj
 0001:000093b0       sf_mex_duplicatearraysafe  000000018000a3b0 f   sfc_mex:sfc_mex.obj
 0001:00009510       sf_set_error_debugger_context_message_fcn 000000018000a510 f   sfc_mex:sfc_mex.obj
 0001:00009520       sf_set_debugger_matlab_error_fcn 000000018000a520 f   sfc_mex:sfc_mex.obj
 0001:00009560       sf_set_error_prefix_string 000000018000a560 f   sfc_mex:sfc_mex.obj
 0001:00009590       sf_get_error_prefix_string 000000018000a590 f   sfc_mex:sfc_mex.obj
 0001:000095a0       sf_mex_enter_parallel_region 000000018000a5a0 f   sfc_mex:sfc_mex.obj
 0001:000095b0       sf_mex_exit_parallel_region 000000018000a5b0 f   sfc_mex:sfc_mex.obj
 0001:000095c0       sf_get_current_jmp_buf_ptr 000000018000a5c0 f   sfc_mex:sfc_mex.obj
 0001:000095d0       sf_set_current_jmp_buf_ptr 000000018000a5d0 f   sfc_mex:sfc_mex.obj
 0001:000095e0       sf_mex_set_halt_simulation 000000018000a5e0 f   sfc_mex:sfc_mex.obj
 0001:000095f0       sf_mex_get_halt_simulation 000000018000a5f0 f   sfc_mex:sfc_mex.obj
 0001:00009600       sf_mex_clear_error_message 000000018000a600 f   sfc_mex:sfc_mex.obj
 0001:00009620       sf_mex_get_error_message_for_read 000000018000a620 f   sfc_mex:sfc_mex.obj
 0001:00009630       sf_mex_get_error_message_buffer_length 000000018000a630 f   sfc_mex:sfc_mex.obj
 0001:00009710       sf_mex_warning_message     000000018000a710 f   sfc_mex:sfc_mex.obj
 0001:00009780       sf_mex_v_errbuf_createf    000000018000a780 f   sfc_mex:sfc_mex.obj
 0001:00009790       sf_mex_errbuf_createf      000000018000a790 f   sfc_mex:sfc_mex.obj
 0001:000097c0       sf_mex_v_errbuf_catf       000000018000a7c0 f   sfc_mex:sfc_mex.obj
 0001:00009800       sf_mex_errbuf_catf         000000018000a800 f   sfc_mex:sfc_mex.obj
 0001:00009850       sf_mex_errbuf_copy         000000018000a850 f   sfc_mex:sfc_mex.obj
 0001:00009860       sf_mex_errbuf_clear        000000018000a860 f   sfc_mex:sfc_mex.obj
 0001:00009870       sf_mex_errbuf_isempty      000000018000a870 f   sfc_mex:sfc_mex.obj
 0001:00009970       sf_mex_set_error_status    000000018000a970 f   sfc_mex:sfc_mex.obj
 0001:000099c0       sf_mex_error_direct_call   000000018000a9c0 f   sfc_mex:sfc_mex.obj
 0001:000099e0       sf_mex_error_message_no_long_jump 000000018000a9e0 f   sfc_mex:sfc_mex.obj
 0001:00009a00       sf_mex_long_jump_on_error  000000018000aa00 f   sfc_mex:sfc_mex.obj
 0001:00009a30       sf_mex_call_matlab         000000018000aa30 f   sfc_mex:sfc_mex.obj
 0001:00009b50       sf_mex_check_builtin       000000018000ab50 f   sfc_mex:sfc_mex.obj
 0001:00009bf0       sf_mex_check_builtin_vs    000000018000abf0 f   sfc_mex:sfc_mex.obj
 0001:00009cb0       sf_mex_check_enum          000000018000acb0 f   sfc_mex:sfc_mex.obj
 0001:00009d30       sf_mex_create_enum         000000018000ad30 f   sfc_mex:sfc_mex.obj
 0001:00009da0       sf_mex_get_enum_element    000000018000ada0 f   sfc_mex:sfc_mex.obj
 0001:00009db0       sf_mex_createcellarray     000000018000adb0 f   sfc_mex:sfc_mex.obj
 0001:00009dc0       sf_mex_setcell             000000018000adc0 f   sfc_mex:sfc_mex.obj
 0001:00009dd0       sf_mex_getcell             000000018000add0 f   sfc_mex:sfc_mex.obj
 0001:00009de0       sf_mex_dup                 000000018000ade0 f   sfc_mex:sfc_mex.obj
 0001:00009e00       sf_mex_assign              000000018000ae00 f   sfc_mex:sfc_mex.obj
 0001:00009e80       sf_mex_destroy             000000018000ae80 f   sfc_mex:sfc_mex.obj
 0001:00009eb0       mx_array_has_fi_type       000000018000aeb0 f   sfc_mex:sfc_mex.obj
 0001:00009ee0       sf_mex_convert_from_fi     000000018000aee0 f   sfc_mex:sfc_mex.obj
 0001:0000a010       sf_mex_convert_to_double   000000018000b010 f   sfc_mex:sfc_mex.obj
 0001:0000a130       sf_mex_import_fi_vs        000000018000b130 f   sfc_mex:sfc_mex.obj
 0001:0000a360       sf_matrix_matrix_index_ok  000000018000b360 f   sfc_mex:sfc_mex.obj
 0001:0000a3f0       sf_vector_vector_index_ok  000000018000b3f0 f   sfc_mex:sfc_mex.obj
 0001:0000a420       ssGetCurrentInputPortDimensions_wrapper 000000018000b420 f   sfc_mex:sfc_mex.obj
 0001:0000a440       ssGetCurrentOutputPortDimensions_wrapper 000000018000b440 f   sfc_mex:sfc_mex.obj
 0001:0000a460       sf_mex_emlrt_context_is_debug_mode 000000018000b460 f   sfc_mex:sfc_mex.obj
 0001:0000a470       sf_mex_emlrt_context_set_debug_mode 000000018000b470 f   sfc_mex:sfc_mex.obj
 0001:0000a480       sf_mex_emlrtNameCapturePostProcessR2012a 000000018000b480 f   sfc_mex:sfc_mex.obj
 0001:0000a4f0       sf_clear_error_manager_info 000000018000b4f0 f   sfc_mex:sfc_mex.obj
 0001:0000a550       sf_mex_stop_simulation_abruptly_wo_error 000000018000b550 f   sfc_mex:sfc_mex.obj
 0001:0000a590       sf_mex_error_message       000000018000b590 f   sfc_mex:sfc_mex.obj
 0001:0000a600       sf_react_to_error_in_matlab_call 000000018000b600 f   sfc_mex:sfc_mex.obj
 0001:0000a630       sf_mex_addfield            000000018000b630 f   sfc_mex:sfc_mex.obj
 0001:0000a6d0       sf_mex_getfield            000000018000b6d0 f   sfc_mex:sfc_mex.obj
 0001:0000a9d0       sf_mex_check_class         000000018000b9d0 f   sfc_mex:sfc_mex.obj
 0001:0000aa70       sf_mex_is_real             000000018000ba70 f   sfc_mex:sfc_mex.obj
 0001:0000aee0       sf_mex_decode_encoded_mx_struct_array 000000018000bee0 f   sfc_mex:sfc_mex.obj
 0001:0000b1d0       sf_mex_lw_bounds_check     000000018000c1d0 f   sfc_mex:sfc_mex.obj
 0001:0000b200       sf_mex_lw_size_eq_check_1d 000000018000c200 f   sfc_mex:sfc_mex.obj
 0001:0000b220       sf_mex_lw_size_eq_check_nd 000000018000c220 f   sfc_mex:sfc_mex.obj
 0001:0000b400       sf_mex_lw_dim_size_eq_check 000000018000c400 f   sfc_mex:sfc_mex.obj
 0001:0000b430       sf_mex_lw_dim_size_geq_check 000000018000c430 f   sfc_mex:sfc_mex.obj
 0001:0000b460       sf_mex_lw_sub_assign_size_check_nd 000000018000c460 f   sfc_mex:sfc_mex.obj
 0001:0000b630       sf_mex_lw_runtime_error_msgid 000000018000c630 f   sfc_mex:sfc_mex.obj
 0001:0000b720       sf_mex_lw_matrix_matrix_index_check 000000018000c720 f   sfc_mex:sfc_mex.obj
 0001:0000b740       sf_mex_lw_vector_vector_index_check 000000018000c740 f   sfc_mex:sfc_mex.obj
 0001:0000b780       sf_mex_lw_for_loop_vector_check 000000018000c780 f   sfc_mex:sfc_mex.obj
 0001:0000b810       sf_mex_lw_non_negative_check 000000018000c810 f   sfc_mex:sfc_mex.obj
 0001:0000b850       sf_mex_overflow_error      000000018000c850 f   sfc_mex:sfc_mex.obj
 0001:0000b860       sf_mex_dividebyzero_error  000000018000c860 f   sfc_mex:sfc_mex.obj
 0001:0000b870       sf_mex_unsafe_enum_error   000000018000c870 f   sfc_mex:sfc_mex.obj
 0001:0000b880       sf_emlrtErrHandler         000000018000c880 f   sfc_mex:sfc_mex.obj
 0001:0000b960       sf_mex_size_one_check      000000018000c960 f   sfc_mex:sfc_mex.obj
 0001:0000b980       sf_mex_printf              000000018000c980 f   sfc_mex:sfc_mex.obj
 0001:0000bb50       sf_mex_check_size          000000018000cb50 f   sfc_mex:sfc_mex.obj
 0001:0000bdf0       sf_mex_check_struct        000000018000cdf0 f   sfc_mex:sfc_mex.obj
 0001:0000c050       sf_mex_check_struct_vs     000000018000d050 f   sfc_mex:sfc_mex.obj
 0001:0000c0e0       sf_mex_check_fi            000000018000d0e0 f   sfc_mex:sfc_mex.obj
 0001:0000c1e0       sf_mex_check_fi_vs         000000018000d1e0 f   sfc_mex:sfc_mex.obj
 0001:0000c280       sf_echo_expression         000000018000d280 f   sfc_mex:sfc_mex.obj
 0001:0000c2e0       sf_assertion_failed        000000018000d2e0 f   sfc_mex:sfc_mex.obj
 0001:0000c5c0       sf_mex_evalin              000000018000d5c0 f   sfc_mex:sfc_mex.obj
 0001:0000c830       sf_mex_export              000000018000d830 f   sfc_mex:sfc_mex.obj
 0001:0000c8f0       sf_mex_get_ml_var_no_error 000000018000d8f0 f   sfc_mex:sfc_mex.obj
 0001:0000ca90       sf_mex_get_ml_var          000000018000da90 f   sfc_mex:sfc_mex.obj
 0001:0000cf20       ml_set_element_value_in_array 000000018000df20 f   sfc_mex:sfc_mex.obj
 0001:0000dfe0       sf_mex_call_impl           000000018000efe0 f   sfc_mex:sfc_mex.obj
 0001:0000e400       sf_mex_call_debug          000000018000f400 f   sfc_mex:sfc_mex.obj
 0001:0000e430       sf_mex_call                000000018000f430 f   sfc_mex:sfc_mex.obj
 0001:0000ea80       sf_mex_createstruct        000000018000fa80 f   sfc_mex:sfc_mex.obj
 0001:0000eb90       sf_mex_createstructarray   000000018000fb90 f   sfc_mex:sfc_mex.obj
 0001:0000ec10       sf_mex_get_mx_datatype_from_sf_datatype 000000018000fc10 f   sfc_mex:sfc_mex.obj
 0001:0000ef20       sf_mex_ml_var_sub          000000018000ff20 f   sfc_mex:sfc_mex.obj
 0001:0000f100       sf_mex_ml_var_subsasgn     0000000180010100 f   sfc_mex:sfc_mex.obj
 0001:0000f500       sf_mex_sub                 0000000180010500 f   sfc_mex:sfc_mex.obj
 0001:0000f710       sf_mex_subsasgn            0000000180010710 f   sfc_mex:sfc_mex.obj
 0001:0000fc20       sf_mex_create              0000000180010c20 f   sfc_mex:sfc_mex.obj
 0001:000105c0       sf_mex_import_named        00000001800115c0 f   sfc_mex:sfc_mex.obj
 0001:00010620       sf_mex_import              0000000180011620 f   sfc_mex:sfc_mex.obj
 0001:00010670       sf_mex_import_vs           0000000180011670 f   sfc_mex:sfc_mex.obj
 0001:00010780       sf_mex_lower_fixpt_mx_array 0000000180011780 f   sfc_mex:sfc_mex.obj
 0001:00010a80       sf_send_message_wrapper    0000000180011a80 f   sfc_mex:sfc_sf.obj
 0001:00010ab0       sf_receive_message_wrapper 0000000180011ab0 f   sfc_mex:sfc_sf.obj
 0001:00010af0       sf_check_out_message_wrapper 0000000180011af0 f   sfc_mex:sfc_sf.obj
 0001:00010b30       sf_check_in_message_wrapper 0000000180011b30 f   sfc_mex:sfc_sf.obj
 0001:00010b70       sf_no_message_wrapper      0000000180011b70 f   sfc_mex:sfc_sf.obj
 0001:00010f00       sim_mode_is_rtw_gen        0000000180011f00 f   sfc_mex:sfc_sf.obj
 0001:00010f30       sim_mode_is_external       0000000180011f30 f   sfc_mex:sfc_sf.obj
 0001:00010f40       sim_mode_is_modelref_sim   0000000180011f40 f   sfc_mex:sfc_sf.obj
 0001:00010f60       mdlInitializeSizes         0000000180011f60 f   sfc_mex:sfc_sf.obj
 0001:00010f80       mdlInitializeSampleTimes   0000000180011f80 f   sfc_mex:sfc_sf.obj
 0001:00010fc0       mdlZeroCrossings           0000000180011fc0 f   sfc_mex:sfc_sf.obj
 0001:000110b0       mdlDerivatives             00000001800120b0 f   sfc_mex:sfc_sf.obj
 0001:00011170       mdl_initialize_conditions_processing 0000000180012170 f   sfc_mex:sfc_sf.obj
 0001:000111a0       mdlInitializeConditions    00000001800121a0 f   sfc_mex:sfc_sf.obj
 0001:00011260       mdlGetSimState             0000000180012260 f   sfc_mex:sfc_sf.obj
 0001:00011270       mdlSetSimState             0000000180012270 f   sfc_mex:sfc_sf.obj
 0001:00011280       mdl_ext_mode_exec_processing 0000000180012280 f   sfc_mex:sfc_sf.obj
 0001:000112a0       mdlExtModeExec             00000001800122a0 f   sfc_mex:sfc_sf.obj
 0001:00011440       mdlTerminate               0000000180012440 f   sfc_mex:sfc_sf.obj
 0001:000114b0       mdlRTW                     00000001800124b0 f   sfc_mex:sfc_sf.obj
 0001:000114e0       mdlSetWorkWidths           00000001800124e0 f   sfc_mex:sfc_sf.obj
 0001:000114f0       mdlProcessParameters       00000001800124f0 f   sfc_mex:sfc_sf.obj
 0001:00011500       mdl_start_processing       0000000180012500 f   sfc_mex:sfc_sf.obj
 0001:00011560       mdlStart                   0000000180012560 f   sfc_mex:sfc_sf.obj
 0001:00011670       mdlEnable                  0000000180012670 f   sfc_mex:sfc_sf.obj
 0001:00011750       mdlDisable                 0000000180012750 f   sfc_mex:sfc_sf.obj
 0001:00011810       sf_get_chart_instance_ptr  0000000180012810 f   sfc_mex:sfc_sf.obj
 0001:00011830       sf_load_rtw_optimization_info 0000000180012830 f   sfc_mex:sfc_sf.obj
 0001:00011900       sf_update_buildInfo        0000000180012900 f   sfc_mex:sfc_sf.obj
 0001:00011a00       sf_rtw_info_uint_prop      0000000180012a00 f   sfc_mex:sfc_sf.obj
 0001:00011b40       sf_is_chart_inlinable      0000000180012b40 f   sfc_mex:sfc_sf.obj
 0001:00011b60       sf_mark_output_events_with_multiple_callers 0000000180012b60 f   sfc_mex:sfc_sf.obj
 0001:00011cf0       sf_mark_chart_reusable_outputs 0000000180012cf0 f   sfc_mex:sfc_sf.obj
 0001:00011f50       sf_mark_chart_expressionable_inputs 0000000180012f50 f   sfc_mex:sfc_sf.obj
 0001:000121b0       sf_get_subchart_simstruct  00000001800131b0 f   sfc_mex:sfc_sf.obj
 0001:00012200       sf_get_fixpt_data_type_id  0000000180013200 f   sfc_mex:sfc_sf.obj
 0001:00012240       sf_get_enum_data_type_id   0000000180013240 f   sfc_mex:sfc_sf.obj
 0001:00012280       sf_get_param_data_type_id  0000000180013280 f   sfc_mex:sfc_sf.obj
 0001:000122b0       sf_mex_listen_for_ctrl_c_force 00000001800132b0 f   sfc_mex:sfc_sf.obj
 0001:000123c0       sf_mex_draw_now            00000001800133c0 f   sfc_mex:sfc_sf.obj
 0001:00012400       sf_mex_set_debugger_sim_status_listener_fcn 0000000180013400 f   sfc_mex:sfc_sf.obj
 0001:00012410       sf_mex_listen_for_ctrl_c   0000000180013410 f   sfc_mex:sfc_sf.obj
 0001:000124b0       sf_mex_get_sfun_param      00000001800134b0 f   sfc_mex:sfc_sf.obj
 0001:00012500       sf_get_runtime_param_data  0000000180013500 f   sfc_mex:sfc_sf.obj
 0001:00012540       sf_call_output_fcn_call    0000000180013540 f   sfc_mex:sfc_sf.obj
 0001:00012680       sf_call_output_fcn_enable  0000000180013680 f   sfc_mex:sfc_sf.obj
 0001:00012710       sf_call_output_fcn_disable 0000000180013710 f   sfc_mex:sfc_sf.obj
 0001:000127a0       sf_clear_rtw_identifier    00000001800137a0 f   sfc_mex:sfc_sf.obj
 0001:00012fc0       sf_set_encoded_dwork_info  0000000180013fc0 f   sfc_mex:sfc_sf.obj
 0001:00013010       sf_get_dwork_info_from_mat_file 0000000180014010 f   sfc_mex:sfc_sf.obj
 0001:000131d0       sf_set_rtw_dwork_info      00000001800141d0 f   sfc_mex:sfc_sf.obj
 0001:00013340       mdlOutputs                 0000000180014340 f   sfc_mex:sfc_sf.obj
 0001:00013460       sf_debug_chart_instance_initialized_quick 0000000180014460 f   sfc_debug:sfcdebug.obj
 0001:000134e0       sf_debug_disp              00000001800144e0 f   sfc_debug:sfcdebug.obj
 0001:000137b0       sf_debug_data_runtime_size_mismatch_error_check 00000001800147b0 f   sfc_debug:sfcdebug.obj
 0001:00013860       sf_debug_try_loading_machine 0000000180014860 f   sfc_debug:sfcdebug.obj
 0001:00013960       sf_debug_reset_current_state_configuration 0000000180014960 f   sfc_debug:sfcdebug.obj
 0001:000139e0       sf_debug_store_current_state_configuration 00000001800149e0 f   sfc_debug:sfcdebug.obj
 0001:00013a60       sf_debug_restore_previous_state_configuration 0000000180014a60 f   sfc_debug:sfcdebug.obj
 0001:00013ae0       sf_debug_restore_previous_state_configuration2 0000000180014ae0 f   sfc_debug:sfcdebug.obj
 0001:00013b60       sf_debug_get_event_scope   0000000180014b60 f   sfc_debug:sfcdebug.obj
 0001:00013cd0       use_debugger_step_animation 0000000180014cd0 f   sfc_debug:sfcdebug.obj
 0001:00013cf0       sf_debug_get_script_id     0000000180014cf0 f   sfc_debug:sfcdebug.obj
 0001:00013d80       sf_debug_set_script_translation 0000000180014d80 f   sfc_debug:sfcdebug.obj
 0001:00013f00       sf_debug_extract_message_post_receive_info 0000000180014f00 f   sfc_debug:sfcdebug.obj
 0001:000140c0       sf_debug_get_current_machine_id 00000001800150c0 f   sfc_debug:sfcdebug.obj
 0001:000140e0       sf_debug_get_current_optional_integer 00000001800150e0 f   sfc_debug:sfcdebug.obj
 0001:000140f0       sf_debug_get_current_machine_number 00000001800150f0 f   sfc_debug:sfcdebug.obj
 0001:00014110       sf_debug_get_current_machine_name 0000000180015110 f   sfc_debug:sfcdebug.obj
 0001:00014130       sf_debug_get_current_chart_id 0000000180015130 f   sfc_debug:sfcdebug.obj
 0001:00014170       sf_debug_get_current_chart_number 0000000180015170 f   sfc_debug:sfcdebug.obj
 0001:00014180       sf_debug_get_current_instance_number 0000000180015180 f   sfc_debug:sfcdebug.obj
 0001:00014190       sf_debug_get_current_is_minor_time_step 0000000180015190 f   sfc_debug:sfcdebug.obj
 0001:00014210       sf_debug_get_current_object_type 0000000180015210 f   sfc_debug:sfcdebug.obj
 0001:00014220       sf_debug_get_current_instance_handle 0000000180015220 f   sfc_debug:sfcdebug.obj
 0001:00014280       sf_debug_get_current_event_type 0000000180015280 f   sfc_debug:sfcdebug.obj
 0001:00014290       sf_debug_get_current_object_id 0000000180015290 f   sfc_debug:sfcdebug.obj
 0001:000142d0       sf_debug_get_current_active_event_type 00000001800152d0 f   sfc_debug:sfcdebug.obj
 0001:000142e0       sf_debug_get_current_active_event_id 00000001800152e0 f   sfc_debug:sfcdebug.obj
 0001:00014320       sf_debug_get_current_tag_type 0000000180015320 f   sfc_debug:sfcdebug.obj
 0001:00014330       sf_debug_get_current_simulation_time 0000000180015330 f   sfc_debug:sfcdebug.obj
 0001:00014340       sf_debug_get_current_coverage_percentage 0000000180015340 f   sfc_debug:sfcdebug.obj
 0001:00014350       sf_debug_current_statement_context 0000000180015350 f   sfc_debug:sfcdebug.obj
 0001:000143d0       sf_debug_get_current_statement_info 00000001800153d0 f   sfc_debug:sfcdebug.obj
 0001:00014570       sf_debug_terminate_instance 0000000180015570 f   sfc_debug:sfcdebug.obj
 0001:00014890       sf_debug_assertion_failed  0000000180015890 f   sfc_debug:sfcdebug.obj
 0001:00014a60       sf_debug_create_debug_instance_struct 0000000180015a60 f   sfc_debug:sfcdebug.obj
 0001:00014ab0       sf_debug_set_number_of_data_with_change_event_for_machine 0000000180015ab0 f   sfc_debug:sfcdebug.obj
 0001:00014b00       sf_debug_set_machine_event_thresholds 0000000180015b00 f   sfc_debug:sfcdebug.obj
 0001:00014b20       sf_debug_set_machine_event_scope 0000000180015b20 f   sfc_debug:sfcdebug.obj
 0001:00014b70       sf_debug_set_machine_data_thresholds 0000000180015b70 f   sfc_debug:sfcdebug.obj
 0001:00014bc0       sf_debug_set_machine_data_scope 0000000180015bc0 f   sfc_debug:sfcdebug.obj
 0001:00014c60       sf_debug_set_machine_data_name 0000000180015c60 f   sfc_debug:sfcdebug.obj
 0001:00014d10       sf_debug_set_machine_data_size 0000000180015d10 f   sfc_debug:sfcdebug.obj
 0001:00014e60       sf_debug_set_machine_data_type 0000000180015e60 f   sfc_debug:sfcdebug.obj
 0001:00014fd0       sf_debug_get_chart_data_number 0000000180015fd0 f   sfc_debug:sfcdebug.obj
 0001:00014ff0       sf_debug_get_chart_event_number 0000000180015ff0 f   sfc_debug:sfcdebug.obj
 0001:00015010       sf_debug_set_chart_state_info 0000000180016010 f   sfc_debug:sfcdebug.obj
 0001:000150a0       sf_debug_set_chart_decomposition 00000001800160a0 f   sfc_debug:sfcdebug.obj
 0001:00015110       sf_debug_set_chart_substate_count 0000000180016110 f   sfc_debug:sfcdebug.obj
 0001:000151f0       sf_debug_set_chart_substate_index 00000001800161f0 f   sfc_debug:sfcdebug.obj
 0001:00015270       sf_debug_set_chart_state_substate_count 0000000180016270 f   sfc_debug:sfcdebug.obj
 0001:00015390       sf_debug_set_chart_state_substate_index 0000000180016390 f   sfc_debug:sfcdebug.obj
 0001:00015420       sf_debug_set_number_of_data_with_change_event_for_chart 0000000180016420 f   sfc_debug:sfcdebug.obj
 0001:000154b0       sf_debug_set_number_of_states_with_entry_event_for_chart 00000001800164b0 f   sfc_debug:sfcdebug.obj
 0001:00015530       sf_debug_set_number_of_states_with_exit_event_for_chart 0000000180016530 f   sfc_debug:sfcdebug.obj
 0001:000155b0       sf_debug_set_chart_disable_implicit_casting 00000001800165b0 f   sfc_debug:sfcdebug.obj
 0001:00015620       sf_debug_set_chart_event_thresholds 0000000180016620 f   sfc_debug:sfcdebug.obj
 0001:000156a0       sf_debug_set_chart_data_compiled_props 00000001800166a0 f   sfc_debug:sfcdebug.obj
 0001:000159e0       sf_debug_set_chart_data_props 00000001800169e0 f   sfc_debug:sfcdebug.obj
 0001:00015d00       sf_debug_check_fi_license  0000000180016d00 f   sfc_debug:sfcdebug.obj
 0001:00015ec0       sf_debug_symbol_scope_push 0000000180016ec0 f   sfc_debug:sfcdebug.obj
 0001:00015f00       sf_debug_symbol_scope_push_eml 0000000180016f00 f   sfc_debug:sfcdebug.obj
 0001:00015f50       sf_debug_symbol_scope_pop  0000000180016f50 f   sfc_debug:sfcdebug.obj
 0001:00015f90       sf_debug_symbol_scope_add_importable 0000000180016f90 f   sfc_debug:sfcdebug.obj
 0001:00016010       sf_debug_symbol_scope_add  0000000180017010 f   sfc_debug:sfcdebug.obj
 0001:00016090       sf_debug_symbol_scope_add_dyn_importable 0000000180017090 f   sfc_debug:sfcdebug.obj
 0001:00016150       sf_debug_symbol_scope_add_dyn 0000000180017150 f   sfc_debug:sfcdebug.obj
 0001:00016190       sf_debug_symbol_scope_add_eml_importable 0000000180017190 f   sfc_debug:sfcdebug.obj
 0001:000161d0       sf_debug_symbol_scope_add_eml 00000001800171d0 f   sfc_debug:sfcdebug.obj
 0001:00016210       sf_debug_symbol_scope_add_eml_dyn_importable 0000000180017210 f   sfc_debug:sfcdebug.obj
 0001:00016270       sf_debug_symbol_scope_add_eml_dyn 0000000180017270 f   sfc_debug:sfcdebug.obj
 0001:000162d0       sf_debug_symbol_switch     00000001800172d0 f   sfc_debug:sfcdebug.obj
 0001:000162f0       sf_debug_symbol_scope_add_verbose 00000001800172f0 f   sfc_debug:sfcdebug.obj
 0001:000163c0       sf_debug_set_machine_data_value_ptr 00000001800173c0 f   sfc_debug:sfcdebug.obj
 0001:00016400       sf_debug_set_instance_data_value_ptr 0000000180017400 f   sfc_debug:sfcdebug.obj
 0001:000164d0       sf_debug_unset_instance_data_value_ptr 00000001800174d0 f   sfc_debug:sfcdebug.obj
 0001:00016580       sf_debug_set_chart_event_scope 0000000180017580 f   sfc_debug:sfcdebug.obj
 0001:00016600       sf_debug_set_chart_transition_coverage_maps 0000000180017600 f   sfc_debug:sfcdebug.obj
 0001:00016700       sf_debug_set_chart_state_coverage_maps 0000000180017700 f   sfc_debug:sfcdebug.obj
 0001:000167d0       sf_debug_set_instance_transition_coverage_weights 00000001800177d0 f   sfc_debug:sfcdebug.obj
 0001:00016860       sf_debug_set_instance_state_coverage_weights 0000000180017860 f   sfc_debug:sfcdebug.obj
 0001:00016ab0       sf_debug_unload_machine    0000000180017ab0 f   sfc_debug:sfcdebug.obj
 0001:00016b00       sf_debug_load_machine      0000000180017b00 f   sfc_debug:sfcdebug.obj
 0001:00016c10       sf_debug_set_active_instance_in_data_dictionary 0000000180017c10 f   sfc_debug:sfcdebug.obj
 0001:00016df0       sf_debug_set_active_instance 0000000180017df0 f   sfc_debug:sfcdebug.obj
 0001:00016f50       sf_debug_chart_visiblity_change 0000000180017f50 f   sfc_debug:sfcdebug.obj
 0001:00017040       sf_debug_select_chart      0000000180018040 f   sfc_debug:sfcdebug.obj
 0001:000171a0       sf_debug_set_instance_cv_ids 00000001800181a0 f   sfc_debug:sfcdebug.obj
 0001:000174d0       sf_debug_select_charts     00000001800184d0 f   sfc_debug:sfcdebug.obj
 0001:00017680       sf_debug_initialized       0000000180018680 f   sfc_debug:sfcdebug.obj
 0001:000176a0       sf_debug_is_uninterruptible 00000001800186a0 f   sfc_debug:sfcdebug.obj
 0001:000176d0       sf_debug_initialize_debugger_gui 00000001800186d0 f   sfc_debug:sfcdebug.obj
 0001:00017ab0       sf_debug_resume            0000000180018ab0 f   sfc_debug:sfcdebug.obj
 0001:00017ad0       sf_debug_go                0000000180018ad0 f   sfc_debug:sfcdebug.obj
 0001:00017ae0       sf_debug_break             0000000180018ae0 f   sfc_debug:sfcdebug.obj
 0001:00017af0       sf_debug_step_over         0000000180018af0 f   sfc_debug:sfcdebug.obj
 0001:00017b00       sf_debug_step_out          0000000180018b00 f   sfc_debug:sfcdebug.obj
 0001:00017b10       sf_debug_set_disable_all_breakpoints 0000000180018b10 f   sfc_debug:sfcdebug.obj
 0001:00017b20       sf_debug_disable_all_breakpoints_and_go 0000000180018b20 f   sfc_debug:sfcdebug.obj
 0001:00017b30       sf_debug_break_on_chart_entry 0000000180018b30 f   sfc_debug:sfcdebug.obj
 0001:00017b40       sf_debug_break_on_event_broadcast 0000000180018b40 f   sfc_debug:sfcdebug.obj
 0001:00017b50       sf_debug_break_on_state_entry 0000000180018b50 f   sfc_debug:sfcdebug.obj
 0001:00017b60       sf_debug_break_between_times 0000000180018b60 f   sfc_debug:sfcdebug.obj
 0001:00017b80       sf_debug_browse_data       0000000180018b80 f   sfc_debug:sfcdebug.obj
 0001:00017b90       sf_debug_watch_data        0000000180018b90 f   sfc_debug:sfcdebug.obj
 0001:00017bc0       sf_debug_assign_data       0000000180018bc0 f   sfc_debug:sfcdebug.obj
 0001:00017bd0       sf_debug_whos              0000000180018bd0 f   sfc_debug:sfcdebug.obj
 0001:00017bf0       sf_debug_get_consistency_info 0000000180018bf0 f   sfc_debug:sfcdebug.obj
 0001:00017c00       sf_debug_browse_trace      0000000180018c00 f   sfc_debug:sfcdebug.obj
 0001:00017c10       sf_debug_set_breakpoints   0000000180018c10 f   sfc_debug:sfcdebug.obj
 0001:00017d80       sf_debug_set_eml_breakpoints 0000000180018d80 f   sfc_debug:sfcdebug.obj
 0001:00017ee0       sf_debug_set_script_breakpoints 0000000180018ee0 f   sfc_debug:sfcdebug.obj
 0001:00017f60       sf_debug_add_script_breakpoints 0000000180018f60 f   sfc_debug:sfcdebug.obj
 0001:00017fd0       sf_debug_clear_script_breakpoints 0000000180018fd0 f   sfc_debug:sfcdebug.obj
 0001:00018040       sf_debug_query_script_breakpoints 0000000180019040 f   sfc_debug:sfcdebug.obj
 0001:000180f0       sf_debug_get_eml_script_id 00000001800190f0 f   sfc_debug:sfcdebug.obj
 0001:00018140       sf_debug_set_watch         0000000180019140 f   sfc_debug:sfcdebug.obj
 0001:00018360       sf_debug_get_instance_handle 0000000180019360 f   sfc_debug:sfcdebug.obj
 0001:000183f0       sf_debug_get_active_states 00000001800193f0 f   sfc_debug:sfcdebug.obj
 0001:00018400       sf_debug_set_honor_breakpoints 0000000180019400 f   sfc_debug:sfcdebug.obj
 0001:00018410       sf_debug_get_animation     0000000180019410 f   sfc_debug:sfcdebug.obj
 0001:00018420       sf_debug_set_animation     0000000180019420 f   sfc_debug:sfcdebug.obj
 0001:00018430       sf_debug_animate           0000000180019430 f   sfc_debug:sfcdebug.obj
 0001:00018450       sf_debug_cycle_detection_check 0000000180019450 f   sfc_debug:sfcdebug.obj
 0001:00018460       sf_debug_data_range_check  0000000180019460 f   sfc_debug:sfcdebug.obj
 0001:00018470       sf_debug_transition_conflict_check 0000000180019470 f   sfc_debug:sfcdebug.obj
 0001:00018480       sf_debug_state_consistency_check 0000000180019480 f   sfc_debug:sfcdebug.obj
 0001:00018490       sf_debug_data_range_check_enabled 0000000180019490 f   sfc_debug:sfcdebug.obj
 0001:000184b0       sf_debug_transition_conflict_check_enabled 00000001800194b0 f   sfc_debug:sfcdebug.obj
 0001:000184d0       sf_debug_transition_conflict_check_begin 00000001800194d0 f   sfc_debug:sfcdebug.obj
 0001:000184f0       sf_debug_transition_conflict_check_end 00000001800194f0 f   sfc_debug:sfcdebug.obj
 0001:00018510       sf_debug_stop_debugging    0000000180019510 f   sfc_debug:sfcdebug.obj
 0001:00018540       sf_debug_is_cycle_detected 0000000180019540 f   sfc_debug:sfcdebug.obj
 0001:00018550       sf_debug_is_array_bounds_detected 0000000180019550 f   sfc_debug:sfcdebug.obj
 0001:00018560       sf_debug_get_state_vectors_data_size 0000000180019560 f   sfc_debug:sfcdebug.obj
 0001:000185a0       sf_debug_get_state_vectors_data 00000001800195a0 f   sfc_debug:sfcdebug.obj
 0001:000186b0       sf_debug_set_state_vectors_data 00000001800196b0 f   sfc_debug:sfcdebug.obj
 0001:00018940       sf_debug_get_script_index  0000000180019940 f   sfc_debug:sfcdebug.obj
 0001:00018ad0       sf_debug_add_script        0000000180019ad0 f   sfc_debug:sfcdebug.obj
 0001:00018c60       cv_eval_point              0000000180019c60 f   sfc_debug:sfcdebug.obj
 0001:00018dd0       cv_eval_testobjective      0000000180019dd0 f   sfc_debug:sfcdebug.obj
 0001:00018ee0       sf_debug_cv_init_state     0000000180019ee0 f   sfc_debug:sfcdebug.obj
 0001:00019010       sf_debug_cv_init_chart     000000018001a010 f   sfc_debug:sfcdebug.obj
 0001:00019100       sf_debug_cv_init_trans     000000018001a100 f   sfc_debug:sfcdebug.obj
 0001:00019210       sf_debug_cv_init_saturation 000000018001a210 f   sfc_debug:sfcdebug.obj
 0001:00019310       sf_debug_cv_init_testobjectives 000000018001a310 f   sfc_debug:sfcdebug.obj
 0001:000194f0       cv_eml_init_script         000000018001a4f0 f   sfc_debug:sfcdebug.obj
 0001:00019610       cv_eml_init_fcn            000000018001a610 f   sfc_debug:sfcdebug.obj
 0001:00019720       cv_eml_init_testobjective  000000018001a720 f   sfc_debug:sfcdebug.obj
 0001:00019800       cv_eml_init_saturation     000000018001a800 f   sfc_debug:sfcdebug.obj
 0001:000198d0       cv_eml_init_if             000000018001a8d0 f   sfc_debug:sfcdebug.obj
 0001:000199b0       cv_eml_init_for            000000018001a9b0 f   sfc_debug:sfcdebug.obj
 0001:00019a80       cv_eml_init_while          000000018001aa80 f   sfc_debug:sfcdebug.obj
 0001:00019b50       cv_eml_init_mcdc           000000018001ab50 f   sfc_debug:sfcdebug.obj
 0001:00019c70       cv_eml_init_switch         000000018001ac70 f   sfc_debug:sfcdebug.obj
 0001:00019d70       cv_eml_eval                000000018001ad70 f   sfc_debug:sfcdebug.obj
 0001:00019e60       sf_debug_bm_is_a_eml_breakpoint 000000018001ae60 f   sfc_debug:sfcdebug.obj
 0001:00019fb0       sf_debug_temporal_threshold 000000018001afb0 f   sfc_debug:sfcdebug.obj
 0001:0001a320       sf_debug_transition_conflict_error 000000018001b320 f   sfc_debug:sfcdebug.obj
 0001:0001a680       sf_debug_state_inconsistency_error 000000018001b680 f   sfc_debug:sfcdebug.obj
 0001:0001a7a0       sf_debug_check_for_state_inconsistency 000000018001b7a0 f   sfc_debug:sfcdebug.obj
 0001:0001a7e0       sf_debug_cycle_detecton_error 000000018001b7e0 f   sfc_debug:sfcdebug.obj
 0001:0001af30       sf_debug_size_eq_check_1d  000000018001bf30 f   sfc_debug:sfcdebug.obj
 0001:0001af50       sf_debug_size_eq_check_nd  000000018001bf50 f   sfc_debug:sfcdebug.obj
 0001:0001b150       sf_debug_dim_size_eq_check 000000018001c150 f   sfc_debug:sfcdebug.obj
 0001:0001b180       sf_debug_dim_size_geq_check 000000018001c180 f   sfc_debug:sfcdebug.obj
 0001:0001b1b0       sf_debug_sub_assign_size_check_nd 000000018001c1b0 f   sfc_debug:sfcdebug.obj
 0001:0001b390       sf_debug_matrix_matrix_index_check 000000018001c390 f   sfc_debug:sfcdebug.obj
 0001:0001b3e0       sf_debug_vector_vector_index_check 000000018001c3e0 f   sfc_debug:sfcdebug.obj
 0001:0001b430       sf_debug_for_loop_vector_check 000000018001c430 f   sfc_debug:sfcdebug.obj
 0001:0001b4d0       sf_debug_runtime_error_msgid 000000018001c4d0 f   sfc_debug:sfcdebug.obj
 0001:0001b570       sf_debug_data_array_bounds_error_check 000000018001c570 f   sfc_debug:sfcdebug.obj
 0001:0001b680       sf_debug_eml_data_array_bounds_error_check 000000018001c680 f   sfc_debug:sfcdebug.obj
 0001:0001bb40       sf_debug_integer_check     000000018001cb40 f   sfc_debug:sfcdebug.obj
 0001:0001bc30       sf_debug_not_nan_check     000000018001cc30 f   sfc_debug:sfcdebug.obj
 0001:0001bd00       sf_debug_non_negative_check 000000018001cd00 f   sfc_debug:sfcdebug.obj
 0001:0001bdd0       sf_debug_overflow_detection 000000018001cdd0 f   sfc_debug:sfcdebug.obj
 0001:0001c430       sf_debug_cast_to_real32_T  000000018001d430 f   sfc_debug:sfcdebug.obj
 0001:0001c500       sf_debug_cast_to_int8_T    000000018001d500 f   sfc_debug:sfcdebug.obj
 0001:0001c5d0       sf_debug_cast_to_uint8_T   000000018001d5d0 f   sfc_debug:sfcdebug.obj
 0001:0001c6a0       sf_debug_cast_to_int16_T   000000018001d6a0 f   sfc_debug:sfcdebug.obj
 0001:0001c770       sf_debug_cast_to_uint16_T  000000018001d770 f   sfc_debug:sfcdebug.obj
 0001:0001c840       sf_debug_cast_to_int32_T   000000018001d840 f   sfc_debug:sfcdebug.obj
 0001:0001c910       sf_debug_cast_to_uint32_T  000000018001d910 f   sfc_debug:sfcdebug.obj
 0001:0001c9e0       sf_debug_data_range_error  000000018001d9e0 f   sfc_debug:sfcdebug.obj
 0001:0001ccf0       sf_debug_read_before_write_check 000000018001dcf0 f   sfc_debug:sfcdebug.obj
 0001:0001d120       sf_debug_data_range_error_wrapper_min_max 000000018001e120 f   sfc_debug:sfcdebug.obj
 0001:0001d240       sf_debug_data_range_error_wrapper_min 000000018001e240 f   sfc_debug:sfcdebug.obj
 0001:0001d350       sf_debug_data_range_error_wrapper_max 000000018001e350 f   sfc_debug:sfcdebug.obj
 0001:0001d460       sf_debug_data_range_wrapper 000000018001e460 f   sfc_debug:sfcdebug.obj
 0001:0001d520       sf_debug_set_current_status_info 000000018001e520 f   sfc_debug:sfcdebug.obj
 0001:0001d8c0       sf_debug_register_message_post_receive_info 000000018001e8c0 f   sfc_debug:sfcdebug.obj
 0001:0001db10       sf_debug_call              000000018001eb10 f   sfc_debug:sfcdebug.obj
 0001:0001e470       sf_debug_initialize_machine 000000018001f470 f   sfc_debug:sfcdebug.obj
 0001:0001e720       sf_debug_initialize_chart  000000018001f720 f   sfc_debug:sfcdebug.obj
 0001:0001eb70       sf_debug_ensure_script     000000018001fb70 f   sfc_debug:sfcdebug.obj
 0001:0001ec20       cv_eval_saturation         000000018001fc20 f   sfc_debug:sfcdebug.obj
 0001:0001eda0       cv_saturation_accum        000000018001fda0 f   sfc_debug:sfcdebug.obj
 0001:0001eee0       cv_script_init_script      000000018001fee0 f   sfc_debug:sfcdebug.obj
 0001:0001efd0       cv_script_init_fcn         000000018001ffd0 f   sfc_debug:sfcdebug.obj
 0001:0001f090       cv_script_init_testobjective 0000000180020090 f   sfc_debug:sfcdebug.obj
 0001:0001f150       cv_script_init_saturation  0000000180020150 f   sfc_debug:sfcdebug.obj
 0001:0001f200       cv_script_init_if          0000000180020200 f   sfc_debug:sfcdebug.obj
 0001:0001f2c0       cv_script_init_for         00000001800202c0 f   sfc_debug:sfcdebug.obj
 0001:0001f370       cv_script_init_while       0000000180020370 f   sfc_debug:sfcdebug.obj
 0001:0001f420       cv_script_init_mcdc        0000000180020420 f   sfc_debug:sfcdebug.obj
 0001:0001f520       cv_script_init_switch      0000000180020520 f   sfc_debug:sfcdebug.obj
 0001:0001f600       cv_script_eval             0000000180020600 f   sfc_debug:sfcdebug.obj
 0001:0001f6d0       eml_debug_line_call        00000001800206d0 f   sfc_debug:sfcdebug.obj
 0001:0001f8a0       sf_debug_terminate         00000001800208a0 f   sfc_debug:sfcdebug.obj
 0001:0001fab0       sf_debug_set_script_cv_ids 0000000180020ab0 f   sfc_debug:sfcdebug.obj
 0001:0001fbe0       sf_debug_api               0000000180020be0 f   sfc_debug:sfc_api.obj
 0001:000214d0       sf_debug_sm_terminate      00000001800224d0 f   sfc_debug:sfdb_animation.obj
 0001:00021680       sf_debug_reset_path_objects 0000000180022680 f   sfc_debug:sfdb_animation.obj
 0001:00021700       sf_debug_sm_reset_object_selection_status 0000000180022700 f   sfc_debug:sfdb_animation.obj
 0001:000217a0       sf_debug_sm_reset_state_buffer 00000001800227a0 f   sfc_debug:sfdb_animation.obj
 0001:00021870       sf_debug_sm_store_state_buffer 0000000180022870 f   sfc_debug:sfdb_animation.obj
 0001:000218f0       sf_debug_sm_restore_state_buffer1 00000001800228f0 f   sfc_debug:sfdb_animation.obj
 0001:00021960       sf_debug_sm_restore_state_buffer2 0000000180022960 f   sfc_debug:sfdb_animation.obj
 0001:000219d0       sf_debug_sm_chart_active   00000001800229d0 f   sfc_debug:sfdb_animation.obj
 0001:00021a20       sf_debug_sm_select_active_objects 0000000180022a20 f   sfc_debug:sfdb_animation.obj
 0001:00021ef0       sf_debug_sm_is_chart_active 0000000180022ef0 f   sfc_debug:sfdb_animation.obj
 0001:00021f30       sf_debug_sm_is_state_active 0000000180022f30 f   sfc_debug:sfdb_animation.obj
 0001:00022170       sf_debug_sm_get_active_states 0000000180023170 f   sfc_debug:sfdb_animation.obj
 0001:00022720       sf_debug_sm_initialize_instance 0000000180023720 f   sfc_debug:sfdb_animation.obj
 0001:00022930       sf_debug_sm_change_object_selection_status 0000000180023930 f   sfc_debug:sfdb_animation.obj
 0001:00022c00       cv_create_interface        0000000180023c00 f   sfc_debug:cv_sfinterface.obj
 0001:00022f10       cv_init_trans              0000000180023f10 f   sfc_debug:cv_sfinterface.obj
 0001:00022f60       cv_init_saturation         0000000180023f60 f   sfc_debug:cv_sfinterface.obj
 0001:00022fa0       cv_init_testobjective      0000000180023fa0 f   sfc_debug:cv_sfinterface.obj
 0001:00022fe0       cv_init_state              0000000180023fe0 f   sfc_debug:cv_sfinterface.obj
 0001:00023050       cv_init_chart              0000000180024050 f   sfc_debug:cv_sfinterface.obj
 0001:000230a0       cv_dec_update_call         00000001800240a0 f   sfc_debug:cv_sfinterface.obj
 0001:000230e0       cv_cond_update_call        00000001800240e0 f   sfc_debug:cv_sfinterface.obj
 0001:00023120       cv_saturation_update_call  0000000180024120 f   sfc_debug:cv_sfinterface.obj
 0001:00023160       cv_saturation_update_accum 0000000180024160 f   sfc_debug:cv_sfinterface.obj
 0001:000231a0       cv_testobjective_update_call 00000001800241a0 f   sfc_debug:cv_sfinterface.obj
 0001:000231e0       cv_sigrange_update         00000001800241e0 f   sfc_debug:cv_sfinterface.obj
 0001:00023220       cvsf_eml_eval              0000000180024220 f   sfc_debug:cv_sfinterface.obj
 0001:00023300       cvsf_eml_init_script       0000000180024300 f   sfc_debug:cv_sfinterface.obj
 0001:00023390       cvsf_eml_init_fcn          0000000180024390 f   sfc_debug:cv_sfinterface.obj
 0001:000233f0       cvsf_eml_init_testobjective 00000001800243f0 f   sfc_debug:cv_sfinterface.obj
 0001:00023450       cvsf_eml_init_saturation   0000000180024450 f   sfc_debug:cv_sfinterface.obj
 0001:000234a0       cvsf_eml_init_if           00000001800244a0 f   sfc_debug:cv_sfinterface.obj
 0001:00023500       cvsf_eml_init_for          0000000180024500 f   sfc_debug:cv_sfinterface.obj
 0001:00023550       cvsf_eml_init_while        0000000180024550 f   sfc_debug:cv_sfinterface.obj
 0001:000235a0       cvsf_eml_init_mcdc         00000001800245a0 f   sfc_debug:cv_sfinterface.obj
 0001:00023630       cvsf_eml_init_switch       0000000180024630 f   sfc_debug:cv_sfinterface.obj
 0001:000236a0       cvsf_script_eval           00000001800246a0 f   sfc_debug:cv_sfinterface.obj
 0001:00023780       cvsf_script_init_script    0000000180024780 f   sfc_debug:cv_sfinterface.obj
 0001:00023810       cvsf_script_init_fcn       0000000180024810 f   sfc_debug:cv_sfinterface.obj
 0001:00023870       cvsf_script_init_testobjective 0000000180024870 f   sfc_debug:cv_sfinterface.obj
 0001:000238d0       cvsf_script_init_saturation 00000001800248d0 f   sfc_debug:cv_sfinterface.obj
 0001:00023920       cvsf_script_init_if        0000000180024920 f   sfc_debug:cv_sfinterface.obj
 0001:00023980       cvsf_script_init_for       0000000180024980 f   sfc_debug:cv_sfinterface.obj
 0001:000239d0       cvsf_script_init_while     00000001800249d0 f   sfc_debug:cv_sfinterface.obj
 0001:00023a20       cvsf_script_init_mcdc      0000000180024a20 f   sfc_debug:cv_sfinterface.obj
 0001:00023ab0       cvsf_script_init_switch    0000000180024ab0 f   sfc_debug:cv_sfinterface.obj
 0001:00023b20       cv_destroy_interface       0000000180024b20 f   sfc_debug:cv_sfinterface.obj
 0001:00023b40       cv_create_instance_objects 0000000180024b40 f   sfc_debug:cv_sfinterface.obj
 0001:00023fb0       cv_is_enabled              0000000180024fb0 f   sfc_debug:cv_sfinterface.obj
 0001:00023fc0       sf_debug_cv_initialize_script 0000000180024fc0 f   sfc_debug:cv_sfinterface.obj
 0001:00024150       sf_debug_cv_initialize_instance 0000000180025150 f   sfc_debug:cv_sfinterface.obj
 0001:000244e0       sf_debug_cv_terminate_chart 00000001800254e0 f   sfc_debug:cv_sfinterface.obj
 0001:00024600       cv_call_trans_test         0000000180025600 f   sfc_debug:cv_sfinterface.obj
 0001:00024610       cv_call_sub_cond_test      0000000180025610 f   sfc_debug:cv_sfinterface.obj
 0001:00024650       sf_debug_st_initialize_machine 0000000180025650 f   sfc_debug:sfdb_data_browse.obj
 0001:00024700       sf_debug_st_initialize_instance 0000000180025700 f   sfc_debug:sfdb_data_browse.obj
 0001:00024910       sf_debug_st_terminate      0000000180025910 f   sfc_debug:sfdb_data_browse.obj
 0001:00024cb0       sf_debug_st_set_data_value_ptr_in_machine 0000000180025cb0 f   sfc_debug:sfdb_data_browse.obj
 0001:00024d40       sf_debug_st_set_data_value_ptr_in_instance 0000000180025d40 f   sfc_debug:sfdb_data_browse.obj
 0001:00024e20       sf_debug_st_unset_data_value_ptr_in_machine 0000000180025e20 f   sfc_debug:sfdb_data_browse.obj
 0001:00024e90       sf_debug_st_unset_data_value_ptr_in_instance 0000000180025e90 f   sfc_debug:sfdb_data_browse.obj
 0001:00025150       sf_debug_mx_value          0000000180026150 f   sfc_debug:sfdb_data_browse.obj
 0001:000251b0       sf_debug_mx_packed_vector  00000001800261b0 f   sfc_debug:sfdb_data_browse.obj
 0001:00025290       sf_debug_mx_uint_vector    0000000180026290 f   sfc_debug:sfdb_data_browse.obj
 0001:00025340       sf_debug_st_get_double_value_from_void_ptr_vector 0000000180026340 f   sfc_debug:sfdb_data_browse.obj
 0001:00025e20       sf_debug_st_browse_data    0000000180026e20 f   sfc_debug:sfdb_data_browse.obj
 0001:00026660       sf_debug_hm_initialize_instance 0000000180027660 f   sfc_debug:sfdb_handle_management.obj
 0001:00026b40       sf_debug_hm_get_object_id  0000000180027b40 f   sfc_debug:sfdb_handle_management.obj
 0001:000276f0       sf_debug_hm_update_chart_visibility 00000001800286f0 f   sfc_debug:sfdb_handle_management.obj
 0001:000288e0       sf_debug_object_is_eml_function 00000001800298e0 f   sfc_debug:sfdb_handle_management.obj
 0001:00028950       sf_debug_hm_initialize_ids_in_machine 0000000180029950 f   sfc_debug:sfdb_handle_management.obj
 0001:00028ac0       sf_debug_hm_initialize_ids_in_chart 0000000180029ac0 f   sfc_debug:sfdb_handle_management.obj
 0001:00028bc0       sf_debug_hm_initialize_chart 0000000180029bc0 f   sfc_debug:sfdb_handle_management.obj
 0001:000292c0       sf_debug_hm_terminate      000000018002a2c0 f   sfc_debug:sfdb_handle_management.obj
 0001:00029320       sf_debug_hm_initialize_machine 000000018002a320 f   sfc_debug:sfdb_handle_management.obj
 0001:00029a40       sf_debug_ss_initialize     000000018002aa40 f   sfc_debug:sfdb_symbol_scope.obj
 0001:00029a60       sf_debug_ss_terminate      000000018002aa60 f   sfc_debug:sfdb_symbol_scope.obj
 0001:00029af0       sf_debug_ss_push_symbol_scope 000000018002aaf0 f   sfc_debug:sfdb_symbol_scope.obj
 0001:00029bf0       sf_debug_ss_push_symbol_scope_eml 000000018002abf0 f   sfc_debug:sfdb_symbol_scope.obj
 0001:00029c50       sf_debug_ss_pop_symbol_scope 000000018002ac50 f   sfc_debug:sfdb_symbol_scope.obj
 0001:00029d00       sf_debug_ss_add_symbol     000000018002ad00 f   sfc_debug:sfdb_symbol_scope.obj
 0001:00029e70       sf_debug_ss_add_symbol_eml 000000018002ae70 f   sfc_debug:sfdb_symbol_scope.obj
 0001:0002ad70       sf_debug_ss_set_data_value 000000018002bd70 f   sfc_debug:sfdb_symbol_scope.obj
 0001:0002b1c0       getInstanceNumber          000000018002c1c0 f   sfc_debug:sfdb_symbol_scope.obj
 0001:0002b290       sf_debug_ss_watch_data     000000018002c290 f   sfc_debug:sfdb_symbol_scope.obj
 0001:0002b480       sf_debug_ss_assign_data    000000018002c480 f   sfc_debug:sfdb_symbol_scope.obj
 0001:0002be90       get_data_entry_name        000000018002ce90 f   sfc_debug:sfdb_symbol_scope.obj
 0001:0002bee0       sf_debug_ss_whos           000000018002cee0 f   sfc_debug:sfdb_symbol_scope.obj
 0001:0002c530       sf_debug_cc_initialize_chart 000000018002d530 f   sfc_debug:sfdb_coverage.obj
 0001:0002cf20       sf_debug_cc_initialize_instance 000000018002df20 f   sfc_debug:sfdb_coverage.obj
 0001:0002dc60       sf_debug_cc_terminate      000000018002ec60 f   sfc_debug:sfdb_coverage.obj
 0001:0002dd50       sf_debug_cc_set_transition_maps 000000018002ed50 f   sfc_debug:sfdb_coverage.obj
 0001:0002de80       sf_debug_cc_set_state_maps 000000018002ee80 f   sfc_debug:sfdb_coverage.obj
 0001:0002df60       sf_debug_cc_set_transition_weights 000000018002ef60 f   sfc_debug:sfdb_coverage.obj
 0001:0002e220       sf_debug_cc_set_state_weights 000000018002f220 f   sfc_debug:sfdb_coverage.obj
 0001:0002e4f0       sf_debug_cc_mark_transition_guard 000000018002f4f0 f   sfc_debug:sfdb_coverage.obj
 0001:0002e580       sf_debug_cc_mark_transition_trigger 000000018002f580 f   sfc_debug:sfdb_coverage.obj
 0001:0002e610       sf_debug_cc_mark_transition_decision 000000018002f610 f   sfc_debug:sfdb_coverage.obj
 0001:0002e680       sf_debug_cc_mark_transition_condition_action 000000018002f680 f   sfc_debug:sfdb_coverage.obj
 0001:0002e6d0       sf_debug_cc_mark_transition_transition_action 000000018002f6d0 f   sfc_debug:sfdb_coverage.obj
 0001:0002e720       sf_debug_cc_mark_state_entry 000000018002f720 f   sfc_debug:sfdb_coverage.obj
 0001:0002e770       sf_debug_cc_mark_state_during 000000018002f770 f   sfc_debug:sfdb_coverage.obj
 0001:0002e7c0       sf_debug_cc_mark_state_exit 000000018002f7c0 f   sfc_debug:sfdb_coverage.obj
 0001:0002e810       sf_debug_bm_clear_script_breakpoints 000000018002f810 f   sfc_debug:sfdb_breakpoints.obj
 0001:0002e840       sf_debug_bm_set_script_breakpoint 000000018002f840 f   sfc_debug:sfdb_breakpoints.obj
 0001:0002e8c0       sf_debug_bm_clear_single_script_breakpoint 000000018002f8c0 f   sfc_debug:sfdb_breakpoints.obj
 0001:0002e940       sf_debug_bm_query_script_breakpoint 000000018002f940 f   sfc_debug:sfdb_breakpoints.obj
 0001:0002e990       sf_debug_bm_initialize_scripts 000000018002f990 f   sfc_debug:sfdb_breakpoints.obj
 0001:0002f020       sf_debug_bm_terminate      0000000180030020 f   sfc_debug:sfdb_breakpoints.obj
 0001:0002f300       sf_debug_bm_remove_all_breakpoints_in_machine 0000000180030300 f   sfc_debug:sfdb_breakpoints.obj
 0001:0002f360       sf_debug_bm_remove_all_breakpoints_in_chart 0000000180030360 f   sfc_debug:sfdb_breakpoints.obj
 0001:0002f4b0       sf_debug_bm_initialize_global_breakpoints 00000001800304b0 f   sfc_debug:sfdb_breakpoints.obj
 0001:0002f630       sf_debug_bm_set_breakpoint 0000000180030630 f   sfc_debug:sfdb_breakpoints.obj
 0001:0002fbf0       sf_debug_bm_set_eml_breakpoint 0000000180030bf0 f   sfc_debug:sfdb_breakpoints.obj
 0001:0002fc80       sf_debug_bm_initialize_machine_breakpoint_map 0000000180030c80 f   sfc_debug:sfdb_breakpoints.obj
 0001:000300a0       sf_debug_bm_is_a_breakpoint 00000001800310a0 f   sfc_debug:sfdb_breakpoints.obj
 0001:000305c0       sf_debug_bm_get_all_breakpoints_in_machine 00000001800315c0 f   sfc_debug:sfdb_breakpoints.obj
 0001:000308c0       sf_debug_bm_get_all_breakpoints_in_chart 00000001800318c0 f   sfc_debug:sfdb_breakpoints.obj
 0001:00031450       sf_debug_bm_initialize_machine 0000000180032450 f   sfc_debug:sfdb_breakpoints.obj
 0001:00031520       sf_debug_bm_initialize_chart 0000000180032520 f   sfc_debug:sfdb_breakpoints.obj
 0001:00031910       sf_debug_sc_terminate      0000000180032910 f   sfc_debug:sfdb_state_consistency.obj
 0001:00031c30       sf_debug_sc_is_chart_consistent 0000000180032c30 f   sfc_debug:sfdb_state_consistency.obj
 0001:00031ee0       sf_debug_sc_get_consistency_error_info 0000000180032ee0 f   sfc_debug:sfdb_state_consistency.obj
 0001:000322f0       sf_debug_tm_terminate      00000001800332f0 f   sfc_debug:sfdb_call_stack.obj
 0001:000323a0       sf_debug_tm_push_chart_instance 00000001800333a0 f   sfc_debug:sfdb_call_stack.obj
 0001:000324e0       sf_debug_tm_pop_chart_instance 00000001800334e0 f   sfc_debug:sfdb_call_stack.obj
 0001:00032540       sf_debug_tm_push_trace_node 0000000180033540 f   sfc_debug:sfdb_call_stack.obj
 0001:000326c0       sf_debug_tm_pop_trace_node 00000001800336c0 f   sfc_debug:sfdb_call_stack.obj
 0001:00032740       sf_debug_tm_get_current_global_trace_index 0000000180033740 f   sfc_debug:sfdb_call_stack.obj
 0001:00032750       sf_debug_tm_get_current_local_trace_index 0000000180033750 f   sfc_debug:sfdb_call_stack.obj
 0001:00032780       sf_debug_tm_set_cycle_detected_flag 0000000180033780 f   sfc_debug:sfdb_call_stack.obj
 0001:000327c0       sf_debug_tm_set_cycle_started_flag 00000001800337c0 f   sfc_debug:sfdb_call_stack.obj
 0001:00032800       sf_debug_tm_get_chart_number_from_stack 0000000180033800 f   sfc_debug:sfdb_call_stack.obj
 0001:00032a00       sf_debug_tm_browse_trace   0000000180033a00 f   sfc_debug:sfdb_call_stack.obj
 0001:00032d10       sf_debug_cd_initialize_instance 0000000180033d10 f   sfc_debug:sfdb_cycle_detection.obj
 0001:00032fc0       sf_debug_cd_mark_processed_transition_in_instance 0000000180033fc0 f   sfc_debug:sfdb_cycle_detection.obj
 0001:00033060       sf_debug_cd_checksum_push  0000000180034060 f   sfc_debug:sfdb_cycle_detection.obj
 0001:00033310       sf_debug_cd_checksum_pop   0000000180034310 f   sfc_debug:sfdb_cycle_detection.obj
 0001:00033380       sf_debug_cd_turn_off_cycle_detection 0000000180034380 f   sfc_debug:sfdb_cycle_detection.obj
 0001:000333d0       sf_debug_cd_terminate      00000001800343d0 f   sfc_debug:sfdb_cycle_detection.obj
 0001:00033600       md5_initialize_state       0000000180034600 f   sfc_debug:ckmd5.obj
 0001:00034090       md5_update_state           0000000180035090 f   sfc_debug:ckmd5.obj
 0001:000340b0       md5_get_hash               00000001800350b0 f   sfc_debug:ckmd5.obj
 0001:000340e0       md5_get_hash_for_a_single_string 00000001800350e0 f   sfc_debug:ckmd5.obj
 0001:00034140       mxGetPr                    0000000180035140 f   libmx:libmx.dll
 0001:00034146       mxCreateDoubleScalar       0000000180035146 f   libmx:libmx.dll
 0001:0003414c       mxCreateDoubleMatrix_730   000000018003514c f   libmx:libmx.dll
 0001:00034152       mxSetField_730             0000000180035152 f   libmx:libmx.dll
 0001:00034158       mxCreateString             0000000180035158 f   libmx:libmx.dll
 0001:0003415e       mxCreateStructMatrix_730   000000018003515e f   libmx:libmx.dll
 0001:00034164       mxCreateCellMatrix_730     0000000180035164 f   libmx:libmx.dll
 0001:0003416a       mxDestroyArray             000000018003516a f   libmx:libmx.dll
 0001:00034170       mxDuplicateArray           0000000180035170 f   libmx:libmx.dll
 0001:00034176       mxGetString_730            0000000180035176 f   libmx:libmx.dll
 0001:0003417c       mxIsChar                   000000018003517c f   libmx:libmx.dll
 0001:00034182       mxGetClassID               0000000180035182 f   libmx:libmx.dll
 0001:00034188       mxIsNumeric                0000000180035188 f   libmx:libmx.dll
 0001:0003418e       mxIsComplex                000000018003518e f   libmx:libmx.dll
 0001:00034194       mxGetN                     0000000180035194 f   libmx:libmx.dll
 0001:0003419a       mxGetM                     000000018003519a f   libmx:libmx.dll
 0001:000341a0       mxCalloc                   00000001800351a0 f   libmx:libmx.dll
 0001:000341a6       mxGetScalar                00000001800351a6 f   libmx:libmx.dll
 0001:000341ac       mxIsLogical                00000001800351ac f   libmx:libmx.dll
 0001:000341b2       mxCreateDoubleMatrix_700   00000001800351b2 f   libmx:libmx.dll
 0001:000341b8       mxFree                     00000001800351b8 f   libmx:libmx.dll
 0001:000341be       mxArrayToString            00000001800351be f   libmx:libmx.dll
 0001:000341c4       mxCreateCellMatrix_700     00000001800351c4 f   libmx:libmx.dll
 0001:000341ca       mxSetCell_700              00000001800351ca f   libmx:libmx.dll
 0001:000341d0       mxGetCell_700              00000001800351d0 f   libmx:libmx.dll
 0001:000341d6       mxGetClassName             00000001800351d6 f   libmx:libmx.dll
 0001:000341dc       mxSetField_700             00000001800351dc f   libmx:libmx.dll
 0001:000341e2       mxAddField                 00000001800351e2 f   libmx:libmx.dll
 0001:000341e8       mxGetField_700             00000001800351e8 f   libmx:libmx.dll
 0001:000341ee       mxGetNumberOfElements      00000001800351ee f   libmx:libmx.dll
 0001:000341f4       mxIsStruct                 00000001800351f4 f   libmx:libmx.dll
 0001:000341fa       mxIsA                      00000001800351fa f   libmx:libmx.dll
 0001:00034200       mxIsClass                  0000000180035200 f   libmx:libmx.dll
 0001:00034206       mxGetLogicals              0000000180035206 f   libmx:libmx.dll
 0001:0003420c       mxIsSparse                 000000018003520c f   libmx:libmx.dll
 0001:00034212       mxSetFieldByNumber_700     0000000180035212 f   libmx:libmx.dll
 0001:00034218       mxGetFieldByNumber_700     0000000180035218 f   libmx:libmx.dll
 0001:0003421e       mxGetFieldNameByNumber     000000018003521e f   libmx:libmx.dll
 0001:00034224       mxGetNumberOfFields        0000000180035224 f   libmx:libmx.dll
 0001:0003422a       mxCreateStructMatrix_700   000000018003522a f   libmx:libmx.dll
 0001:00034230       mxGetFieldNumber           0000000180035230 f   libmx:libmx.dll
 0001:00034236       mxIsNaN                    0000000180035236 f   libmx:libmx.dll
 0001:0003423c       mxIsEmpty                  000000018003523c f   libmx:libmx.dll
 0001:00034242       mxGetData                  0000000180035242 f   libmx:libmx.dll
 0001:00034248       mxGetImagData              0000000180035248 f   libmx:libmx.dll
 0001:0003424e       mxArrayClassIDName         000000018003524e f   libmx:libmx.dll
 0001:00034254       mxCreateNumericMatrix_700  0000000180035254 f   libmx:libmx.dll
 0001:0003425a       mxCreateStructArray_700    000000018003525a f   libmx:libmx.dll
 0001:00034260       mxCalcSingleSubscript_700  0000000180035260 f   libmx:libmx.dll
 0001:00034266       mxGetDimensions_700        0000000180035266 f   libmx:libmx.dll
 0001:0003426c       mxGetNumberOfDimensions_700 000000018003526c f   libmx:libmx.dll
 0001:00034272       mxCreateNumericArray_700   0000000180035272 f   libmx:libmx.dll
 0001:00034278       mxGetElementSize           0000000180035278 f   libmx:libmx.dll
 0001:0003427e       mxCreateStringFromNChars_700 000000018003527e f   libmx:libmx.dll
 0001:00034284       mxGetString_700            0000000180035284 f   libmx:libmx.dll
 0001:0003428a       mxIsLogicalScalarTrue      000000018003528a f   libmx:libmx.dll
 0001:00034290       mxCreateLogicalScalar      0000000180035290 f   libmx:libmx.dll
 0001:00034296       mexUnlock                  0000000180035296 f   libmex:libmex.dll
 0001:0003429c       mexIsLocked                000000018003529c f   libmex:libmex.dll
 0001:000342a2       mexWarnMsgTxt              00000001800352a2 f   libmex:libmex.dll
 0001:000342a8       mexCallMATLAB              00000001800352a8 f   libmex:libmex.dll
 0001:000342ae       mexErrMsgTxt               00000001800352ae f   libmex:libmex.dll
 0001:000342b4       mexMakeArrayPersistent     00000001800352b4 f   libmex:libmex.dll
 0001:000342ba       mexSetTrapFlag             00000001800352ba f   libmex:libmex.dll
 0001:000342c0       mexPutVariable             00000001800352c0 f   libmex:libmex.dll
 0001:000342c6       mexGetVariable             00000001800352c6 f   libmex:libmex.dll
 0001:000342cc       mexLock                    00000001800352cc f   libmex:libmex.dll
 0001:000342d2       mexMakeMemoryPersistent    00000001800352d2 f   libmex:libmex.dll
 0001:000342d8       mexFunctionName            00000001800352d8 f   libmex:libmex.dll
 0001:000342de       ssRegisterDataTypeFxpFSlopeFixExpBias 00000001800352de f   libfixedpoint:libfixedpoint.dll
 0001:000342e4       ssRegisterDataTypeFxpScaledDouble 00000001800352e4 f   libfixedpoint:libfixedpoint.dll
 0001:000342ea       utMalloc                   00000001800352ea f   libut:libut.dll
 0001:000342f0       utFree                     00000001800352f0 f   libut:libut.dll
 0001:000342f6       utVSNprintf                00000001800352f6 f   libut:libut.dll
 0001:000342fc       utCPUtime                  00000001800352fc f   libut:libut.dll
 0001:00034302       utCalloc                   0000000180035302 f   libut:libut.dll
 0001:00034308       utRealloc                  0000000180035308 f   libut:libut.dll
 0001:0003430e       emlrtCreateRootTLS         000000018003530e f   libemlrt:libemlrt.dll
 0001:00034314       emlrtDestroyRootTLS        0000000180035314 f   libemlrt:libemlrt.dll
 0001:0003431a       emlrtCheckBuiltInR2012b    000000018003531a f   libemlrt:libemlrt.dll
 0001:00034320       emlrtCheckVsBuiltInR2012b  0000000180035320 f   libemlrt:libemlrt.dll
 0001:00034326       emlrtCheckEnumR2012b       0000000180035326 f   libemlrt:libemlrt.dll
 0001:0003432c       emlrtCreateEnumR2012b      000000018003532c f   libemlrt:libemlrt.dll
 0001:00034332       emlrtGetEnumElementR2009a  0000000180035332 f   libemlrt:libemlrt.dll
 0001:00034338       emlrtCreateReference       0000000180035338 f   libemlrt:libemlrt.dll
 0001:0003433e       emlrtImportVsFiArrayR2009b 000000018003533e f   libemlrt:libemlrt.dll
 0001:00034344       emlrtNameCapturePostProcessR2012a 0000000180035344 f   libemlrt:libemlrt.dll
 0001:0003434a       emlrtExtractMessageId      000000018003534a f   libemlrt:libemlrt.dll
 0001:00034350       emlrtTranslateMessageIDtoLCPstring 0000000180035350 f   libemlrt:libemlrt.dll
 0001:00034356       emlrtForLoopVectorIsValidR2011b 0000000180035356 f   libemlrt:libemlrt.dll
 0001:0003435c       emlrtTranslateUTF16MessagetoLCPstring 000000018003535c f   libemlrt:libemlrt.dll
 0001:00034362       emlrtGetEnumUnderlyingArrayR2009a 0000000180035362 f   libemlrt:libemlrt.dll
 0001:00034368       emlrtIsEnumR2009a          0000000180035368 f   libemlrt:libemlrt.dll
 0001:0003436e       memset                     000000018003536e f   MSVCRT:MSVCR100.dll
 0001:00034374       __GSHandlerCheckCommon     0000000180035374 f   MSVCRT:gshandler.obj
 0001:000343d8       __GSHandlerCheck           00000001800353d8 f   MSVCRT:gshandler.obj
 0001:00034410       __security_check_cookie    0000000180035410 f   MSVCRT:amdsecgs.obj
 0001:00034440       __chkstk                   0000000180035440 f   MSVCRT:chkstk.obj
 0001:00034440       _alloca_probe              0000000180035440     MSVCRT:chkstk.obj
 0001:0003448e       strcmp                     000000018003548e f   MSVCRT:MSVCR100.dll
 0001:00034494       free                       0000000180035494 f   MSVCRT:MSVCR100.dll
 0001:0003449a       sprintf                    000000018003549a f   MSVCRT:MSVCR100.dll
 0001:000344a0       malloc                     00000001800354a0 f   MSVCRT:MSVCR100.dll
 0001:000344a6       strlen                     00000001800354a6 f   MSVCRT:MSVCR100.dll
 0001:000344ac       strcat                     00000001800354ac f   MSVCRT:MSVCR100.dll
 0001:000344b2       memcpy                     00000001800354b2 f   MSVCRT:MSVCR100.dll
 0001:000344b8       NtCurrentTeb               00000001800354b8 f i MSVCRT:crtdll.obj
 0001:00034524       _CRT_INIT                  0000000180035524 f   MSVCRT:crtdll.obj
 0001:000348bc       _DllMainCRTStartup         00000001800358bc f   MSVCRT:crtdll.obj
 0001:000348fa       strncpy                    00000001800358fa f   MSVCRT:MSVCR100.dll
 0001:00034900       longjmp                    0000000180035900 f   MSVCRT:MSVCR100.dll
 0001:00034906       strncmp                    0000000180035906 f   MSVCRT:MSVCR100.dll
 0001:0003490c       ceil                       000000018003590c f   MSVCRT:MSVCR100.dll
 0001:00034912       strrchr                    0000000180035912 f   MSVCRT:MSVCR100.dll
 0001:00034918       _setjmp                    0000000180035918 f   MSVCRT:MSVCR100.dll
 0001:0003491e       ldexp                      000000018003591e f   MSVCRT:MSVCR100.dll
 0001:00034924       __report_gsfailure         0000000180035924 f   MSVCRT:gs_report.obj
 0001:00034a70       __clean_type_info_names    0000000180035a70 f   MSVCRT:tncleanup.obj
 0001:00034a7c       _onexit                    0000000180035a7c f   MSVCRT:atonexit.obj
 0001:00034b2c       atexit                     0000000180035b2c f   MSVCRT:atonexit.obj
 0001:00034b44       _RTC_Initialize            0000000180035b44 f   MSVCRT:_initsect_.obj
 0001:00034b7c       _RTC_Terminate             0000000180035b7c f   MSVCRT:_initsect_.obj
 0001:00034bb4       _malloc_crt                0000000180035bb4 f   MSVCRT:MSVCR100.dll
 0001:00034bc0       _ValidateImageBase         0000000180035bc0 f   MSVCRT:pesect.obj
 0001:00034bf0       _FindPESection             0000000180035bf0 f   MSVCRT:pesect.obj
 0001:00034c40       _IsNonwritableInCurrentImage 0000000180035c40 f   MSVCRT:pesect.obj
 0001:00034c82       _initterm                  0000000180035c82 f   MSVCRT:MSVCR100.dll
 0001:00034c88       _initterm_e                0000000180035c88 f   MSVCRT:MSVCR100.dll
 0001:00034c8e       _encoded_null              0000000180035c8e f   MSVCRT:MSVCR100.dll
 0001:00034c94       _amsg_exit                 0000000180035c94 f   MSVCRT:MSVCR100.dll
 0001:00034c9a       __C_specific_handler       0000000180035c9a f   MSVCRT:MSVCR100.dll
 0001:00034ca0       __CppXcptFilter            0000000180035ca0 f   MSVCRT:MSVCR100.dll
 0001:00034ca8       DllMain                    0000000180035ca8 f   MSVCRT:dllmain.obj
 0001:00034ccc       __security_init_cookie     0000000180035ccc f   MSVCRT:gs_support.obj
 0001:00034d80       __crt_debugger_hook        0000000180035d80 f   MSVCRT:MSVCR100.dll
 0001:00034d86       __clean_type_info_names_internal 0000000180035d86 f   MSVCRT:MSVCR100.dll
 0001:00034d8c       _unlock                    0000000180035d8c f   MSVCRT:MSVCR100.dll
 0001:00034d92       __dllonexit                0000000180035d92 f   MSVCRT:MSVCR100.dll
 0001:00034d98       _lock                      0000000180035d98 f   MSVCRT:MSVCR100.dll
 0001:00034d9e       EncodePointer              0000000180035d9e f   kernel32:KERNEL32.dll
 0001:00034da4       DecodePointer              0000000180035da4 f   kernel32:KERNEL32.dll
 0001:00034daa       Sleep                      0000000180035daa f   kernel32:KERNEL32.dll
 0001:00034db0       TerminateProcess           0000000180035db0 f   kernel32:KERNEL32.dll
 0001:00034db6       GetCurrentProcess          0000000180035db6 f   kernel32:KERNEL32.dll
 0001:00034dbc       UnhandledExceptionFilter   0000000180035dbc f   kernel32:KERNEL32.dll
 0001:00034dc2       SetUnhandledExceptionFilter 0000000180035dc2 f   kernel32:KERNEL32.dll
 0001:00034dc8       IsDebuggerPresent          0000000180035dc8 f   kernel32:KERNEL32.dll
 0001:00034dce       RtlVirtualUnwind           0000000180035dce f   kernel32:KERNEL32.dll
 0001:00034dd4       RtlLookupFunctionEntry     0000000180035dd4 f   kernel32:KERNEL32.dll
 0001:00034dda       RtlCaptureContext          0000000180035dda f   kernel32:KERNEL32.dll
 0001:00034de0       DisableThreadLibraryCalls  0000000180035de0 f   kernel32:KERNEL32.dll
 0001:00034de6       QueryPerformanceCounter    0000000180035de6 f   kernel32:KERNEL32.dll
 0001:00034dec       GetTickCount               0000000180035dec f   kernel32:KERNEL32.dll
 0001:00034df2       GetCurrentThreadId         0000000180035df2 f   kernel32:KERNEL32.dll
 0001:00034df8       GetCurrentProcessId        0000000180035df8 f   kernel32:KERNEL32.dll
 0001:00034dfe       GetSystemTimeAsFileTime    0000000180035dfe f   kernel32:KERNEL32.dll
 0002:00000000       __imp_GetSystemTimeAsFileTime 0000000180036000     kernel32:KERNEL32.dll
 0002:00000008       __imp_GetCurrentProcessId  0000000180036008     kernel32:KERNEL32.dll
 0002:00000010       __imp_GetCurrentThreadId   0000000180036010     kernel32:KERNEL32.dll
 0002:00000018       __imp_GetTickCount         0000000180036018     kernel32:KERNEL32.dll
 0002:00000020       __imp_QueryPerformanceCounter 0000000180036020     kernel32:KERNEL32.dll
 0002:00000028       __imp_DisableThreadLibraryCalls 0000000180036028     kernel32:KERNEL32.dll
 0002:00000030       __imp_RtlCaptureContext    0000000180036030     kernel32:KERNEL32.dll
 0002:00000038       __imp_RtlLookupFunctionEntry 0000000180036038     kernel32:KERNEL32.dll
 0002:00000040       __imp_RtlVirtualUnwind     0000000180036040     kernel32:KERNEL32.dll
 0002:00000048       __imp_IsDebuggerPresent    0000000180036048     kernel32:KERNEL32.dll
 0002:00000050       __imp_SetUnhandledExceptionFilter 0000000180036050     kernel32:KERNEL32.dll
 0002:00000058       __imp_UnhandledExceptionFilter 0000000180036058     kernel32:KERNEL32.dll
 0002:00000060       __imp_GetCurrentProcess    0000000180036060     kernel32:KERNEL32.dll
 0002:00000068       __imp_TerminateProcess     0000000180036068     kernel32:KERNEL32.dll
 0002:00000070       __imp_Sleep                0000000180036070     kernel32:KERNEL32.dll
 0002:00000078       __imp_DecodePointer        0000000180036078     kernel32:KERNEL32.dll
 0002:00000080       __imp_EncodePointer        0000000180036080     kernel32:KERNEL32.dll
 0002:00000088       \177KERNEL32_NULL_THUNK_DATA 0000000180036088     kernel32:KERNEL32.dll
 0002:00000090       __imp__onexit              0000000180036090     MSVCRT:MSVCR100.dll
 0002:00000098       __imp__lock                0000000180036098     MSVCRT:MSVCR100.dll
 0002:000000a0       __imp___dllonexit          00000001800360a0     MSVCRT:MSVCR100.dll
 0002:000000a8       __imp__unlock              00000001800360a8     MSVCRT:MSVCR100.dll
 0002:000000b0       __imp___clean_type_info_names_internal 00000001800360b0     MSVCRT:MSVCR100.dll
 0002:000000b8       __imp___crt_debugger_hook  00000001800360b8     MSVCRT:MSVCR100.dll
 0002:000000c0       __imp___CppXcptFilter      00000001800360c0     MSVCRT:MSVCR100.dll
 0002:000000c8       __imp___C_specific_handler 00000001800360c8     MSVCRT:MSVCR100.dll
 0002:000000d0       __imp__amsg_exit           00000001800360d0     MSVCRT:MSVCR100.dll
 0002:000000d8       __imp__encoded_null        00000001800360d8     MSVCRT:MSVCR100.dll
 0002:000000e0       __imp__initterm_e          00000001800360e0     MSVCRT:MSVCR100.dll
 0002:000000e8       __imp__initterm            00000001800360e8     MSVCRT:MSVCR100.dll
 0002:000000f0       __imp__malloc_crt          00000001800360f0     MSVCRT:MSVCR100.dll
 0002:000000f8       __imp_ldexp                00000001800360f8     MSVCRT:MSVCR100.dll
 0002:00000100       __imp__setjmp              0000000180036100     MSVCRT:MSVCR100.dll
 0002:00000108       __imp_strrchr              0000000180036108     MSVCRT:MSVCR100.dll
 0002:00000110       __imp_ceil                 0000000180036110     MSVCRT:MSVCR100.dll
 0002:00000118       __imp_strncmp              0000000180036118     MSVCRT:MSVCR100.dll
 0002:00000120       __imp_longjmp              0000000180036120     MSVCRT:MSVCR100.dll
 0002:00000128       __imp_strncpy              0000000180036128     MSVCRT:MSVCR100.dll
 0002:00000130       __imp_memcpy               0000000180036130     MSVCRT:MSVCR100.dll
 0002:00000138       __imp_strcat               0000000180036138     MSVCRT:MSVCR100.dll
 0002:00000140       __imp_strlen               0000000180036140     MSVCRT:MSVCR100.dll
 0002:00000148       __imp_malloc               0000000180036148     MSVCRT:MSVCR100.dll
 0002:00000150       __imp_sprintf              0000000180036150     MSVCRT:MSVCR100.dll
 0002:00000158       __imp_free                 0000000180036158     MSVCRT:MSVCR100.dll
 0002:00000160       __imp_strcmp               0000000180036160     MSVCRT:MSVCR100.dll
 0002:00000168       __imp_memset               0000000180036168     MSVCRT:MSVCR100.dll
 0002:00000170       \177MSVCR100_NULL_THUNK_DATA 0000000180036170     MSVCRT:MSVCR100.dll
 0002:00000178       __imp_emlrtIsEnumR2009a    0000000180036178     libemlrt:libemlrt.dll
 0002:00000180       __imp_emlrtGetEnumUnderlyingArrayR2009a 0000000180036180     libemlrt:libemlrt.dll
 0002:00000188       __imp_emlrtTranslateUTF16MessagetoLCPstring 0000000180036188     libemlrt:libemlrt.dll
 0002:00000190       __imp_emlrtForLoopVectorIsValidR2011b 0000000180036190     libemlrt:libemlrt.dll
 0002:00000198       __imp_emlrtTranslateMessageIDtoLCPstring 0000000180036198     libemlrt:libemlrt.dll
 0002:000001a0       __imp_emlrtExtractMessageId 00000001800361a0     libemlrt:libemlrt.dll
 0002:000001a8       __imp_emlrtNameCapturePostProcessR2012a 00000001800361a8     libemlrt:libemlrt.dll
 0002:000001b0       __imp_emlrtImportVsFiArrayR2009b 00000001800361b0     libemlrt:libemlrt.dll
 0002:000001b8       __imp_emlrtCreateReference 00000001800361b8     libemlrt:libemlrt.dll
 0002:000001c0       __imp_emlrtGetEnumElementR2009a 00000001800361c0     libemlrt:libemlrt.dll
 0002:000001c8       __imp_emlrtCreateEnumR2012b 00000001800361c8     libemlrt:libemlrt.dll
 0002:000001d0       __imp_emlrtCheckEnumR2012b 00000001800361d0     libemlrt:libemlrt.dll
 0002:000001d8       __imp_emlrtCheckVsBuiltInR2012b 00000001800361d8     libemlrt:libemlrt.dll
 0002:000001e0       __imp_emlrtCheckBuiltInR2012b 00000001800361e0     libemlrt:libemlrt.dll
 0002:000001e8       __imp_emlrtDestroyRootTLS  00000001800361e8     libemlrt:libemlrt.dll
 0002:000001f0       __imp_emlrtCreateRootTLS   00000001800361f0     libemlrt:libemlrt.dll
 0002:000001f8       \177libemlrt_NULL_THUNK_DATA 00000001800361f8     libemlrt:libemlrt.dll
 0002:00000200       __imp_ssRegisterDataTypeFxpScaledDouble 0000000180036200     libfixedpoint:libfixedpoint.dll
 0002:00000208       __imp_ssRegisterDataTypeFxpFSlopeFixExpBias 0000000180036208     libfixedpoint:libfixedpoint.dll
 0002:00000210       \177libfixedpoint_NULL_THUNK_DATA 0000000180036210     libfixedpoint:libfixedpoint.dll
 0002:00000218       __imp_mexLock              0000000180036218     libmex:libmex.dll
 0002:00000220       __imp_mexMakeMemoryPersistent 0000000180036220     libmex:libmex.dll
 0002:00000228       __imp_mexFunctionName      0000000180036228     libmex:libmex.dll
 0002:00000230       __imp_mexGetVariable       0000000180036230     libmex:libmex.dll
 0002:00000238       __imp_mexPutVariable       0000000180036238     libmex:libmex.dll
 0002:00000240       __imp_mexSetTrapFlag       0000000180036240     libmex:libmex.dll
 0002:00000248       __imp_mexIsLocked          0000000180036248     libmex:libmex.dll
 0002:00000250       __imp_mexWarnMsgTxt        0000000180036250     libmex:libmex.dll
 0002:00000258       __imp_mexCallMATLAB        0000000180036258     libmex:libmex.dll
 0002:00000260       __imp_mexUnlock            0000000180036260     libmex:libmex.dll
 0002:00000268       __imp_mexErrMsgTxt         0000000180036268     libmex:libmex.dll
 0002:00000270       __imp_mexMakeArrayPersistent 0000000180036270     libmex:libmex.dll
 0002:00000278       \177libmex_NULL_THUNK_DATA 0000000180036278     libmex:libmex.dll
[...]
 0001:0000aad0       sf_mex_check_complex       000000018000bad0 f   sfc_mex:sfc_mex.obj
 0001:0000ab60       sf_mex_check_sparse        000000018000bb60 f   sfc_mex:sfc_mex.obj
 0001:0000abc0       sf_mex_check_numerictype   000000018000bbc0 f   sfc_mex:sfc_mex.obj
 0001:0000ad50       sf_mex_check_fimath        000000018000bd50 f   sfc_mex:sfc_mex.obj
 0001:0000b8b0       size_mismatch_error        000000018000c8b0 f   sfc_mex:sfc_mex.obj
 0001:0000c320       check_array_dimensions     000000018000d320 f   sfc_mex:sfc_mex.obj
 0001:0000c390       check_input_mxarray        000000018000d390 f   sfc_mex:sfc_mex.obj
 0001:0000cad0       sf_numeric_value_to_double 000000018000dad0 f   sfc_mex:sfc_mex.obj
 0001:0000cb20       ml_generic_out_of_bounds_check 000000018000db20 f   sfc_mex:sfc_mex.obj
 0001:0000cce0       ml_get_element_value_from_array 000000018000dce0 f   sfc_mex:sfc_mex.obj
 0001:0000d080       _ml_generic_castability_check 000000018000e080 f   sfc_mex:sfc_mex.obj
 0001:0000d7d0       ml_generic_castability_check 000000018000e7d0 f   sfc_mex:sfc_mex.obj
 0001:0000d870       ml_check_mx_array_for_single_castability 000000018000e870 f   sfc_mex:sfc_mex.obj
 0001:0000d910       ml_check_mx_array_for_logical_castability 000000018000e910 f   sfc_mex:sfc_mex.obj
 0001:0000d9b0       ml_check_mx_array_for_int8_castability 000000018000e9b0 f   sfc_mex:sfc_mex.obj
 0001:0000da60       ml_check_mx_array_for_uint8_castability 000000018000ea60 f   sfc_mex:sfc_mex.obj
 0001:0000dac0       ml_check_mx_array_for_int16_castability 000000018000eac0 f   sfc_mex:sfc_mex.obj
 0001:0000db20       ml_check_mx_array_for_uint16_castability 000000018000eb20 f   sfc_mex:sfc_mex.obj
 0001:0000db80       ml_check_mx_array_for_int32_castability 000000018000eb80 f   sfc_mex:sfc_mex.obj
 0001:0000dbe0       ml_check_mx_array_for_uint32_castability 000000018000ebe0 f   sfc_mex:sfc_mex.obj
 0001:0000dc40       ml_check_mx_array_for_castability 000000018000ec40 f   sfc_mex:sfc_mex.obj
 0001:0000e460       set_data_value             000000018000f460 f   sfc_mex:sfc_mex.obj
 0001:0000e7d0       get_data_value             000000018000f7d0 f   sfc_mex:sfc_mex.obj
 0001:0000e8e0       get_next_element_address   000000018000f8e0 f   sfc_mex:sfc_mex.obj
 0001:0000e9b0       sf_normalize_index         000000018000f9b0 f   sfc_mex:sfc_mex.obj
 0001:0000ed60       ml_array_index_bound_check 000000018000fd60 f   sfc_mex:sfc_mex.obj
 0001:0000f8e0       mx_value                   00000001800108e0 f   sfc_mex:sfc_mex.obj
 0001:0000f930       sf_create_numeric_array    0000000180010930 f   sfc_mex:sfc_mex.obj
 0001:0000f9d0       sf_mex_assign_to_mx_array  00000001800109d0 f   sfc_mex:sfc_mex.obj
 0001:0000fd40       assign_from_mx_array       0000000180010d40 f   sfc_mex:sfc_mex.obj
 0001:000104a0       sf_mex_import_v            00000001800114a0 f   sfc_mex:sfc_mex.obj
 0001:00010bb0       get_machine_and_chart_file_number 0000000180011bb0 f   sfc_mex:sfc_sf.obj
 0001:00010ca0       get_sfun_block_specialization 0000000180011ca0 f   sfc_mex:sfc_sf.obj
 0001:00010d50       call_sf_machine_global_method_dispatcher 0000000180011d50 f   sfc_mex:sfc_sf.obj
 0001:00010fa0       mdl_zeroCrossings_processing 0000000180011fa0 f   sfc_mex:sfc_sf.obj
 0001:00011080       mdl_derivatives_processing 0000000180012080 f   sfc_mex:sfc_sf.obj
 0001:00011360       mdl_outputs_continuous_legacy 0000000180012360 f   sfc_mex:sfc_sf.obj
 0001:000113e0       mdl_outputs_processing     00000001800123e0 f   sfc_mex:sfc_sf.obj
 0001:00011650       mdl_enable_processing      0000000180012650 f   sfc_mex:sfc_sf.obj
 0001:00011730       mdl_disable_processing     0000000180012730 f   sfc_mex:sfc_sf.obj
 0001:000125c0       sf_call_output_fcn_enable_disable 00000001800135c0 f   sfc_mex:sfc_sf.obj
 0001:00012840       set_dwork_information_from_mx_array 0000000180013840 f   sfc_mex:sfc_sf.obj
 0001:00013130       ptr2mxStruct               0000000180014130 f   sfc_mex:sfc_sf.obj
 0001:00013440       SNPRINTF_WRAPPER           0000000180014440 f   sfc_debug:sfcdebug.obj
 0001:00013470       sf_debug_chart_instance_initialized 0000000180014470 f   sfc_debug:sfcdebug.obj
 0001:00013610       sfrtAddSize                0000000180014610 f   sfc_debug:sfcdebug.obj
 0001:000136d0       sfrtGenSizeString          00000001800146d0 f   sfc_debug:sfcdebug.obj
 0001:00013e20       fill_single_message_info   0000000180014e20 f   sfc_debug:sfcdebug.obj
 0001:000140a0       sf_debug_sim_status_listener 00000001800150a0 f   sfc_debug:sfcdebug.obj
 0001:00014630       sf_debug_form_mask_bits    0000000180015630 f   sfc_debug:sfcdebug.obj
 0001:00014650       sf_debug_form_sf_data_type_offsets 0000000180015650 f   sfc_debug:sfcdebug.obj
 0001:00014710       sf_debug_free_all          0000000180015710 f   sfc_debug:sfcdebug.obj
 0001:000148a0       sf_debug_append_debugger_context 00000001800158a0 f   sfc_debug:sfcdebug.obj
 0001:00014c10       local_strdup               0000000180015c10 f   sfc_debug:sfcdebug.obj
 0001:00015b90       sf_debug_em_terminate      0000000180016b90 f   sfc_debug:sfcdebug.obj
 0001:00015bd0       sf_debug_push_eml_function 0000000180016bd0 f   sfc_debug:sfcdebug.obj
 0001:00015c70       sf_debug_pop_eml_function  0000000180016c70 f   sfc_debug:sfcdebug.obj
 0001:00016910       sf_debug_get_machine_number_from_id_or_name 0000000180017910 f   sfc_debug:sfcdebug.obj
 0001:00016a60       sf_debug_get_chart_number_from_id 0000000180017a60 f   sfc_debug:sfcdebug.obj
 0001:00017840       sf_debug_transfer_control_to_debugger_GUI 0000000180018840 f   sfc_debug:sfcdebug.obj
 0001:000187b0       sf_debug_scripts_rehash    00000001800197b0 f   sfc_debug:sfcdebug.obj
 0001:000189c0       sf_debug_get_script_line_count 00000001800199c0 f   sfc_debug:sfcdebug.obj
 0001:00019410       cv_eml_state_cvId          000000018001a410 f   sfc_debug:sfcdebug.obj
 0001:00019480       cv_eml_trans_cvId          000000018001a480 f   sfc_debug:sfcdebug.obj
 0001:0001a900       sf_debug_data_array_bounds_error 000000018001b900 f   sfc_debug:sfcdebug.obj
 0001:0001acb0       eml_debug_runtime_error_doclink 000000018001bcb0 f   sfc_debug:sfcdebug.obj
 0001:0001ae20       sf_debug_runtime_error     000000018001be20 f   sfc_debug:sfcdebug.obj
 0001:0001ae90       sf_debug_matlab_error      000000018001be90 f   sfc_debug:sfcdebug.obj
 0001:0001b800       sf_debug_data_value_error  000000018001c800 f   sfc_debug:sfcdebug.obj
 0001:0001c0d0       sf_debug_data_loss_error   000000018001d0d0 f   sfc_debug:sfcdebug.obj
 0001:0001cff0       call_cv_range_check        000000018001dff0 f   sfc_debug:sfcdebug.obj
 0001:0001d850       sf_debug_invoke_cycle_detection_code 000000018001e850 f   sfc_debug:sfcdebug.obj
 0001:0001e3c0       sf_reset_debug_info_struct 000000018001f3c0 f   sfc_debug:sfcdebug.obj
 0001:0001ebb0       cv_script_cvId             000000018001fbb0 f   sfc_debug:sfcdebug.obj
 0001:0001fd70       sfc_api_chart_visible      0000000180020d70 f   sfc_debug:sfc_api.obj
 0001:0001fe00       sfc_api_active_instance    0000000180020e00 f   sfc_debug:sfc_api.obj
 0001:0001fe90       sfc_api_machine_load       0000000180020e90 f   sfc_debug:sfc_api.obj
 0001:0001ff80       sfc_api_debugger_alive     0000000180020f80 f   sfc_debug:sfc_api.obj
 0001:0001ff90       sfc_api_go                 0000000180020f90 f   sfc_debug:sfc_api.obj
 0001:0001ffa0       sfc_api_step_over          0000000180020fa0 f   sfc_debug:sfc_api.obj
 0001:0001ffb0       sfc_api_step_out           0000000180020fb0 f   sfc_debug:sfc_api.obj
 0001:0001ffc0       sfc_api_resume             0000000180020fc0 f   sfc_debug:sfc_api.obj
 0001:0001ffd0       sfc_api_break              0000000180020fd0 f   sfc_debug:sfc_api.obj
 0001:0001ffe0       sfc_api_stop_debugging     0000000180020fe0 f   sfc_debug:sfc_api.obj
 0001:00020040       sfc_api_is_cycle_detected  0000000180021040 f   sfc_debug:sfc_api.obj
 0001:000200a0       sfc_api_is_array_bounds_detected 00000001800210a0 f   sfc_debug:sfc_api.obj
 0001:00020100       sfc_api_set_disable_all_breakpoints 0000000180021100 f   sfc_debug:sfc_api.obj
 0001:00020180       sfc_api_disable_all_breakpoints_and_go 0000000180021180 f   sfc_debug:sfc_api.obj
 0001:00020190       sfc_api_close              0000000180021190 f   sfc_debug:sfc_api.obj
 0001:000201a0       sfc_api_browse_data        00000001800211a0 f   sfc_debug:sfc_api.obj
 0001:00020220       sfc_api_watch_data         0000000180021220 f   sfc_debug:sfc_api.obj
 0001:00020330       sfc_api_extract_message_post_receive_info 0000000180021330 f   sfc_debug:sfc_api.obj
 0001:00020350       sfc_api_assign_data        0000000180021350 f   sfc_debug:sfc_api.obj
 0001:00020400       sfc_api_whos               0000000180021400 f   sfc_debug:sfc_api.obj
 0001:00020490       sfc_api_get_consistency_info 0000000180021490 f   sfc_debug:sfc_api.obj
 0001:000204a0       sfc_api_browse_trace       00000001800214a0 f   sfc_debug:sfc_api.obj
 0001:000204b0       sfc_api_break_on_chart_entry 00000001800214b0 f   sfc_debug:sfc_api.obj
 0001:000204e0       sfc_api_break_on_event_broadcast 00000001800214e0 f   sfc_debug:sfc_api.obj
 0001:00020510       sfc_api_break_on_state_entry 0000000180021510 f   sfc_debug:sfc_api.obj
 0001:00020540       sfc_api_set_watch          0000000180021540 f   sfc_debug:sfc_api.obj
 0001:000205f0       sfc_api_set_breakpoints    00000001800215f0 f   sfc_debug:sfc_api.obj
 0001:000206b0       sfc_api_set_eml_breakpoints 00000001800216b0 f   sfc_debug:sfc_api.obj
 0001:00020750       sfc_api_set_script_breakpoints 0000000180021750 f   sfc_debug:sfc_api.obj
 0001:000207b0       sfc_api_add_script_breakpoints 00000001800217b0 f   sfc_debug:sfc_api.obj
 0001:00020810       sfc_api_clear_script_breakpoints 0000000180021810 f   sfc_debug:sfc_api.obj
 0001:00020870       sfc_api_query_script_breakpoints 0000000180021870 f   sfc_debug:sfc_api.obj
 0001:000208e0       sfc_api_get_script_id      00000001800218e0 f   sfc_debug:sfc_api.obj
 0001:000209a0       sfc_api_get_active_states  00000001800219a0 f   sfc_debug:sfc_api.obj
 0001:00020a30       sfc_api_break_between_times 0000000180021a30 f   sfc_debug:sfc_api.obj
 0001:00020aa0       sfc_api_get_instance_handle 0000000180021aa0 f   sfc_debug:sfc_api.obj
 0001:00020b70       sfc_api_set_animation      0000000180021b70 f   sfc_debug:sfc_api.obj
 0001:00020bc0       sfc_api_select_chart       0000000180021bc0 f   sfc_debug:sfc_api.obj
 0001:00020c30       sfc_api_select_charts      0000000180021c30 f   sfc_debug:sfc_api.obj
 0001:00020c60       sfc_api_cycle_detection_check 0000000180021c60 f   sfc_debug:sfc_api.obj
 0001:00020cb0       sfc_api_data_range_check   0000000180021cb0 f   sfc_debug:sfc_api.obj
 0001:00020d00       sfc_api_transition_conflict_check 0000000180021d00 f   sfc_debug:sfc_api.obj
 0001:00020d50       sfc_api_state_consistency_check 0000000180021d50 f   sfc_debug:sfc_api.obj
 0001:00020da0       sfc_api_set_instance_cv_ids 0000000180021da0 f   sfc_debug:sfc_api.obj
 0001:00020ed0       sfc_api_set_script_cv_ids  0000000180021ed0 f   sfc_debug:sfc_api.obj
 0001:00020fa0       sfc_api_get_current_machine_id 0000000180021fa0 f   sfc_debug:sfc_api.obj
 0001:00020fd0       sfc_api_get_current_machine_number 0000000180021fd0 f   sfc_debug:sfc_api.obj
 0001:00021000       sfc_api_get_current_chart_number 0000000180022000 f   sfc_debug:sfc_api.obj
 0001:00021030       sfc_api_get_current_instance_number 0000000180022030 f   sfc_debug:sfc_api.obj
 0001:00021060       sfc_api_get_current_instance_handle 0000000180022060 f   sfc_debug:sfc_api.obj
 0001:00021080       sfc_api_get_current_is_minor_time_step 0000000180022080 f   sfc_debug:sfc_api.obj
 0001:000210b0       sfc_api_get_current_machine_name 00000001800220b0 f   sfc_debug:sfc_api.obj
 0001:000210d0       sfc_api_get_current_chart_id 00000001800220d0 f   sfc_debug:sfc_api.obj
 0001:00021100       sfc_api_get_current_object_type 0000000180022100 f   sfc_debug:sfc_api.obj
 0001:00021130       sfc_api_get_current_event_type 0000000180022130 f   sfc_debug:sfc_api.obj
 0001:00021160       sfc_api_get_current_object_id 0000000180022160 f   sfc_debug:sfc_api.obj
 0001:00021190       sfc_get_current_active_event_type 0000000180022190 f   sfc_debug:sfc_api.obj
 0001:000211c0       sfc_api_get_current_active_event_id 00000001800221c0 f   sfc_debug:sfc_api.obj
 0001:000211f0       sfc_api_get_current_simulation_time 00000001800221f0 f   sfc_debug:sfc_api.obj
 0001:00021210       sfc_get_current_tag_type   0000000180022210 f   sfc_debug:sfc_api.obj
 0001:00021240       sfc_get_current_coverage_percentage 0000000180022240 f   sfc_debug:sfc_api.obj
 0001:00021260       sfc_get_current_statement_context 0000000180022260 f   sfc_debug:sfc_api.obj
 0001:00021280       sfc_get_current_optional_integer 0000000180022280 f   sfc_debug:sfc_api.obj
 0001:000212b0       sfc_get_current_statement_info 00000001800222b0 f   sfc_debug:sfc_api.obj
 0001:00021350       sfc_api_get                0000000180022350 f   sfc_debug:sfc_api.obj
 0001:00021fb0       sf_debug_sm_fill_state_activity_data 0000000180022fb0 f   sfc_debug:sfdb_animation.obj
 0001:000247f0       void_ptr_stack_vector_free_total 00000001800257f0 f   sfc_debug:sfdb_data_browse.obj
 0001:00024870       sf_debug_st_terminate_machine 0000000180025870 f   sfc_debug:sfdb_data_browse.obj
 0001:000248b0       sf_debug_st_terminate_instance 00000001800258b0 f   sfc_debug:sfdb_data_browse.obj
 0001:00024c60       push_on_to_void_ptr_stack  0000000180025c60 f   sfc_debug:sfdb_data_browse.obj
 0001:00024df0       pop_from_void_ptr_stack    0000000180025df0 f   sfc_debug:sfdb_data_browse.obj
 0001:00024f20       sf_debug_st_get_data_value 0000000180025f20 f   sfc_debug:sfdb_data_browse.obj
 0001:00025450       mx_value                   0000000180026450 f   sfc_debug:sfdb_data_browse.obj
 0001:00025490       sf_debug_st_fill_data_struct 0000000180026490 f   sfc_debug:sfdb_data_browse.obj
 0001:000257d0       data_type_format_strings   00000001800267d0 f   sfc_debug:sfdb_data_browse.obj
 0001:00025880       sf_debug_st_fill_data      0000000180026880 f   sfc_debug:sfdb_data_browse.obj
 0001:00026570       sf_debug_hm_get_simulink_handle 0000000180027570 f   sfc_debug:sfdb_handle_management.obj
 0001:00027020       sf_debug_hm_initialize_globals 0000000180028020 f   sfc_debug:sfdb_handle_management.obj
 0001:00027120       sf_debug_hm_get_machine_debug_flag 0000000180028120 f   sfc_debug:sfdb_handle_management.obj
 0001:00027290       sf_debug_hm_get_machine_id 0000000180028290 f   sfc_debug:sfdb_handle_management.obj
 0001:000273b0       sf_debug_hm_get_chart_id   00000001800283b0 f   sfc_debug:sfdb_handle_management.obj
 0001:00027550       sf_debug_hm_register_executing_SFunction 0000000180028550 f   sfc_debug:sfdb_handle_management.obj
 0001:000278e0       sf_debug_hm_form_object_boolean_properties 00000001800288e0 f   sfc_debug:sfdb_handle_management.obj
 0001:00027bb0       sf_debug_hm_form_object_properties 0000000180028bb0 f   sfc_debug:sfdb_handle_management.obj
 0001:00027df0       sf_debug_hm_terminate_charts 0000000180028df0 f   sfc_debug:sfdb_handle_management.obj
 0001:000284d0       sf_debug_hm_terminate_machines 00000001800294d0 f   sfc_debug:sfdb_handle_management.obj
 0001:00029f40       sf_debug_ss_copy_dimension 000000018002af40 f   sfc_debug:sfdb_symbol_scope.obj
 0001:0002a000       sf_debug_ss_get_number_elements 000000018002b000 f   sfc_debug:sfdb_symbol_scope.obj
 0001:0002a020       sf_debug_ss_fill_data_struct 000000018002b020 f   sfc_debug:sfdb_symbol_scope.obj
 0001:0002a370       sf_debug_ss_reset_data_info 000000018002b370 f   sfc_debug:sfdb_symbol_scope.obj
 0001:0002a3d0       sf_debug_fill_data_info_by_symbol_scope_entry 000000018002b3d0 f   sfc_debug:sfdb_symbol_scope.obj
 0001:0002a490       sf_debug_fill_data_info_by_data_vector 000000018002b490 f   sfc_debug:sfdb_symbol_scope.obj
 0001:0002a6e0       get_data_info_helper       000000018002b6e0 f   sfc_debug:sfdb_symbol_scope.obj
 0001:0002a9d0       sf_debug_ss_get_data_info  000000018002b9d0 f   sfc_debug:sfdb_symbol_scope.obj
 0001:0002abf0       sf_debug_select_mex_function 000000018002bbf0 f   sfc_debug:sfdb_symbol_scope.obj
 0001:0002ac20       sf_debug_is_dyn_matrix_initialized 000000018002bc20 f   sfc_debug:sfdb_symbol_scope.obj
 0001:0002ac40       sf_debug_ss_set_data_value_try 000000018002bc40 f   sfc_debug:sfdb_symbol_scope.obj
 0001:0002ae30       sf_debug_ss_get_data_value 000000018002be30 f   sfc_debug:sfdb_symbol_scope.obj
 0001:0002b590       sf_debug_ss_data_bytes_string 000000018002c590 f   sfc_debug:sfdb_symbol_scope.obj
 0001:0002b620       sf_debug_ss_data_class_string 000000018002c620 f   sfc_debug:sfdb_symbol_scope.obj
 0001:0002b9a0       sf_debug_ss_data_size_string 000000018002c9a0 f   sfc_debug:sfdb_symbol_scope.obj
 0001:0002ba80       sf_debug_ss_data_create_data_info_struct 000000018002ca80 f   sfc_debug:sfdb_symbol_scope.obj
 0001:0002bd30       sf_debug_ss_data_create_name_value_pair 000000018002cd30 f   sfc_debug:sfdb_symbol_scope.obj
 0001:0002bdd0       sf_debug_ss_data_get_whos_info 000000018002cdd0 f   sfc_debug:sfdb_symbol_scope.obj
 0001:0002bde0       same_named_data_in_data_array 000000018002cde0 f   sfc_debug:sfdb_symbol_scope.obj
 0001:0002d570       sf_debug_cc_terminate_chart 000000018002e570 f   sfc_debug:sfdb_coverage.obj
 0001:0002d880       sf_debug_cc_terminate_instance 000000018002e880 f   sfc_debug:sfdb_coverage.obj
 0001:0002e450       sf_debug_cc_mark_object_if_needed 000000018002f450 f   sfc_debug:sfdb_coverage.obj
 0001:0002ecd0       sf_debug_bm_initialize_eml 000000018002fcd0 f   sfc_debug:sfdb_breakpoints.obj
 0001:0002fd90       sf_debug_bm_map_debug_tag_to_breakpoint_tag 0000000180030d90 f   sfc_debug:sfdb_breakpoints.obj
 0001:0002fe70       sf_debug_bm_is_a_eml_breakpoint_impl 0000000180030e70 f   sfc_debug:sfdb_breakpoints.obj
 0001:000317a0       sf_debug_sc_push_on_error_stack 00000001800327a0 f   sfc_debug:sfdb_state_consistency.obj
 0001:000318c0       sf_debug_sc_reset_error_stack 00000001800328c0 f   sfc_debug:sfdb_state_consistency.obj
 0001:00031a50       sf_debug_sc_is_state_inconsistent 0000000180032a50 f   sfc_debug:sfdb_state_consistency.obj
 0001:00031d40       sf_debug_sc_fill_consistency_info 0000000180032d40 f   sfc_debug:sfdb_state_consistency.obj
 0001:000322e0       void_assertion_fcn         00000001800332e0 f   sfc_debug:sfdb_call_stack.obj
 0001:00032830       sf_debug_tm_fill_local_trace 0000000180033830 f   sfc_debug:sfdb_call_stack.obj
 0001:00032dd0       sf_debug_cd_terminate_instance 0000000180033dd0 f   sfc_debug:sfdb_cycle_detection.obj
 0001:00032e30       sf_debug_cd_free_checksum_stack 0000000180033e30 f   sfc_debug:sfdb_cycle_detection.obj
 0001:00032e80       sf_debug_cd_reset_pack_strings 0000000180033e80 f   sfc_debug:sfdb_cycle_detection.obj
 0001:00033520       md5file_clear              0000000180034520 f   sfc_debug:ckmd5.obj
 0001:00033550       Encode                     0000000180034550 f   sfc_debug:ckmd5.obj
 0001:000335a0       Decode                     00000001800345a0 f   sfc_debug:ckmd5.obj
 0001:00033640       MD5Transform               0000000180034640 f   sfc_debug:ckmd5.obj
 0001:00033ea0       md5file_addn               0000000180034ea0 f   sfc_debug:ckmd5.obj
 0001:00033f70       md5file_hash               0000000180034f70 f   sfc_debug:ckmd5.obj
 0001:000344c4       pre_c_init                 00000001800354c4 f   MSVCRT:crtdll.obj
 0001:00034780       __DllMainCRTStartup        0000000180035780 f   MSVCRT:crtdll.obj
 0001:00034e10       __DllMainCRTStartup$filt$0 0000000180035e10 f   MSVCRT:crtdll.obj
 0001:00034e40       __DllMainCRTStartup$fin$1  0000000180035e40 f   MSVCRT:crtdll.obj
 0001:00034e5a       _onexit$fin$0              0000000180035e5a f   MSVCRT:atonexit.obj
 0001:00034e80       _IsNonwritableInCurrentImage$filt$0 0000000180035e80 f   MSVCRT:pesect.obj
